Component: ARM Compiler 5.06 update 7 (build 960) Tool: armlink [4d3601]

==============================================================================

Section Cross References

    startup_stm32f40xx.o(RESET) refers to startup_stm32f40xx.o(STACK) for __initial_sp
    startup_stm32f40xx.o(RESET) refers to startup_stm32f40xx.o(.text) for Reset_Handler
    startup_stm32f40xx.o(RESET) refers to stm32f4xx_it.o(i.NMI_Handler) for NMI_Handler
    startup_stm32f40xx.o(RESET) refers to stm32f4xx_it.o(i.HardFault_Handler) for HardFault_Handler
    startup_stm32f40xx.o(RESET) refers to stm32f4xx_it.o(i.MemManage_Handler) for MemManage_Handler
    startup_stm32f40xx.o(RESET) refers to stm32f4xx_it.o(i.BusFault_Handler) for BusFault_Handler
    startup_stm32f40xx.o(RESET) refers to stm32f4xx_it.o(i.UsageFault_Handler) for UsageFault_Handler
    startup_stm32f40xx.o(RESET) refers to stm32f4xx_it.o(i.SVC_Handler) for SVC_Handler
    startup_stm32f40xx.o(RESET) refers to stm32f4xx_it.o(i.DebugMon_Handler) for DebugMon_Handler
    startup_stm32f40xx.o(RESET) refers to stm32f4xx_it.o(i.PendSV_Handler) for PendSV_Handler
    startup_stm32f40xx.o(RESET) refers to bsp_clock.o(i.SysTick_Handler) for SysTick_Handler
    startup_stm32f40xx.o(RESET) refers to bsp_spi.o(i.DMA1_Stream4_IRQHandler) for DMA1_Stream4_IRQHandler
    startup_stm32f40xx.o(RESET) refers to bsp_timer.o(i.TIM2_IRQHandler) for TIM2_IRQHandler
    startup_stm32f40xx.o(RESET) refers to bsp_uart.o(i.USART1_IRQHandler) for USART1_IRQHandler
    startup_stm32f40xx.o(.text) refers to system_stm32f4xx.o(i.SystemInit) for SystemInit
    startup_stm32f40xx.o(.text) refers to entry.o(.ARM.Collect$$$$00000000) for __main
    system_stm32f4xx.o(i.SystemCoreClockUpdate) refers to system_stm32f4xx.o(.data) for .data
    system_stm32f4xx.o(i.SystemInit) refers to system_stm32f4xx.o(i.SetSysClock) for SetSysClock
    stm32f4xx_adc.o(i.ADC_DeInit) refers to stm32f4xx_rcc.o(i.RCC_APB2PeriphResetCmd) for RCC_APB2PeriphResetCmd
    stm32f4xx_can.o(i.CAN_DeInit) refers to stm32f4xx_rcc.o(i.RCC_APB1PeriphResetCmd) for RCC_APB1PeriphResetCmd
    stm32f4xx_can.o(i.CAN_GetITStatus) refers to stm32f4xx_can.o(i.CheckITStatus) for CheckITStatus
    stm32f4xx_cryp.o(i.CRYP_DeInit) refers to stm32f4xx_rcc.o(i.RCC_AHB2PeriphResetCmd) for RCC_AHB2PeriphResetCmd
    stm32f4xx_cryp_aes.o(i.CRYP_AES_CBC) refers to stm32f4xx_cryp.o(i.CRYP_KeyStructInit) for CRYP_KeyStructInit
    stm32f4xx_cryp_aes.o(i.CRYP_AES_CBC) refers to stm32f4xx_cryp.o(i.CRYP_KeyInit) for CRYP_KeyInit
    stm32f4xx_cryp_aes.o(i.CRYP_AES_CBC) refers to stm32f4xx_cryp.o(i.CRYP_Init) for CRYP_Init
    stm32f4xx_cryp_aes.o(i.CRYP_AES_CBC) refers to stm32f4xx_cryp.o(i.CRYP_IVInit) for CRYP_IVInit
    stm32f4xx_cryp_aes.o(i.CRYP_AES_CBC) refers to stm32f4xx_cryp.o(i.CRYP_FIFOFlush) for CRYP_FIFOFlush
    stm32f4xx_cryp_aes.o(i.CRYP_AES_CBC) refers to stm32f4xx_cryp.o(i.CRYP_Cmd) for CRYP_Cmd
    stm32f4xx_cryp_aes.o(i.CRYP_AES_CBC) refers to stm32f4xx_cryp.o(i.CRYP_GetCmdStatus) for CRYP_GetCmdStatus
    stm32f4xx_cryp_aes.o(i.CRYP_AES_CBC) refers to stm32f4xx_cryp.o(i.CRYP_GetFlagStatus) for CRYP_GetFlagStatus
    stm32f4xx_cryp_aes.o(i.CRYP_AES_CBC) refers to stm32f4xx_cryp.o(i.CRYP_DataIn) for CRYP_DataIn
    stm32f4xx_cryp_aes.o(i.CRYP_AES_CBC) refers to stm32f4xx_cryp.o(i.CRYP_DataOut) for CRYP_DataOut
    stm32f4xx_cryp_aes.o(i.CRYP_AES_CCM) refers to stm32f4xx_cryp.o(i.CRYP_KeyStructInit) for CRYP_KeyStructInit
    stm32f4xx_cryp_aes.o(i.CRYP_AES_CCM) refers to stm32f4xx_cryp.o(i.CRYP_FIFOFlush) for CRYP_FIFOFlush
    stm32f4xx_cryp_aes.o(i.CRYP_AES_CCM) refers to stm32f4xx_cryp.o(i.CRYP_KeyInit) for CRYP_KeyInit
    stm32f4xx_cryp_aes.o(i.CRYP_AES_CCM) refers to stm32f4xx_cryp.o(i.CRYP_IVInit) for CRYP_IVInit
    stm32f4xx_cryp_aes.o(i.CRYP_AES_CCM) refers to stm32f4xx_cryp.o(i.CRYP_Init) for CRYP_Init
    stm32f4xx_cryp_aes.o(i.CRYP_AES_CCM) refers to stm32f4xx_cryp.o(i.CRYP_PhaseConfig) for CRYP_PhaseConfig
    stm32f4xx_cryp_aes.o(i.CRYP_AES_CCM) refers to stm32f4xx_cryp.o(i.CRYP_DataIn) for CRYP_DataIn
    stm32f4xx_cryp_aes.o(i.CRYP_AES_CCM) refers to stm32f4xx_cryp.o(i.CRYP_Cmd) for CRYP_Cmd
    stm32f4xx_cryp_aes.o(i.CRYP_AES_CCM) refers to stm32f4xx_cryp.o(i.CRYP_GetCmdStatus) for CRYP_GetCmdStatus
    stm32f4xx_cryp_aes.o(i.CRYP_AES_CCM) refers to stm32f4xx_cryp.o(i.CRYP_GetFlagStatus) for CRYP_GetFlagStatus
    stm32f4xx_cryp_aes.o(i.CRYP_AES_CCM) refers to stm32f4xx_cryp.o(i.CRYP_DataOut) for CRYP_DataOut
    stm32f4xx_cryp_aes.o(i.CRYP_AES_CTR) refers to stm32f4xx_cryp.o(i.CRYP_KeyStructInit) for CRYP_KeyStructInit
    stm32f4xx_cryp_aes.o(i.CRYP_AES_CTR) refers to stm32f4xx_cryp.o(i.CRYP_KeyInit) for CRYP_KeyInit
    stm32f4xx_cryp_aes.o(i.CRYP_AES_CTR) refers to stm32f4xx_cryp.o(i.CRYP_Init) for CRYP_Init
    stm32f4xx_cryp_aes.o(i.CRYP_AES_CTR) refers to stm32f4xx_cryp.o(i.CRYP_IVInit) for CRYP_IVInit
[...]
    Removing stm32f4xx_tim.o(i.TIM_ETRConfig), (24 bytes).
    Removing stm32f4xx_tim.o(i.TIM_EncoderInterfaceConfig), (50 bytes).
    Removing stm32f4xx_tim.o(i.TIM_ForcedOC1Config), (12 bytes).
    Removing stm32f4xx_tim.o(i.TIM_ForcedOC2Config), (20 bytes).
    Removing stm32f4xx_tim.o(i.TIM_ForcedOC3Config), (12 bytes).
    Removing stm32f4xx_tim.o(i.TIM_ForcedOC4Config), (20 bytes).
    Removing stm32f4xx_tim.o(i.TIM_GenerateEvent), (4 bytes).
    Removing stm32f4xx_tim.o(i.TIM_GetCapture1), (4 bytes).
    Removing stm32f4xx_tim.o(i.TIM_GetCapture2), (4 bytes).
    Removing stm32f4xx_tim.o(i.TIM_GetCapture3), (4 bytes).
    Removing stm32f4xx_tim.o(i.TIM_GetCapture4), (4 bytes).
    Removing stm32f4xx_tim.o(i.TIM_GetCounter), (4 bytes).
    Removing stm32f4xx_tim.o(i.TIM_GetFlagStatus), (14 bytes).
    Removing stm32f4xx_tim.o(i.TIM_GetPrescaler), (4 bytes).
    Removing stm32f4xx_tim.o(i.TIM_ICInit), (98 bytes).
    Removing stm32f4xx_tim.o(i.TIM_ICStructInit), (16 bytes).
    Removing stm32f4xx_tim.o(i.TIM_ITRxExternalClockConfig), (20 bytes).
    Removing stm32f4xx_tim.o(i.TIM_InternalClockConfig), (10 bytes).
    Removing stm32f4xx_tim.o(i.TIM_OC1FastConfig), (12 bytes).
    Removing stm32f4xx_tim.o(i.TIM_OC1Init), (104 bytes).
    Removing stm32f4xx_tim.o(i.TIM_OC1NPolarityConfig), (12 bytes).
    Removing stm32f4xx_tim.o(i.TIM_OC1PolarityConfig), (12 bytes).
    Removing stm32f4xx_tim.o(i.TIM_OC1PreloadConfig), (12 bytes).
    Removing stm32f4xx_tim.o(i.TIM_OC2FastConfig), (20 bytes).
    Removing stm32f4xx_tim.o(i.TIM_OC2Init), (136 bytes).
    Removing stm32f4xx_tim.o(i.TIM_OC2NPolarityConfig), (20 bytes).
    Removing stm32f4xx_tim.o(i.TIM_OC2PolarityConfig), (20 bytes).
    Removing stm32f4xx_tim.o(i.TIM_OC2PreloadConfig), (20 bytes).
    Removing stm32f4xx_tim.o(i.TIM_OC3FastConfig), (12 bytes).
    Removing stm32f4xx_tim.o(i.TIM_OC3Init), (132 bytes).
    Removing stm32f4xx_tim.o(i.TIM_OC3NPolarityConfig), (20 bytes).
    Removing stm32f4xx_tim.o(i.TIM_OC3PolarityConfig), (20 bytes).
    Removing stm32f4xx_tim.o(i.TIM_OC3PreloadConfig), (12 bytes).
    Removing stm32f4xx_tim.o(i.TIM_OC4FastConfig), (20 bytes).
    Removing stm32f4xx_tim.o(i.TIM_OC4Init), (100 bytes).
    Removing stm32f4xx_tim.o(i.TIM_OC4PolarityConfig), (20 bytes).
    Removing stm32f4xx_tim.o(i.TIM_OC4PreloadConfig), (20 bytes).
    Removing stm32f4xx_tim.o(i.TIM_OCStructInit), (20 bytes).
    Removing stm32f4xx_tim.o(i.TIM_PWMIConfig), (110 bytes).
    Removing stm32f4xx_tim.o(i.TIM_PrescalerConfig), (6 bytes).
    Removing stm32f4xx_tim.o(i.TIM_RemapConfig), (6 bytes).
    Removing stm32f4xx_tim.o(i.TIM_SelectCCDMA), (24 bytes).
    Removing stm32f4xx_tim.o(i.TIM_SelectCOM), (24 bytes).
    Removing stm32f4xx_tim.o(i.TIM_SelectHallSensor), (24 bytes).
    Removing stm32f4xx_tim.o(i.TIM_SelectInputTrigger), (12 bytes).
    Removing stm32f4xx_tim.o(i.TIM_SelectMasterSlaveMode), (16 bytes).
    Removing stm32f4xx_tim.o(i.TIM_SelectOCxM), (80 bytes).
    Removing stm32f4xx_tim.o(i.TIM_SelectOnePulseMode), (16 bytes).
    Removing stm32f4xx_tim.o(i.TIM_SelectOutputTrigger), (16 bytes).
    Removing stm32f4xx_tim.o(i.TIM_SelectSlaveMode), (16 bytes).
    Removing stm32f4xx_tim.o(i.TIM_SetAutoreload), (4 bytes).
    Removing stm32f4xx_tim.o(i.TIM_SetClockDivision), (16 bytes).
    Removing stm32f4xx_tim.o(i.TIM_SetCompare1), (4 bytes).
    Removing stm32f4xx_tim.o(i.TIM_SetCompare2), (4 bytes).
    Removing stm32f4xx_tim.o(i.TIM_SetCompare3), (4 bytes).
    Removing stm32f4xx_tim.o(i.TIM_SetCompare4), (4 bytes).
    Removing stm32f4xx_tim.o(i.TIM_SetIC1Prescaler), (16 bytes).
    Removing stm32f4xx_tim.o(i.TIM_SetIC2Prescaler), (24 bytes).
    Removing stm32f4xx_tim.o(i.TIM_SetIC3Prescaler), (16 bytes).
    Removing stm32f4xx_tim.o(i.TIM_SetIC4Prescaler), (24 bytes).
    Removing stm32f4xx_tim.o(i.TIM_TIxExternalClockConfig), (48 bytes).
    Removing stm32f4xx_tim.o(i.TIM_TimeBaseStructInit), (18 bytes).
    Removing stm32f4xx_tim.o(i.TIM_UpdateDisableConfig), (24 bytes).
    Removing stm32f4xx_tim.o(i.TIM_UpdateRequestConfig), (24 bytes).
    Removing stm32f4xx_usart.o(.rev16_text), (4 bytes).
    Removing stm32f4xx_usart.o(.revsh_text), (4 bytes).
    Removing stm32f4xx_usart.o(.rrx_text), (6 bytes).
    Removing stm32f4xx_usart.o(i.USART_ClearFlag), (8 bytes).
    Removing stm32f4xx_usart.o(i.USART_ClearITPendingBit), (16 bytes).
    Removing stm32f4xx_usart.o(i.USART_ClockInit), (28 bytes).
    Removing stm32f4xx_usart.o(i.USART_ClockStructInit), (12 bytes).
    Removing stm32f4xx_usart.o(i.USART_DMACmd), (20 bytes).
    Removing stm32f4xx_usart.o(i.USART_DeInit), (256 bytes).
    Removing stm32f4xx_usart.o(i.USART_HalfDuplexCmd), (24 bytes).
    Removing stm32f4xx_usart.o(i.USART_IrDACmd), (24 bytes).
    Removing stm32f4xx_usart.o(i.USART_IrDAConfig), (16 bytes).
    Removing stm32f4xx_usart.o(i.USART_LINBreakDetectLengthConfig), (16 bytes).
    Removing stm32f4xx_usart.o(i.USART_LINCmd), (24 bytes).
    Removing stm32f4xx_usart.o(i.USART_OneBitMethodCmd), (24 bytes).
    Removing stm32f4xx_usart.o(i.USART_OverSampling8Cmd), (24 bytes).
    Removing stm32f4xx_usart.o(i.USART_ReceiverWakeUpCmd), (24 bytes).
    Removing stm32f4xx_usart.o(i.USART_SendBreak), (10 bytes).
    Removing stm32f4xx_usart.o(i.USART_SetAddress), (16 bytes).
    Removing stm32f4xx_usart.o(i.USART_SetGuardTime), (16 bytes).
    Removing stm32f4xx_usart.o(i.USART_SetPrescaler), (16 bytes).
    Removing stm32f4xx_usart.o(i.USART_SmartCardCmd), (24 bytes).
    Removing stm32f4xx_usart.o(i.USART_SmartCardNACKCmd), (24 bytes).
    Removing stm32f4xx_usart.o(i.USART_StructInit), (22 bytes).
    Removing stm32f4xx_usart.o(i.USART_WakeUpConfig), (16 bytes).
    Removing stm32f4xx_wwdg.o(.rev16_text), (4 bytes).
    Removing stm32f4xx_wwdg.o(.revsh_text), (4 bytes).
    Removing stm32f4xx_wwdg.o(.rrx_text), (6 bytes).
    Removing stm32f4xx_wwdg.o(i.WWDG_ClearFlag), (12 bytes).
    Removing stm32f4xx_wwdg.o(i.WWDG_DeInit), (24 bytes).
    Removing stm32f4xx_wwdg.o(i.WWDG_Enable), (16 bytes).
    Removing stm32f4xx_wwdg.o(i.WWDG_EnableIT), (12 bytes).
    Removing stm32f4xx_wwdg.o(i.WWDG_GetFlagStatus), (20 bytes).
    Removing stm32f4xx_wwdg.o(i.WWDG_SetCounter), (16 bytes).
    Removing stm32f4xx_wwdg.o(i.WWDG_SetPrescaler), (20 bytes).
    Removing stm32f4xx_wwdg.o(i.WWDG_SetWindowValue), (32 bytes).
    Removing main.o(.rev16_text), (4 bytes).
    Removing main.o(.revsh_text), (4 bytes).
    Removing main.o(.rrx_text), (6 bytes).
    Removing stm32f4xx_it.o(.rev16_text), (4 bytes).
    Removing stm32f4xx_it.o(.revsh_text), (4 bytes).
    Removing stm32f4xx_it.o(.rrx_text), (6 bytes).
    Removing bsp_beep.o(.rev16_text), (4 bytes).
    Removing bsp_beep.o(.revsh_text), (4 bytes).
    Removing bsp_beep.o(.rrx_text), (6 bytes).
    Removing bsp_clock.o(.rev16_text), (4 bytes).
    Removing bsp_clock.o(.revsh_text), (4 bytes).
    Removing bsp_clock.o(.rrx_text), (6 bytes).
    Removing bsp_uart.o(.rev16_text), (4 bytes).
    Removing bsp_uart.o(.revsh_text), (4 bytes).
    Removing bsp_uart.o(.rrx_text), (6 bytes).
    Removing bsp_uart.o(i.BSP_UART_Printf), (46 bytes).
    Removing bsp_uart.o(i.BSP_UART_PutByte), (12 bytes).
    Removing bsp_uart.o(i.BSP_UART_RX_Avail), (28 bytes).
    Removing bsp_uart.o(i.BSP_UART_TX_Flush), (12 bytes).
    Removing bsp_spi.o(.rev16_text), (4 bytes).
    Removing bsp_spi.o(.revsh_text), (4 bytes).
    Removing bsp_spi.o(.rrx_text), (6 bytes).
    Removing bsp_timer.o(.rev16_text), (4 bytes).
    Removing bsp_timer.o(.revsh_text), (4 bytes).
    Removing bsp_timer.o(.rrx_text), (6 bytes).
    Removing bsp_timer.o(i.BSP_Timer_AddRequest), (32 bytes).
    Removing bsp_timer.o(i.BSP_Timer_GetDropped), (12 bytes).
    Removing bsp_timer.o(i.BSP_Timer_IsRunning), (12 bytes).
    Removing sim.o(.rev16_text), (4 bytes).
    Removing sim.o(.revsh_text), (4 bytes).
    Removing sim.o(.rrx_text), (6 bytes).
    Removing app.o(.rev16_text), (4 bytes).
    Removing app.o(.revsh_text), (4 bytes).
    Removing app.o(.rrx_text), (6 bytes).
    Removing dadd.o(.text), (334 bytes).
    Removing dmul.o(.text), (228 bytes).
    Removing ddiv.o(.text), (222 bytes).
    Removing dfixul.o(.text), (48 bytes).
    Removing cdrcmple.o(.text), (48 bytes).
    Removing depilogue.o(.text), (186 bytes).

760 unused section(s) (total 27960 bytes) removed from the image.

==============================================================================

Image Symbol Table

    Local Symbols

    Symbol Name                              Value     Ov Type        Size  Object(Section)

    ../clib/microlib/division.c              0x00000000   Number         0  uldiv.o ABSOLUTE
    ../clib/microlib/division.c              0x00000000   Number         0  uidiv.o ABSOLUTE
    ../clib/microlib/errno.c                 0x00000000   Number         0  errno.o ABSOLUTE
    ../clib/microlib/init/entry.s            0x00000000   Number         0  entry7b.o ABSOLUTE
    ../clib/microlib/init/entry.s            0x00000000   Number         0  entry12b.o ABSOLUTE
    ../clib/microlib/init/entry.s            0x00000000   Number         0  entry7a.o ABSOLUTE
    ../clib/microlib/init/entry.s            0x00000000   Number         0  entry8a.o ABSOLUTE
    ../clib/microlib/init/entry.s            0x00000000   Number         0  entry2.o ABSOLUTE
    ../clib/microlib/init/entry.s            0x00000000   Number         0  entry12a.o ABSOLUTE
    ../clib/microlib/init/entry.s            0x00000000   Number         0  entry11b.o ABSOLUTE
    ../clib/microlib/init/entry.s            0x00000000   Number         0  entry11a.o ABSOLUTE
    ../clib/microlib/init/entry.s            0x00000000   Number         0  entry10b.o ABSOLUTE
    ../clib/microlib/init/entry.s            0x00000000   Number         0  entry.o ABSOLUTE
    ../clib/microlib/init/entry.s            0x00000000   Number         0  entry10a.o ABSOLUTE
    ../clib/microlib/init/entry.s            0x00000000   Number         0  entry9b.o ABSOLUTE
    ../clib/microlib/init/entry.s            0x00000000   Number         0  entry9a.o ABSOLUTE
    ../clib/microlib/init/entry.s            0x00000000   Number         0  entry8b.o ABSOLUTE
    ../clib/microlib/init/entry.s            0x00000000   Number         0  entry5.o ABSOLUTE
    ../clib/microlib/longlong.c              0x00000000   Number         0  llshl.o ABSOLUTE
    ../clib/microlib/longlong.c              0x00000000   Number         0  llushr.o ABSOLUTE
    ../clib/microlib/longlong.c              0x00000000   Number         0  llsshr.o ABSOLUTE
    ../clib/microlib/printf/printf.c         0x00000000   Number         0  printfa.o ABSOLUTE
    ../clib/microlib/stdio/fputc.c           0x00000000   Number         0  fputc.o ABSOLUTE
    ../clib/microlib/stdio/semi.s            0x00000000   Number         0  semi.o ABSOLUTE
    ../clib/microlib/stdio/streams.c         0x00000000   Number         0  stdout.o ABSOLUTE
    ../clib/microlib/string/memcpy.c         0x00000000   Number         0  memcpya.o ABSOLUTE
    ../clib/microlib/string/memcpy.c         0x00000000   Number         0  memcpyb.o ABSOLUTE
    ../clib/microlib/stubs.s                 0x00000000   Number         0  iusefp.o ABSOLUTE
    ../clib/microlib/stubs.s                 0x00000000   Number         0  iusesemip.o ABSOLUTE
    ../fplib/microlib/fpadd.c                0x00000000   Number         0  dadd.o ABSOLUTE
    ../fplib/microlib/fpdiv.c                0x00000000   Number         0  ddiv.o ABSOLUTE
    ../fplib/microlib/fpepilogue.c           0x00000000   Number         0  depilogue.o ABSOLUTE
    ../fplib/microlib/fpfix.c                0x00000000   Number         0  dfixul.o ABSOLUTE
    ../fplib/microlib/fpmul.c                0x00000000   Number         0  dmul.o ABSOLUTE
    ../mathlib/atan2f.c                      0x00000000   Number         0  atan2f_x.o ABSOLUTE
    ../mathlib/atan2f.c                      0x00000000   Number         0  atan2f.o ABSOLUTE
    ../mathlib/cosf.c                        0x00000000   Number         0  cosf.o ABSOLUTE
    ../mathlib/cosf.c                        0x00000000   Number         0  cosf_x.o ABSOLUTE
    ../mathlib/fpclassifyf.c                 0x00000000   Number         0  fpclassifyf.o ABSOLUTE
    ../mathlib/funder.c                      0x00000000   Number         0  funder.o ABSOLUTE
    ../mathlib/log10f.c                      0x00000000   Number         0  log10f_x.o ABSOLUTE
    ../mathlib/log10f.c                      0x00000000   Number         0  log10f.o ABSOLUTE
    ../mathlib/logf.c                        0x00000000   Number         0  logf_x.o ABSOLUTE
    ../mathlib/logf.c                        0x00000000   Number         0  logf.o ABSOLUTE
    ../mathlib/rredf.c                       0x00000000   Number         0  rredf.o ABSOLUTE
    ../mathlib/sqrtf.c                       0x00000000   Number         0  sqrtf.o ABSOLUTE
    ../mathlib/sqrtf.c                       0x00000000   Number         0  sqrtf_x.o ABSOLUTE
    ..\..\Libraries\CMSIS\Device\ST\STM32F4xx\Source\Templates\arm\startup_stm32f40xx.s 0x00000000   Number         0  startup_stm32f40xx.o ABSOLUTE
    ..\..\Libraries\CMSIS\Device\ST\STM32F4xx\Source\Templates\system_stm32f4xx.c 0x00000000   Number         0  system_stm32f4xx.o ABSOLUTE
    ..\..\Libraries\STM32F4xx_StdPeriph_Driver\src\misc.c 0x00000000   Number         0  misc.o ABSOLUTE
    ..\..\Libraries\STM32F4xx_StdPeriph_Driver\src\stm32f4xx_adc.c 0x00000000   Number         0  stm32f4xx_adc.o ABSOLUTE
    ..\..\Libraries\STM32F4xx_StdPeriph_Driver\src\stm32f4xx_can.c 0x00000000   Number         0  stm32f4xx_can.o ABSOLUTE
    ..\..\Libraries\STM32F4xx_StdPeriph_Driver\src\stm32f4xx_cec.c 0x00000000   Number         0  stm32f4xx_cec.o ABSOLUTE
    ..\..\Libraries\STM32F4xx_StdPeriph_Driver\src\stm32f4xx_crc.c 0x00000000   Number         0  stm32f4xx_crc.o ABSOLUTE
    ..\..\Libraries\STM32F4xx_StdPeriph_Driver\src\stm32f4xx_cryp.c 0x00000000   Number         0  stm32f4xx_cryp.o ABSOLUTE
    ..\..\Libraries\STM32F4xx_StdPeriph_Driver\src\stm32f4xx_cryp_aes.c 0x00000000   Number         0  stm32f4xx_cryp_aes.o ABSOLUTE
    ..\..\Libraries\STM32F4xx_StdPeriph_Driver\src\stm32f4xx_cryp_des.c 0x00000000   Number         0  stm32f4xx_cryp_des.o ABSOLUTE
    ..\..\Libraries\STM32F4xx_StdPeriph_Driver\src\stm32f4xx_cryp_tdes.c 0x00000000   Number         0  stm32f4xx_cryp_tdes.o ABSOLUTE
    ..\..\Libraries\STM32F4xx_StdPeriph_Driver\src\stm32f4xx_dac.c 0x00000000   Number         0  stm32f4xx_dac.o ABSOLUTE
    ..\..\Libraries\STM32F4xx_StdPeriph_Driver\src\stm32f4xx_dbgmcu.c 0x00000000   Number         0  stm32f4xx_dbgmcu.o ABSOLUTE
    ..\..\Libraries\STM32F4xx_StdPeriph_Driver\src\stm32f4xx_dcmi.c 0x00000000   Number         0  stm32f4xx_dcmi.o ABSOLUTE
    ..\..\Libraries\STM32F4xx_StdPeriph_Driver\src\stm32f4xx_dma.c 0x00000000   Number         0  stm32f4xx_dma.o ABSOLUTE
    ..\..\Libraries\STM32F4xx_StdPeriph_Driver\src\stm32f4xx_exti.c 0x00000000   Number         0  stm32f4xx_exti.o ABSOLUTE
    ..\..\Libraries\STM32F4xx_StdPeriph_Driver\src\stm32f4xx_flash.c 0x00000000   Number         0  stm32f4xx_flash.o ABSOLUTE
    ..\..\Libraries\STM32F4xx_StdPeriph_Driver\src\stm32f4xx_flash_ramfunc.c 0x00000000   Number         0  stm32f4xx_flash_ramfunc.o ABSOLUTE
    ..\..\Libraries\STM32F4xx_StdPeriph_Driver\src\stm32f4xx_fmpi2c.c 0x00000000   Number         0  stm32f4xx_fmpi2c.o ABSOLUTE
    ..\..\Libraries\STM32F4xx_StdPeriph_Driver\src\stm32f4xx_fsmc.c 0x00000000   Number         0  stm32f4xx_fsmc.o ABSOLUTE
    ..\..\Libraries\STM32F4xx_StdPeriph_Driver\src\stm32f4xx_gpio.c 0x00000000   Number         0  stm32f4xx_gpio.o ABSOLUTE
    ..\..\Libraries\STM32F4xx_StdPeriph_Driver\src\stm32f4xx_hash.c 0x00000000   Number         0  stm32f4xx_hash.o ABSOLUTE
    ..\..\Libraries\STM32F4xx_StdPeriph_Driver\src\stm32f4xx_hash_md5.c 0x00000000   Number         0  stm32f4xx_hash_md5.o ABSOLUTE
    ..\..\Libraries\STM32F4xx_StdPeriph_Driver\src\stm32f4xx_hash_sha1.c 0x00000000   Number         0  stm32f4xx_hash_sha1.o ABSOLUTE
    ..\..\Libraries\STM32F4xx_StdPeriph_Driver\src\stm32f4xx_i2c.c 0x00000000   Number         0  stm32f4xx_i2c.o ABSOLUTE
    ..\..\Libraries\STM32F4xx_StdPeriph_Driver\src\stm32f4xx_iwdg.c 0x00000000   Number         0  stm32f4xx_iwdg.o ABSOLUTE
    ..\..\Libraries\STM32F4xx_StdPeriph_Driver\src\stm32f4xx_pwr.c 0x00000000   Number         0  stm32f4xx_pwr.o ABSOLUTE
    ..\..\Libraries\STM32F4xx_StdPeriph_Driver\src\stm32f4xx_qspi.c 0x00000000   Number         0  stm32f4xx_qspi.o ABSOLUTE
    ..\..\Libraries\STM32F4xx_StdPeriph_Driver\src\stm32f4xx_rcc.c 0x00000000   Number         0  stm32f4xx_rcc.o ABSOLUTE
    ..\..\Libraries\STM32F4xx_StdPeriph_Driver\src\stm32f4xx_rng.c 0x00000000   Number         0  stm32f4xx_rng.o ABSOLUTE
    ..\..\Libraries\STM32F4xx_StdPeriph_Driver\src\stm32f4xx_rtc.c 0x00000000   Number         0  stm32f4xx_rtc.o ABSOLUTE
    ..\..\Libraries\STM32F4xx_StdPeriph_Driver\src\stm32f4xx_sai.c 0x00000000   Number         0  stm32f4xx_sai.o ABSOLUTE
    ..\..\Libraries\STM32F4xx_StdPeriph_Driver\src\stm32f4xx_sdio.c 0x00000000   Number         0  stm32f4xx_sdio.o ABSOLUTE
    ..\..\Libraries\STM32F4xx_StdPeriph_Driver\src\stm32f4xx_spdifrx.c 0x00000000   Number         0  stm32f4xx_spdifrx.o ABSOLUTE
    ..\..\Libraries\STM32F4xx_StdPeriph_Driver\src\stm32f4xx_spi.c 0x00000000   Number         0  stm32f4xx_spi.o ABSOLUTE
    ..\..\Libraries\STM32F4xx_StdPeriph_Driver\src\stm32f4xx_syscfg.c 0x00000000   Number         0  stm32f4xx_syscfg.o ABSOLUTE
    ..\..\Libraries\STM32F4xx_StdPeriph_Driver\src\stm32f4xx_tim.c 0x00000000   Number         0  stm32f4xx_tim.o ABSOLUTE
    ..\..\Libraries\STM32F4xx_StdPeriph_Driver\src\stm32f4xx_usart.c 0x00000000   Number         0  stm32f4xx_usart.o ABSOLUTE
    ..\..\Libraries\STM32F4xx_StdPeriph_Driver\src\stm32f4xx_wwdg.c 0x00000000   Number         0  stm32f4xx_wwdg.o ABSOLUTE
    ..\..\User\app\app.c                     0x00000000   Number         0  app.o ABSOLUTE
    ..\..\User\beep\bsp_beep.c               0x00000000   Number         0  bsp_beep.o ABSOLUTE
    ..\..\User\bsp\bsp_clock.c               0x00000000   Number         0  bsp_clock.o ABSOLUTE
    ..\..\User\bsp\bsp_spi.c                 0x00000000   Number         0  bsp_spi.o ABSOLUTE
    ..\..\User\bsp\bsp_timer.c               0x00000000   Number         0  bsp_timer.o ABSOLUTE
    ..\..\User\bsp\bsp_uart.c                0x00000000   Number         0  bsp_uart.o ABSOLUTE
    ..\..\User\main.c                        0x00000000   Number         0  main.o ABSOLUTE
    ..\..\User\proto\proto.c                 0x00000000   Number         0  proto.o ABSOLUTE
    ..\..\User\sim\sim.c                     0x00000000   Number         0  sim.o ABSOLUTE
    ..\..\User\stm32f4xx_it.c                0x00000000   Number         0  stm32f4xx_it.o ABSOLUTE
    ..\\..\\Libraries\\CMSIS\\Device\\ST\\STM32F4xx\\Source\\Templates\\system_stm32f4xx.c 0x00000000   Number         0  system_stm32f4xx.o ABSOLUTE
    ..\\..\\Libraries\\STM32F4xx_StdPeriph_Driver\\src\\misc.c 0x00000000   Number         0  misc.o ABSOLUTE
    ..\\..\\Libraries\\STM32F4xx_StdPeriph_Driver\\src\\stm32f4xx_adc.c 0x00000000   Number         0  stm32f4xx_adc.o ABSOLUTE
    ..\\..\\Libraries\\STM32F4xx_StdPeriph_Driver\\src\\stm32f4xx_can.c 0x00000000   Number         0  stm32f4xx_can.o ABSOLUTE
    ..\\..\\Libraries\\STM32F4xx_StdPeriph_Driver\\src\\stm32f4xx_cec.c 0x00000000   Number         0  stm32f4xx_cec.o ABSOLUTE
    ..\\..\\Libraries\\STM32F4xx_StdPeriph_Driver\\src\\stm32f4xx_crc.c 0x00000000   Number         0  stm32f4xx_crc.o ABSOLUTE
    ..\\..\\Libraries\\STM32F4xx_StdPeriph_Driver\\src\\stm32f4xx_cryp.c 0x00000000   Number         0  stm32f4xx_cryp.o ABSOLUTE
    ..\\..\\Libraries\\STM32F4xx_StdPeriph_Driver\\src\\stm32f4xx_cryp_aes.c 0x00000000   Number         0  stm32f4xx_cryp_aes.o ABSOLUTE
    ..\\..\\Libraries\\STM32F4xx_StdPeriph_Driver\\src\\stm32f4xx_cryp_des.c 0x00000000   Number         0  stm32f4xx_cryp_des.o ABSOLUTE
    ..\\..\\Libraries\\STM32F4xx_StdPeriph_Driver\\src\\stm32f4xx_cryp_tdes.c 0x00000000   Number         0  stm32f4xx_cryp_tdes.o ABSOLUTE
    ..\\..\\Libraries\\STM32F4xx_StdPeriph_Driver\\src\\stm32f4xx_dac.c 0x00000000   Number         0  stm32f4xx_dac.o ABSOLUTE
    ..\\..\\Libraries\\STM32F4xx_StdPeriph_Driver\\src\\stm32f4xx_dbgmcu.c 0x00000000   Number         0  stm32f4xx_dbgmcu.o ABSOLUTE
    ..\\..\\Libraries\\STM32F4xx_StdPeriph_Driver\\src\\stm32f4xx_dcmi.c 0x00000000   Number         0  stm32f4xx_dcmi.o ABSOLUTE
    ..\\..\\Libraries\\STM32F4xx_StdPeriph_Driver\\src\\stm32f4xx_dma.c 0x00000000   Number         0  stm32f4xx_dma.o ABSOLUTE
    ..\\..\\Libraries\\STM32F4xx_StdPeriph_Driver\\src\\stm32f4xx_exti.c 0x00000000   Number         0  stm32f4xx_exti.o ABSOLUTE
    ..\\..\\Libraries\\STM32F4xx_StdPeriph_Driver\\src\\stm32f4xx_flash.c 0x00000000   Number         0  stm32f4xx_flash.o ABSOLUTE
    ..\\..\\Libraries\\STM32F4xx_StdPeriph_Driver\\src\\stm32f4xx_flash_ramfunc.c 0x00000000   Number         0  stm32f4xx_flash_ramfunc.o ABSOLUTE
    ..\\..\\Libraries\\STM32F4xx_StdPeriph_Driver\\src\\stm32f4xx_fmpi2c.c 0x00000000   Number         0  stm32f4xx_fmpi2c.o ABSOLUTE
    ..\\..\\Libraries\\STM32F4xx_StdPeriph_Driver\\src\\stm32f4xx_fsmc.c 0x00000000   Number         0  stm32f4xx_fsmc.o ABSOLUTE
    ..\\..\\Libraries\\STM32F4xx_StdPeriph_Driver\\src\\stm32f4xx_gpio.c 0x00000000   Number         0  stm32f4xx_gpio.o ABSOLUTE
    ..\\..\\Libraries\\STM32F4xx_StdPeriph_Driver\\src\\stm32f4xx_hash.c 0x00000000   Number         0  stm32f4xx_hash.o ABSOLUTE
    ..\\..\\Libraries\\STM32F4xx_StdPeriph_Driver\\src\\stm32f4xx_hash_md5.c 0x00000000   Number         0  stm32f4xx_hash_md5.o ABSOLUTE
    ..\\..\\Libraries\\STM32F4xx_StdPeriph_Driver\\src\\stm32f4xx_hash_sha1.c 0x00000000   Number         0  stm32f4xx_hash_sha1.o ABSOLUTE
    ..\\..\\Libraries\\STM32F4xx_StdPeriph_Driver\\src\\stm32f4xx_i2c.c 0x00000000   Number         0  stm32f4xx_i2c.o ABSOLUTE
    ..\\..\\Libraries\\STM32F4xx_StdPeriph_Driver\\src\\stm32f4xx_iwdg.c 0x00000000   Number         0  stm32f4xx_iwdg.o ABSOLUTE
    ..\\..\\Libraries\\STM32F4xx_StdPeriph_Driver\\src\\stm32f4xx_pwr.c 0x00000000   Number         0  stm32f4xx_pwr.o ABSOLUTE
    ..\\..\\Libraries\\STM32F4xx_StdPeriph_Driver\\src\\stm32f4xx_qspi.c 0x00000000   Number         0  stm32f4xx_qspi.o ABSOLUTE
    ..\\..\\Libraries\\STM32F4xx_StdPeriph_Driver\\src\\stm32f4xx_rcc.c 0x00000000   Number         0  stm32f4xx_rcc.o ABSOLUTE
    ..\\..\\Libraries\\STM32F4xx_StdPeriph_Driver\\src\\stm32f4xx_rng.c 0x00000000   Number         0  stm32f4xx_rng.o ABSOLUTE
    ..\\..\\Libraries\\STM32F4xx_StdPeriph_Driver\\src\\stm32f4xx_rtc.c 0x00000000   Number         0  stm32f4xx_rtc.o ABSOLUTE
    ..\\..\\Libraries\\STM32F4xx_StdPeriph_Driver\\src\\stm32f4xx_sai.c 0x00000000   Number         0  stm32f4xx_sai.o ABSOLUTE
    ..\\..\\Libraries\\STM32F4xx_StdPeriph_Driver\\src\\stm32f4xx_sdio.c 0x00000000   Number         0  stm32f4xx_sdio.o ABSOLUTE
    ..\\..\\Libraries\\STM32F4xx_StdPeriph_Driver\\src\\stm32f4xx_spdifrx.c 0x00000000   Number         0  stm32f4xx_spdifrx.o ABSOLUTE
    ..\\..\\Libraries\\STM32F4xx_StdPeriph_Driver\\src\\stm32f4xx_spi.c 0x00000000   Number         0  stm32f4xx_spi.o ABSOLUTE
    ..\\..\\Libraries\\STM32F4xx_StdPeriph_Driver\\src\\stm32f4xx_syscfg.c 0x00000000   Number         0  stm32f4xx_syscfg.o ABSOLUTE
    ..\\..\\Libraries\\STM32F4xx_StdPeriph_Driver\\src\\stm32f4xx_tim.c 0x00000000   Number         0  stm32f4xx_tim.o ABSOLUTE
    ..\\..\\Libraries\\STM32F4xx_StdPeriph_Driver\\src\\stm32f4xx_usart.c 0x00000000   Number         0  stm32f4xx_usart.o ABSOLUTE
    ..\\..\\Libraries\\STM32F4xx_StdPeriph_Driver\\src\\stm32f4xx_wwdg.c 0x00000000   Number         0  stm32f4xx_wwdg.o ABSOLUTE
    ..\\..\\User\\app\\app.c                 0x00000000   Number         0  app.o ABSOLUTE
    ..\\..\\User\\beep\\bsp_beep.c           0x00000000   Number         0  bsp_beep.o ABSOLUTE
    ..\\..\\User\\bsp\\bsp_clock.c           0x00000000   Number         0  bsp_clock.o ABSOLUTE
    ..\\..\\User\\bsp\\bsp_spi.c             0x00000000   Number         0  bsp_spi.o ABSOLUTE
    ..\\..\\User\\bsp\\bsp_timer.c           0x00000000   Number         0  bsp_timer.o ABSOLUTE
    ..\\..\\User\\bsp\\bsp_uart.c            0x00000000   Number         0  bsp_uart.o ABSOLUTE
    ..\\..\\User\\main.c                     0x00000000   Number         0  main.o ABSOLUTE
    ..\\..\\User\\sim\\sim.c                 0x00000000   Number         0  sim.o ABSOLUTE
    ..\\..\\User\\stm32f4xx_it.c             0x00000000   Number         0  stm32f4xx_it.o ABSOLUTE
    cdrcmple.s                               0x00000000   Number         0  cdrcmple.o ABSOLUTE
    dc.s                                     0x00000000   Number         0  dc.o ABSOLUTE
    handlers.s                               0x00000000   Number         0  handlers.o ABSOLUTE
    init.s                                   0x00000000   Number         0  init.o ABSOLUTE
    RESET                                    0x08000000   Section      392  startup_stm32f40xx.o(RESET)
    .ARM.Collect$$$$00000000                 0x08000188   Section        0  entry.o(.ARM.Collect$$$$00000000)
    .ARM.Collect$$$$00000001                 0x08000188   Section        4  entry2.o(.ARM.Collect$$$$00000001)
    .ARM.Collect$$$$00000004                 0x0800018c   Section        4  entry5.o(.ARM.Collect$$$$00000004)
    .ARM.Collect$$$$00000008                 0x08000190   Section        0  entry7b.o(.ARM.Collect$$$$00000008)
    .ARM.Collect$$$$0000000A                 0x08000190   Section        0  entry8b.o(.ARM.Collect$$$$0000000A)
    .ARM.Collect$$$$0000000B                 0x08000190   Section        8  entry9a.o(.ARM.Collect$$$$0000000B)
    .ARM.Collect$$$$0000000E                 0x08000198   Section        4  entry12b.o(.ARM.Collect$$$$0000000E)
    .ARM.Collect$$$$0000000F                 0x0800019c   Section        0  entry10a.o(.ARM.Collect$$$$0000000F)
    .ARM.Collect$$$$00000011                 0x0800019c   Section        0  entry11a.o(.ARM.Collect$$$$00000011)
    .ARM.Collect$$$$00002712                 0x0800019c   Section        4  entry2.o(.ARM.Collect$$$$00002712)
    __lit__00000000                          0x0800019c   Data           4  entry2.o(.ARM.Collect$$$$00002712)
    .text                                    0x080001a0   Section       36  startup_stm32f40xx.o(.text)
    $v0                                      0x080001a0   Number         0  startup_stm32f40xx.o(.text)
    .text                                    0x080001c4   Section        0  memcpya.o(.text)
    .text                                    0x080001e8   Section       36  init.o(.text)
    .text                                    0x080001e8   Section        0  iusefp.o(.text)
    i.APP_Init                               0x0800020c   Section        0  app.o(i.APP_Init)
    i.APP_Step                               0x08000270   Section        0  app.o(i.APP_Step)
    i.BEEP_GPIO_Config                       0x08000298   Section        0  bsp_beep.o(i.BEEP_GPIO_Config)
    i.BSP_Clock_Init                         0x080002d4   Section        0  bsp_clock.o(i.BSP_Clock_Init)
    i.BSP_DelayMs                            0x08000358   Section        0  bsp_clock.o(i.BSP_DelayMs)
    i.BSP_Micros                             0x08000370   Section        0  bsp_clock.o(i.BSP_Micros)
    i.BSP_Millis                             0x080003b8   Section        0  bsp_clock.o(i.BSP_Millis)
    i.BSP_SPI_Arm                            0x080003c4   Section        0  bsp_spi.o(i.BSP_SPI_Arm)
    i.BSP_SPI_GetXferCount                   0x080003fc   Section        0  bsp_spi.o(i.BSP_SPI_GetXferCount)
    i.BSP_SPI_Init                           0x08000408   Section        0  bsp_spi.o(i.BSP_SPI_Init)
    i.BSP_SysTick_Init                       0x08000540   Section        0  bsp_clock.o(i.BSP_SysTick_Init)
    i.BSP_Timer_Init                         0x08000574   Section        0  bsp_timer.o(i.BSP_Timer_Init)
    i.BSP_Timer_SetRate                      0x08000594   Section        0  bsp_timer.o(i.BSP_Timer_SetRate)
    i.BSP_Timer_Start                        0x080005f8   Section        0  bsp_timer.o(i.BSP_Timer_Start)
    i.BSP_Timer_Stop                         0x08000620   Section        0  bsp_timer.o(i.BSP_Timer_Stop)
    i.BSP_Timer_TakeRequests                 0x0800063c   Section        0  bsp_timer.o(i.BSP_Timer_TakeRequests)
    i.BSP_UART_GetByte                       0x08000650   Section        0  bsp_uart.o(i.BSP_UART_GetByte)
    i.BSP_UART_Init                          0x08000684   Section        0  bsp_uart.o(i.BSP_UART_Init)
    i.BSP_UART_Send                          0x08000740   Section        0  bsp_uart.o(i.BSP_UART_Send)
    i.BSP_UART_TX_Avail                      0x0800078c   Section        0  bsp_uart.o(i.BSP_UART_TX_Avail)
    i.BusFault_Handler                       0x080007a8   Section        0  stm32f4xx_it.o(i.BusFault_Handler)
    i.DMA1_Stream4_IRQHandler                0x080007ac   Section        0  bsp_spi.o(i.DMA1_Stream4_IRQHandler)
    i.DMA_ClearITPendingBit                  0x08000818   Section        0  stm32f4xx_dma.o(i.DMA_ClearITPendingBit)
    i.DMA_Cmd                                0x08000844   Section        0  stm32f4xx_dma.o(i.DMA_Cmd)
    i.DMA_DeInit                             0x0800085c   Section        0  stm32f4xx_dma.o(i.DMA_DeInit)
    i.DMA_GetCmdStatus                       0x08000988   Section        0  stm32f4xx_dma.o(i.DMA_GetCmdStatus)
    i.DMA_GetITStatus                        0x08000998   Section        0  stm32f4xx_dma.o(i.DMA_GetITStatus)
    i.DMA_ITConfig                           0x080009ec   Section        0  stm32f4xx_dma.o(i.DMA_ITConfig)
    i.DMA_Init                               0x08000a20   Section        0  stm32f4xx_dma.o(i.DMA_Init)
    i.DMA_SetCurrDataCounter                 0x08000a74   Section        0  stm32f4xx_dma.o(i.DMA_SetCurrDataCounter)
    i.DebugMon_Handler                       0x08000a78   Section        0  stm32f4xx_it.o(i.DebugMon_Handler)
    i.FLASH_DataCacheCmd                     0x08000a7c   Section        0  stm32f4xx_flash.o(i.FLASH_DataCacheCmd)
    i.FLASH_InstructionCacheCmd              0x08000a9c   Section        0  stm32f4xx_flash.o(i.FLASH_InstructionCacheCmd)
    i.FLASH_PrefetchBufferCmd                0x08000abc   Section        0  stm32f4xx_flash.o(i.FLASH_PrefetchBufferCmd)
    i.FLASH_SetLatency                       0x08000adc   Section        0  stm32f4xx_flash.o(i.FLASH_SetLatency)
    i.GPIO_Init                              0x08000ae8   Section        0  stm32f4xx_gpio.o(i.GPIO_Init)
    i.GPIO_PinAFConfig                       0x08000b64   Section        0  stm32f4xx_gpio.o(i.GPIO_PinAFConfig)
    i.GPIO_ResetBits                         0x08000b84   Section        0  stm32f4xx_gpio.o(i.GPIO_ResetBits)
    i.HardFault_Handler                      0x08000b88   Section        0  stm32f4xx_it.o(i.HardFault_Handler)
    i.MemManage_Handler                      0x08000b8a   Section        0  stm32f4xx_it.o(i.MemManage_Handler)
    i.NMI_Handler                            0x08000b8c   Section        0  stm32f4xx_it.o(i.NMI_Handler)
    i.NVIC_Init                              0x08000b90   Section        0  misc.o(i.NVIC_Init)
    i.PendSV_Handler                         0x08000bf8   Section        0  stm32f4xx_it.o(i.PendSV_Handler)
    i.Proto_BuildFrame                       0x08000bfa   Section        0  proto.o(i.Proto_BuildFrame)
    i.Proto_CRC16                            0x08000c72   Section        0  proto.o(i.Proto_CRC16)
    i.RCC_AHB1PeriphClockCmd                 0x08000cac   Section        0  stm32f4xx_rcc.o(i.RCC_AHB1PeriphClockCmd)
    i.RCC_APB1PeriphClockCmd                 0x08000cc8   Section        0  stm32f4xx_rcc.o(i.RCC_APB1PeriphClockCmd)
    i.RCC_APB1PeriphResetCmd                 0x08000ce4   Section        0  stm32f4xx_rcc.o(i.RCC_APB1PeriphResetCmd)
    i.RCC_APB2PeriphClockCmd                 0x08000d00   Section        0  stm32f4xx_rcc.o(i.RCC_APB2PeriphClockCmd)
    i.RCC_APB2PeriphResetCmd                 0x08000d1c   Section        0  stm32f4xx_rcc.o(i.RCC_APB2PeriphResetCmd)
    i.RCC_DeInit                             0x08000d38   Section        0  stm32f4xx_rcc.o(i.RCC_DeInit)
    i.RCC_GetClocksFreq                      0x08000d8c   Section        0  stm32f4xx_rcc.o(i.RCC_GetClocksFreq)
    i.RCC_GetFlagStatus                      0x08000e30   Section        0  stm32f4xx_rcc.o(i.RCC_GetFlagStatus)
    i.RCC_GetSYSCLKSource                    0x08000e68   Section        0  stm32f4xx_rcc.o(i.RCC_GetSYSCLKSource)
    i.RCC_HCLKConfig                         0x08000e78   Section        0  stm32f4xx_rcc.o(i.RCC_HCLKConfig)
    i.RCC_HSICmd                             0x08000e8c   Section        0  stm32f4xx_rcc.o(i.RCC_HSICmd)
    i.RCC_PCLK1Config                        0x08000e98   Section        0  stm32f4xx_rcc.o(i.RCC_PCLK1Config)
    i.RCC_PCLK2Config                        0x08000eac   Section        0  stm32f4xx_rcc.o(i.RCC_PCLK2Config)
    i.RCC_PLLCmd                             0x08000ec0   Section        0  stm32f4xx_rcc.o(i.RCC_PLLCmd)
    i.RCC_PLLConfig                          0x08000ecc   Section        0  stm32f4xx_rcc.o(i.RCC_PLLConfig)
    i.RCC_SYSCLKConfig                       0x08000ef0   Section        0  stm32f4xx_rcc.o(i.RCC_SYSCLKConfig)
    i.SIM_ApplyConfig                        0x08000f04   Section        0  sim.o(i.SIM_ApplyConfig)
    i.SIM_GetLiveFrame                       0x08000f54   Section        0  sim.o(i.SIM_GetLiveFrame)
    i.SIM_GetTruth                           0x08000f70   Section        0  sim.o(i.SIM_GetTruth)
    i.SIM_Init                               0x08000f90   Section        0  sim.o(i.SIM_Init)
    i.SIM_Reset                              0x08000fd0   Section        0  sim.o(i.SIM_Reset)
    i.SIM_Step                               0x08000ff4   Section        0  sim.o(i.SIM_Step)
    i.SPI_Cmd                                0x08001290   Section        0  stm32f4xx_spi.o(i.SPI_Cmd)
    i.SPI_I2S_DMACmd                         0x080012a8   Section        0  stm32f4xx_spi.o(i.SPI_I2S_DMACmd)
    i.SPI_I2S_ReceiveData                    0x080012bc   Section        0  stm32f4xx_spi.o(i.SPI_I2S_ReceiveData)
    i.SPI_Init                               0x080012c0   Section        0  stm32f4xx_spi.o(i.SPI_Init)
    i.SVC_Handler                            0x080012f8   Section        0  stm32f4xx_it.o(i.SVC_Handler)
    i.SetSysClock                            0x080012fc   Section        0  system_stm32f4xx.o(i.SetSysClock)
    SetSysClock                              0x080012fd   Thumb Code   168  system_stm32f4xx.o(i.SetSysClock)
    i.SpiFrame_Finalize                      0x080013b4   Section        0  proto.o(i.SpiFrame_Finalize)
    i.SysTick_Handler                        0x080013c8   Section        0  bsp_clock.o(i.SysTick_Handler)
    i.SystemInit                             0x080013d8   Section        0  system_stm32f4xx.o(i.SystemInit)
    i.TIM2_IRQHandler                        0x08001434   Section        0  bsp_timer.o(i.TIM2_IRQHandler)
    i.TIM_ClearFlag                          0x08001470   Section        0  stm32f4xx_tim.o(i.TIM_ClearFlag)
    i.TIM_ClearITPendingBit                  0x08001476   Section        0  stm32f4xx_tim.o(i.TIM_ClearITPendingBit)
    i.TIM_Cmd                                0x0800147c   Section        0  stm32f4xx_tim.o(i.TIM_Cmd)
    i.TIM_DeInit                             0x08001494   Section        0  stm32f4xx_tim.o(i.TIM_DeInit)
    i.TIM_GetITStatus                        0x08001640   Section        0  stm32f4xx_tim.o(i.TIM_GetITStatus)
    i.TIM_ITConfig                           0x08001658   Section        0  stm32f4xx_tim.o(i.TIM_ITConfig)
    i.TIM_SetCounter                         0x0800166c   Section        0  stm32f4xx_tim.o(i.TIM_SetCounter)
    i.TIM_TimeBaseInit                       0x08001670   Section        0  stm32f4xx_tim.o(i.TIM_TimeBaseInit)
    i.USART1_IRQHandler                      0x080016ec   Section        0  bsp_uart.o(i.USART1_IRQHandler)
    i.USART_Cmd                              0x08001780   Section        0  stm32f4xx_usart.o(i.USART_Cmd)
    i.USART_GetFlagStatus                    0x08001798   Section        0  stm32f4xx_usart.o(i.USART_GetFlagStatus)
    i.USART_GetITStatus                      0x080017a6   Section        0  stm32f4xx_usart.o(i.USART_GetITStatus)
    i.USART_ITConfig                         0x080017e6   Section        0  stm32f4xx_usart.o(i.USART_ITConfig)
    i.USART_Init                             0x0800181c   Section        0  stm32f4xx_usart.o(i.USART_Init)
    i.USART_ReceiveData                      0x080018d8   Section        0  stm32f4xx_usart.o(i.USART_ReceiveData)
    i.USART_SendData                         0x080018e0   Section        0  stm32f4xx_usart.o(i.USART_SendData)
    i.UsageFault_Handler                     0x080018e8   Section        0  stm32f4xx_it.o(i.UsageFault_Handler)
    i.__ARM_fpclassifyf                      0x080018ea   Section        0  fpclassifyf.o(i.__ARM_fpclassifyf)
    i.__hardfp_atan2f                        0x08001910   Section        0  atan2f.o(i.__hardfp_atan2f)
    i.__hardfp_cosf                          0x08001bbc   Section        0  cosf.o(i.__hardfp_cosf)
    i.__hardfp_log10f                        0x08001d0c   Section        0  log10f.o(i.__hardfp_log10f)
    i.__hardfp_logf                          0x08001e8c   Section        0  logf.o(i.__hardfp_logf)
    i.__hardfp_sqrtf                         0x08001ff8   Section        0  sqrtf.o(i.__hardfp_sqrtf)
    i.__mathlib_flt_divzero                  0x08002034   Section        0  funder.o(i.__mathlib_flt_divzero)
    i.__mathlib_flt_infnan                   0x08002048   Section        0  funder.o(i.__mathlib_flt_infnan)
    i.__mathlib_flt_infnan2                  0x0800204e   Section        0  funder.o(i.__mathlib_flt_infnan2)
    i.__mathlib_flt_invalid                  0x08002054   Section        0  funder.o(i.__mathlib_flt_invalid)
    i.__mathlib_flt_underflow                0x08002064   Section        0  funder.o(i.__mathlib_flt_underflow)
    i.__mathlib_rredf2                       0x08002074   Section        0  rredf.o(i.__mathlib_rredf2)
    i.__scatterload_copy                     0x080021c8   Section       14  handlers.o(i.__scatterload_copy)
    i.__scatterload_null                     0x080021d6   Section        2  handlers.o(i.__scatterload_null)
    i.__scatterload_zeroinit                 0x080021d8   Section       14  handlers.o(i.__scatterload_zeroinit)
    i.__set_errno                            0x080021e8   Section        0  errno.o(i.__set_errno)
    i.advance_target                         0x080021f4   Section        0  sim.o(i.advance_target)
    advance_target                           0x080021f5   Thumb Code   202  sim.o(i.advance_target)
    i.cfg_load_default                       0x080022d8   Section        0  app.o(i.cfg_load_default)
    cfg_load_default                         0x080022d9   Thumb Code    48  app.o(i.cfg_load_default)
    i.dispatch_cmd                           0x08002318   Section        0  app.o(i.dispatch_cmd)
    dispatch_cmd                             0x08002319   Thumb Code   344  app.o(i.dispatch_cmd)
    i.frand                                  0x08002484   Section        0  sim.o(i.frand)
    frand                                    0x08002485   Thumb Code    26  sim.o(i.frand)
    i.gauss                                  0x080024a4   Section        0  sim.o(i.gauss)
    gauss                                    0x080024a5   Thumb Code    82  sim.o(i.gauss)
    i.main                                   0x08002504   Section        0  main.o(i.main)
    i.process_running                        0x08002528   Section        0  app.o(i.process_running)
    process_running                          0x08002529   Thumb Code    90  app.o(i.process_running)
    i.ring_next                              0x0800258c   Section        0  bsp_uart.o(i.ring_next)
    ring_next                                0x0800258d   Thumb Code    16  bsp_uart.o(i.ring_next)
    i.rx_feed                                0x0800259c   Section        0  app.o(i.rx_feed)
    rx_feed                                  0x0800259d   Thumb Code   344  app.o(i.rx_feed)
    i.rx_reset                               0x08002708   Section        0  app.o(i.rx_reset)
    rx_reset                                 0x08002709   Thumb Code     8  app.o(i.rx_reset)
    i.scene_init                             0x08002714   Section        0  sim.o(i.scene_init)
    scene_init                               0x08002715   Thumb Code   146  sim.o(i.scene_init)
    i.send_ack                               0x080027c4   Section        0  app.o(i.send_ack)
    send_ack                                 0x080027c5   Thumb Code    56  app.o(i.send_ack)
    i.send_frame                             0x08002800   Section        0  app.o(i.send_frame)
    send_frame                               0x08002801   Thumb Code    64  app.o(i.send_frame)
    i.send_status                            0x08002848   Section        0  app.o(i.send_status)
    send_status                              0x08002849   Thumb Code    98  app.o(i.send_status)
    i.uart_kick_tx                           0x080028b8   Section        0  bsp_uart.o(i.uart_kick_tx)
    uart_kick_tx                             0x080028b9   Thumb Code    12  bsp_uart.o(i.uart_kick_tx)
    i.xorshift32                             0x080028c8   Section        0  sim.o(i.xorshift32)
    xorshift32                               0x080028c9   Thumb Code    20  sim.o(i.xorshift32)
    .constdata                               0x080028e0   Section       60  sim.o(.constdata)
    ANC_X                                    0x080028e0   Data          20  sim.o(.constdata)
    ANC_Y                                    0x080028f4   Data          20  sim.o(.constdata)
    ANC_Z                                    0x08002908   Data          20  sim.o(.constdata)
    .constdata                               0x0800291c   Section       64  log10f.o(.constdata)
    logahi                                   0x0800291c   Data          32  log10f.o(.constdata)
    logalo                                   0x0800293c   Data          32  log10f.o(.constdata)
    .constdata                               0x0800295c   Section       64  logf.o(.constdata)
    logahi                                   0x0800295c   Data          32  logf.o(.constdata)
    logalo                                   0x0800297c   Data          32  logf.o(.constdata)
    .constdata                               0x0800299c   Section       32  rredf.o(.constdata)
    twooverpi                                0x0800299c   Data          32  rredf.o(.constdata)
    .data                                    0x20000000   Section       20  system_stm32f4xx.o(.data)
    .data                                    0x20000014   Section       16  stm32f4xx_rcc.o(.data)
    APBAHBPrescTable                         0x20000014   Data          16  stm32f4xx_rcc.o(.data)
    .data                                    0x20000024   Section        4  bsp_clock.o(.data)
    .data                                    0x20000028   Section        4  bsp_spi.o(.data)
    g_xfer_count                             0x20000028   Data           4  bsp_spi.o(.data)
    .data                                    0x2000002c   Section       12  bsp_timer.o(.data)
    g_running                                0x2000002c   Data           1  bsp_timer.o(.data)
    g_pending                                0x2000002e   Data           2  bsp_timer.o(.data)
    g_dropped                                0x20000030   Data           4  bsp_timer.o(.data)
    g_cur_rate_hz                            0x20000034   Data           4  bsp_timer.o(.data)
    .data                                    0x20000038   Section       20  sim.o(.data)
    g_write                                  0x20000038   Data           1  sim.o(.data)
    g_live                                   0x20000039   Data           1  sim.o(.data)
    g_frame_count                            0x2000003a   Data           1  sim.o(.data)
    g_scene                                  0x2000003b   Data           1  sim.o(.data)
    g_enable                                 0x2000003c   Data           1  sim.o(.data)
    g_seq                                    0x2000003e   Data           2  sim.o(.data)
    g_last_us                                0x20000040   Data           4  sim.o(.data)
    prng_state                               0x20000044   Data           4  sim.o(.data)
    g_rate                                   0x20000048   Data           4  sim.o(.data)
    .data                                    0x2000004c   Section       36  app.o(.data)
    s_running                                0x2000004c   Data           1  app.o(.data)
    ps                                       0x2000004d   Data           1  app.o(.data)
    rx_type                                  0x2000004e   Data           1  app.o(.data)
    s_data_seq                               0x20000050   Data           2  app.o(.data)
    s_telemetry_skip                         0x20000052   Data           2  app.o(.data)
    rx_len                                   0x20000054   Data           2  app.o(.data)
    rx_seq                                   0x20000056   Data           2  app.o(.data)
    rx_pl_idx                                0x20000058   Data           2  app.o(.data)
    rx_crc                                   0x2000005a   Data           2  app.o(.data)
    s_frame_count                            0x2000005c   Data           4  app.o(.data)
    s_uart_overrun                           0x20000060   Data           4  app.o(.data)
    s_crc_errors                             0x20000064   Data           4  app.o(.data)
    s_cmd_count                              0x20000068   Data           4  app.o(.data)
    rx_ts                                    0x2000006c   Data           4  app.o(.data)
    .data                                    0x20000070   Section        4  errno.o(.data)
    _errno                                   0x20000070   Data           4  errno.o(.data)
    .bss                                     0x20000074   Section     2056  bsp_uart.o(.bss)
    tx_ring                                  0x20000074   Data        1028  bsp_uart.o(.bss)
    rx_ring                                  0x20000478   Data        1028  bsp_uart.o(.bss)
    .bss                                     0x2000087c   Section      388  sim.o(.bss)
    g_t                                      0x2000087c   Data          24  sim.o(.bss)
    g_buf                                    0x20000894   Data         364  sim.o(.bss)
    .bss                                     0x20000a00   Section     1369  app.o(.bss)
    outbuf                                   0x20000a00   Data         269  app.o(.bss)
    outbuf                                   0x20000b0d   Data         269  app.o(.bss)
    outbuf                                   0x20000c1a   Data         269  app.o(.bss)
    tmp                                      0x20000d27   Data         265  app.o(.bss)
    s_cfg                                    0x20000e30   Data          32  app.o(.bss)
    rx_payload                               0x20000e50   Data         256  app.o(.bss)
    rx_hdrbuf                                0x20000f50   Data           9  app.o(.bss)
    STACK                                    0x20000f60   Section     1024  startup_stm32f40xx.o(STACK)

    Global Symbols

    Symbol Name                              Value     Ov Type        Size  Object(Section)

    BuildAttributes$$THM_ISAv4$E$P$D$K$B$S$7EM$VFPi3$EXTD16$VFPS$VFMA$PE$A:L22UL41UL21$X:L11$S22US41US21$IEEE1$IW$USESV6$~STKCKD$USESV7$~SHL$OTIME$ROPI$IEEEX$EBA8$MICROLIB$REQ8$PRES8$EABIv2 0x00000000   Number         0  anon$$obj.o ABSOLUTE
    __ARM_use_no_argv                        0x00000000   Number         0  main.o ABSOLUTE
    __arm_fini_                               - Undefined Weak Reference
    __cpp_initialize__aeabi_                  - Undefined Weak Reference
    __cxa_finalize                            - Undefined Weak Reference
    __decompress                              - Undefined Weak Reference
    _clock_init                               - Undefined Weak Reference
    _microlib_exit                            - Undefined Weak Reference
    __Vectors_Size                           0x00000188   Number         0  startup_stm32f40xx.o ABSOLUTE
    __Vectors                                0x08000000   Data           4  startup_stm32f40xx.o(RESET)
    __Vectors_End                            0x08000188   Data           0  startup_stm32f40xx.o(RESET)
    __main                                   0x08000189   Thumb Code     0  entry.o(.ARM.Collect$$$$00000000)
    _main_stk                                0x08000189   Thumb Code     0  entry2.o(.ARM.Collect$$$$00000001)
    _main_scatterload                        0x0800018d   Thumb Code     0  entry5.o(.ARM.Collect$$$$00000004)
    __main_after_scatterload                 0x08000191   Thumb Code     0  entry5.o(.ARM.Collect$$$$00000004)
    _main_clock                              0x08000191   Thumb Code     0  entry7b.o(.ARM.Collect$$$$00000008)
    _main_cpp_init                           0x08000191   Thumb Code     0  entry8b.o(.ARM.Collect$$$$0000000A)
    _main_init                               0x08000191   Thumb Code     0  entry9a.o(.ARM.Collect$$$$0000000B)
    __rt_lib_shutdown_fini                   0x08000199   Thumb Code     0  entry12b.o(.ARM.Collect$$$$0000000E)
    __rt_final_cpp                           0x0800019d   Thumb Code     0  entry10a.o(.ARM.Collect$$$$0000000F)
    __rt_final_exit                          0x0800019d   Thumb Code     0  entry11a.o(.ARM.Collect$$$$00000011)
    Reset_Handler                            0x080001a1   Thumb Code     8  startup_stm32f40xx.o(.text)
    ADC_IRQHandler                           0x080001bb   Thumb Code     0  startup_stm32f40xx.o(.text)
    CAN1_RX0_IRQHandler                      0x080001bb   Thumb Code     0  startup_stm32f40xx.o(.text)
    CAN1_RX1_IRQHandler                      0x080001bb   Thumb Code     0  startup_stm32f40xx.o(.text)
    CAN1_SCE_IRQHandler                      0x080001bb   Thumb Code     0  startup_stm32f40xx.o(.text)
    CAN1_TX_IRQHandler                       0x080001bb   Thumb Code     0  startup_stm32f40xx.o(.text)
    CAN2_RX0_IRQHandler                      0x080001bb   Thumb Code     0  startup_stm32f40xx.o(.text)
    CAN2_RX1_IRQHandler                      0x080001bb   Thumb Code     0  startup_stm32f40xx.o(.text)
    CAN2_SCE_IRQHandler                      0x080001bb   Thumb Code     0  startup_stm32f40xx.o(.text)
    CAN2_TX_IRQHandler                       0x080001bb   Thumb Code     0  startup_stm32f40xx.o(.text)
    CRYP_IRQHandler                          0x080001bb   Thumb Code     0  startup_stm32f40xx.o(.text)
    DCMI_IRQHandler                          0x080001bb   Thumb Code     0  startup_stm32f40xx.o(.text)
    DMA1_Stream0_IRQHandler                  0x080001bb   Thumb Code     0  startup_stm32f40xx.o(.text)
    DMA1_Stream1_IRQHandler                  0x080001bb   Thumb Code     0  startup_stm32f40xx.o(.text)
    DMA1_Stream2_IRQHandler                  0x080001bb   Thumb Code     0  startup_stm32f40xx.o(.text)
    DMA1_Stream3_IRQHandler                  0x080001bb   Thumb Code     0  startup_stm32f40xx.o(.text)
    DMA1_Stream5_IRQHandler                  0x080001bb   Thumb Code     0  startup_stm32f40xx.o(.text)
    DMA1_Stream6_IRQHandler                  0x080001bb   Thumb Code     0  startup_stm32f40xx.o(.text)
    DMA1_Stream7_IRQHandler                  0x080001bb   Thumb Code     0  startup_stm32f40xx.o(.text)
    DMA2_Stream0_IRQHandler                  0x080001bb   Thumb Code     0  startup_stm32f40xx.o(.text)
    DMA2_Stream1_IRQHandler                  0x080001bb   Thumb Code     0  startup_stm32f40xx.o(.text)
    DMA2_Stream2_IRQHandler                  0x080001bb   Thumb Code     0  startup_stm32f40xx.o(.text)
    DMA2_Stream3_IRQHandler                  0x080001bb   Thumb Code     0  startup_stm32f40xx.o(.text)
    DMA2_Stream4_IRQHandler                  0x080001bb   Thumb Code     0  startup_stm32f40xx.o(.text)
    DMA2_Stream5_IRQHandler                  0x080001bb   Thumb Code     0  startup_stm32f40xx.o(.text)
    DMA2_Stream6_IRQHandler                  0x080001bb   Thumb Code     0  startup_stm32f40xx.o(.text)
    DMA2_Stream7_IRQHandler                  0x080001bb   Thumb Code     0  startup_stm32f40xx.o(.text)
    ETH_IRQHandler                           0x080001bb   Thumb Code     0  startup_stm32f40xx.o(.text)
    ETH_WKUP_IRQHandler                      0x080001bb   Thumb Code     0  startup_stm32f40xx.o(.text)
    EXTI0_IRQHandler                         0x080001bb   Thumb Code     0  startup_stm32f40xx.o(.text)
    EXTI15_10_IRQHandler                     0x080001bb   Thumb Code     0  startup_stm32f40xx.o(.text)
    EXTI1_IRQHandler                         0x080001bb   Thumb Code     0  startup_stm32f40xx.o(.text)
    EXTI2_IRQHandler                         0x080001bb   Thumb Code     0  startup_stm32f40xx.o(.text)
    EXTI3_IRQHandler                         0x080001bb   Thumb Code     0  startup_stm32f40xx.o(.text)
    EXTI4_IRQHandler                         0x080001bb   Thumb Code     0  startup_stm32f40xx.o(.text)
    EXTI9_5_IRQHandler                       0x080001bb   Thumb Code     0  startup_stm32f40xx.o(.text)
    FLASH_IRQHandler                         0x080001bb   Thumb Code     0  startup_stm32f40xx.o(.text)
    FPU_IRQHandler                           0x080001bb   Thumb Code     0  startup_stm32f40xx.o(.text)
    FSMC_IRQHandler                          0x080001bb   Thumb Code     0  startup_stm32f40xx.o(.text)
    HASH_RNG_IRQHandler                      0x080001bb   Thumb Code     0  startup_stm32f40xx.o(.text)
    I2C1_ER_IRQHandler                       0x080001bb   Thumb Code     0  startup_stm32f40xx.o(.text)
    I2C1_EV_IRQHandler                       0x080001bb   Thumb Code     0  startup_stm32f40xx.o(.text)
    I2C2_ER_IRQHandler                       0x080001bb   Thumb Code     0  startup_stm32f40xx.o(.text)
    I2C2_EV_IRQHandler                       0x080001bb   Thumb Code     0  startup_stm32f40xx.o(.text)
    I2C3_ER_IRQHandler                       0x080001bb   Thumb Code     0  startup_stm32f40xx.o(.text)
    I2C3_EV_IRQHandler                       0x080001bb   Thumb Code     0  startup_stm32f40xx.o(.text)
    OTG_FS_IRQHandler                        0x080001bb   Thumb Code     0  startup_stm32f40xx.o(.text)
    OTG_FS_WKUP_IRQHandler                   0x080001bb   Thumb Code     0  startup_stm32f40xx.o(.text)
    OTG_HS_EP1_IN_IRQHandler                 0x080001bb   Thumb Code     0  startup_stm32f40xx.o(.text)
    OTG_HS_EP1_OUT_IRQHandler                0x080001bb   Thumb Code     0  startup_stm32f40xx.o(.text)
    OTG_HS_IRQHandler                        0x080001bb   Thumb Code     0  startup_stm32f40xx.o(.text)
    OTG_HS_WKUP_IRQHandler                   0x080001bb   Thumb Code     0  startup_stm32f40xx.o(.text)
    PVD_IRQHandler                           0x080001bb   Thumb Code     0  startup_stm32f40xx.o(.text)
    RCC_IRQHandler                           0x080001bb   Thumb Code     0  startup_stm32f40xx.o(.text)
    RTC_Alarm_IRQHandler                     0x080001bb   Thumb Code     0  startup_stm32f40xx.o(.text)
    RTC_WKUP_IRQHandler                      0x080001bb   Thumb Code     0  startup_stm32f40xx.o(.text)
    SDIO_IRQHandler                          0x080001bb   Thumb Code     0  startup_stm32f40xx.o(.text)
    SPI1_IRQHandler                          0x080001bb   Thumb Code     0  startup_stm32f40xx.o(.text)
    SPI2_IRQHandler                          0x080001bb   Thumb Code     0  startup_stm32f40xx.o(.text)
    SPI3_IRQHandler                          0x080001bb   Thumb Code     0  startup_stm32f40xx.o(.text)
    TAMP_STAMP_IRQHandler                    0x080001bb   Thumb Code     0  startup_stm32f40xx.o(.text)
    TIM1_BRK_TIM9_IRQHandler                 0x080001bb   Thumb Code     0  startup_stm32f40xx.o(.text)
    TIM1_CC_IRQHandler                       0x080001bb   Thumb Code     0  startup_stm32f40xx.o(.text)
    TIM1_TRG_COM_TIM11_IRQHandler            0x080001bb   Thumb Code     0  startup_stm32f40xx.o(.text)
    TIM1_UP_TIM10_IRQHandler                 0x080001bb   Thumb Code     0  startup_stm32f40xx.o(.text)
    TIM3_IRQHandler                          0x080001bb   Thumb Code     0  startup_stm32f40xx.o(.text)
    TIM4_IRQHandler                          0x080001bb   Thumb Code     0  startup_stm32f40xx.o(.text)
    TIM5_IRQHandler                          0x080001bb   Thumb Code     0  startup_stm32f40xx.o(.text)
    TIM6_DAC_IRQHandler                      0x080001bb   Thumb Code     0  startup_stm32f40xx.o(.text)
    TIM7_IRQHandler                          0x080001bb   Thumb Code     0  startup_stm32f40xx.o(.text)
    TIM8_BRK_TIM12_IRQHandler                0x080001bb   Thumb Code     0  startup_stm32f40xx.o(.text)
    TIM8_CC_IRQHandler                       0x080001bb   Thumb Code     0  startup_stm32f40xx.o(.text)
    TIM8_TRG_COM_TIM14_IRQHandler            0x080001bb   Thumb Code     0  startup_stm32f40xx.o(.text)
    TIM8_UP_TIM13_IRQHandler                 0x080001bb   Thumb Code     0  startup_stm32f40xx.o(.text)
    UART4_IRQHandler                         0x080001bb   Thumb Code     0  startup_stm32f40xx.o(.text)
    UART5_IRQHandler                         0x080001bb   Thumb Code     0  startup_stm32f40xx.o(.text)
    USART2_IRQHandler                        0x080001bb   Thumb Code     0  startup_stm32f40xx.o(.text)
    USART3_IRQHandler                        0x080001bb   Thumb Code     0  startup_stm32f40xx.o(.text)
    USART6_IRQHandler                        0x080001bb   Thumb Code     0  startup_stm32f40xx.o(.text)
    WWDG_IRQHandler                          0x080001bb   Thumb Code     0  startup_stm32f40xx.o(.text)
    __aeabi_memcpy                           0x080001c5   Thumb Code    36  memcpya.o(.text)
    __aeabi_memcpy4                          0x080001c5   Thumb Code     0  memcpya.o(.text)
    __aeabi_memcpy8                          0x080001c5   Thumb Code     0  memcpya.o(.text)
    __I$use$fp                               0x080001e9   Thumb Code     0  iusefp.o(.text)
    __scatterload                            0x080001e9   Thumb Code    28  init.o(.text)
    __scatterload_rt2                        0x080001e9   Thumb Code     0  init.o(.text)
    APP_Init                                 0x0800020d   Thumb Code    86  app.o(i.APP_Init)
    APP_Step                                 0x08000271   Thumb Code    36  app.o(i.APP_Step)
    BEEP_GPIO_Config                         0x08000299   Thumb Code    56  bsp_beep.o(i.BEEP_GPIO_Config)
    BSP_Clock_Init                           0x080002d5   Thumb Code   124  bsp_clock.o(i.BSP_Clock_Init)
    BSP_DelayMs                              0x08000359   Thumb Code    22  bsp_clock.o(i.BSP_DelayMs)
    BSP_Micros                               0x08000371   Thumb Code    58  bsp_clock.o(i.BSP_Micros)
    BSP_Millis                               0x080003b9   Thumb Code     6  bsp_clock.o(i.BSP_Millis)
    BSP_SPI_Arm                              0x080003c5   Thumb Code    52  bsp_spi.o(i.BSP_SPI_Arm)
    BSP_SPI_GetXferCount                     0x080003fd   Thumb Code     6  bsp_spi.o(i.BSP_SPI_GetXferCount)
    BSP_SPI_Init                             0x08000409   Thumb Code   296  bsp_spi.o(i.BSP_SPI_Init)
    BSP_SysTick_Init                         0x08000541   Thumb Code    42  bsp_clock.o(i.BSP_SysTick_Init)
    BSP_Timer_Init                           0x08000575   Thumb Code    28  bsp_timer.o(i.BSP_Timer_Init)
    BSP_Timer_SetRate                        0x08000595   Thumb Code    90  bsp_timer.o(i.BSP_Timer_SetRate)
    BSP_Timer_Start                          0x080005f9   Thumb Code    36  bsp_timer.o(i.BSP_Timer_Start)
    BSP_Timer_Stop                           0x08000621   Thumb Code    22  bsp_timer.o(i.BSP_Timer_Stop)
    BSP_Timer_TakeRequests                   0x0800063d   Thumb Code    14  bsp_timer.o(i.BSP_Timer_TakeRequests)
    BSP_UART_GetByte                         0x08000651   Thumb Code    46  bsp_uart.o(i.BSP_UART_GetByte)
    BSP_UART_Init                            0x08000685   Thumb Code   176  bsp_uart.o(i.BSP_UART_Init)
    BSP_UART_Send                            0x08000741   Thumb Code    72  bsp_uart.o(i.BSP_UART_Send)
    BSP_UART_TX_Avail                        0x0800078d   Thumb Code    22  bsp_uart.o(i.BSP_UART_TX_Avail)
    BusFault_Handler                         0x080007a9   Thumb Code     2  stm32f4xx_it.o(i.BusFault_Handler)
    DMA1_Stream4_IRQHandler                  0x080007ad   Thumb Code    90  bsp_spi.o(i.DMA1_Stream4_IRQHandler)
    DMA_ClearITPendingBit                    0x08000819   Thumb Code    32  stm32f4xx_dma.o(i.DMA_ClearITPendingBit)
    DMA_Cmd                                  0x08000845   Thumb Code    24  stm32f4xx_dma.o(i.DMA_Cmd)
    DMA_DeInit                               0x0800085d   Thumb Code   278  stm32f4xx_dma.o(i.DMA_DeInit)
    DMA_GetCmdStatus                         0x08000989   Thumb Code    14  stm32f4xx_dma.o(i.DMA_GetCmdStatus)
    DMA_GetITStatus                          0x08000999   Thumb Code    68  stm32f4xx_dma.o(i.DMA_GetITStatus)
    DMA_ITConfig                             0x080009ed   Thumb Code    50  stm32f4xx_dma.o(i.DMA_ITConfig)
    DMA_Init                                 0x08000a21   Thumb Code    80  stm32f4xx_dma.o(i.DMA_Init)
    DMA_SetCurrDataCounter                   0x08000a75   Thumb Code     4  stm32f4xx_dma.o(i.DMA_SetCurrDataCounter)
    DebugMon_Handler                         0x08000a79   Thumb Code     2  stm32f4xx_it.o(i.DebugMon_Handler)
    FLASH_DataCacheCmd                       0x08000a7d   Thumb Code    26  stm32f4xx_flash.o(i.FLASH_DataCacheCmd)
    FLASH_InstructionCacheCmd                0x08000a9d   Thumb Code    26  stm32f4xx_flash.o(i.FLASH_InstructionCacheCmd)
    FLASH_PrefetchBufferCmd                  0x08000abd   Thumb Code    26  stm32f4xx_flash.o(i.FLASH_PrefetchBufferCmd)
    FLASH_SetLatency                         0x08000add   Thumb Code     6  stm32f4xx_flash.o(i.FLASH_SetLatency)
    GPIO_Init                                0x08000ae9   Thumb Code   124  stm32f4xx_gpio.o(i.GPIO_Init)
    GPIO_PinAFConfig                         0x08000b65   Thumb Code    32  stm32f4xx_gpio.o(i.GPIO_PinAFConfig)
    GPIO_ResetBits                           0x08000b85   Thumb Code     4  stm32f4xx_gpio.o(i.GPIO_ResetBits)
    HardFault_Handler                        0x08000b89   Thumb Code     2  stm32f4xx_it.o(i.HardFault_Handler)
    MemManage_Handler                        0x08000b8b   Thumb Code     2  stm32f4xx_it.o(i.MemManage_Handler)
    NMI_Handler                              0x08000b8d   Thumb Code     2  stm32f4xx_it.o(i.NMI_Handler)
    NVIC_Init                                0x08000b91   Thumb Code    98  misc.o(i.NVIC_Init)
    PendSV_Handler                           0x08000bf9   Thumb Code     2  stm32f4xx_it.o(i.PendSV_Handler)
    Proto_BuildFrame                         0x08000bfb   Thumb Code   120  proto.o(i.Proto_BuildFrame)
    Proto_CRC16                              0x08000c73   Thumb Code    58  proto.o(i.Proto_CRC16)
    RCC_AHB1PeriphClockCmd                   0x08000cad   Thumb Code    22  stm32f4xx_rcc.o(i.RCC_AHB1PeriphClockCmd)
    RCC_APB1PeriphClockCmd                   0x08000cc9   Thumb Code    22  stm32f4xx_rcc.o(i.RCC_APB1PeriphClockCmd)
    RCC_APB1PeriphResetCmd                   0x08000ce5   Thumb Code    22  stm32f4xx_rcc.o(i.RCC_APB1PeriphResetCmd)
    RCC_APB2PeriphClockCmd                   0x08000d01   Thumb Code    22  stm32f4xx_rcc.o(i.RCC_APB2PeriphClockCmd)
    RCC_APB2PeriphResetCmd                   0x08000d1d   Thumb Code    22  stm32f4xx_rcc.o(i.RCC_APB2PeriphResetCmd)
    RCC_DeInit                               0x08000d39   Thumb Code    68  stm32f4xx_rcc.o(i.RCC_DeInit)
    RCC_GetClocksFreq                        0x08000d8d   Thumb Code   148  stm32f4xx_rcc.o(i.RCC_GetClocksFreq)
    RCC_GetFlagStatus                        0x08000e31   Thumb Code    50  stm32f4xx_rcc.o(i.RCC_GetFlagStatus)
    RCC_GetSYSCLKSource                      0x08000e69   Thumb Code    10  stm32f4xx_rcc.o(i.RCC_GetSYSCLKSource)
    RCC_HCLKConfig                           0x08000e79   Thumb Code    14  stm32f4xx_rcc.o(i.RCC_HCLKConfig)
    RCC_HSICmd                               0x08000e8d   Thumb Code     6  stm32f4xx_rcc.o(i.RCC_HSICmd)
    RCC_PCLK1Config                          0x08000e99   Thumb Code    14  stm32f4xx_rcc.o(i.RCC_PCLK1Config)
    RCC_PCLK2Config                          0x08000ead   Thumb Code    16  stm32f4xx_rcc.o(i.RCC_PCLK2Config)
    RCC_PLLCmd                               0x08000ec1   Thumb Code     6  stm32f4xx_rcc.o(i.RCC_PLLCmd)
    RCC_PLLConfig                            0x08000ecd   Thumb Code    32  stm32f4xx_rcc.o(i.RCC_PLLConfig)
    RCC_SYSCLKConfig                         0x08000ef1   Thumb Code    14  stm32f4xx_rcc.o(i.RCC_SYSCLKConfig)
    SIM_ApplyConfig                          0x08000f05   Thumb Code    72  sim.o(i.SIM_ApplyConfig)
    SIM_GetLiveFrame                         0x08000f55   Thumb Code    18  sim.o(i.SIM_GetLiveFrame)
    SIM_GetTruth                             0x08000f71   Thumb Code    28  sim.o(i.SIM_GetTruth)
    SIM_Init                                 0x08000f91   Thumb Code    56  sim.o(i.SIM_Init)
    SIM_Reset                                0x08000fd1   Thumb Code    28  sim.o(i.SIM_Reset)
    SIM_Step                                 0x08000ff5   Thumb Code   622  sim.o(i.SIM_Step)
    SPI_Cmd                                  0x08001291   Thumb Code    24  stm32f4xx_spi.o(i.SPI_Cmd)
    SPI_I2S_DMACmd                           0x080012a9   Thumb Code    20  stm32f4xx_spi.o(i.SPI_I2S_DMACmd)
    SPI_I2S_ReceiveData                      0x080012bd   Thumb Code     4  stm32f4xx_spi.o(i.SPI_I2S_ReceiveData)
    SPI_Init                                 0x080012c1   Thumb Code    56  stm32f4xx_spi.o(i.SPI_Init)
    SVC_Handler                              0x080012f9   Thumb Code     2  stm32f4xx_it.o(i.SVC_Handler)
    SpiFrame_Finalize                        0x080013b5   Thumb Code    18  proto.o(i.SpiFrame_Finalize)
    SysTick_Handler                          0x080013c9   Thumb Code    10  bsp_clock.o(i.SysTick_Handler)
    SystemInit                               0x080013d9   Thumb Code    74  system_stm32f4xx.o(i.SystemInit)
    TIM2_IRQHandler                          0x08001435   Thumb Code    54  bsp_timer.o(i.TIM2_IRQHandler)
    TIM_ClearFlag                            0x08001471   Thumb Code     6  stm32f4xx_tim.o(i.TIM_ClearFlag)
    TIM_ClearITPendingBit                    0x08001477   Thumb Code     6  stm32f4xx_tim.o(i.TIM_ClearITPendingBit)
    TIM_Cmd                                  0x0800147d   Thumb Code    24  stm32f4xx_tim.o(i.TIM_Cmd)
    TIM_DeInit                               0x08001495   Thumb Code   376  stm32f4xx_tim.o(i.TIM_DeInit)
    TIM_GetITStatus                          0x08001641   Thumb Code    24  stm32f4xx_tim.o(i.TIM_GetITStatus)
    TIM_ITConfig                             0x08001659   Thumb Code    20  stm32f4xx_tim.o(i.TIM_ITConfig)
    TIM_SetCounter                           0x0800166d   Thumb Code     4  stm32f4xx_tim.o(i.TIM_SetCounter)
    TIM_TimeBaseInit                         0x08001671   Thumb Code    96  stm32f4xx_tim.o(i.TIM_TimeBaseInit)
    USART1_IRQHandler                        0x080016ed   Thumb Code   136  bsp_uart.o(i.USART1_IRQHandler)
    USART_Cmd                                0x08001781   Thumb Code    24  stm32f4xx_usart.o(i.USART_Cmd)
    USART_GetFlagStatus                      0x08001799   Thumb Code    14  stm32f4xx_usart.o(i.USART_GetFlagStatus)
    USART_GetITStatus                        0x080017a7   Thumb Code    64  stm32f4xx_usart.o(i.USART_GetITStatus)
    USART_ITConfig                           0x080017e7   Thumb Code    54  stm32f4xx_usart.o(i.USART_ITConfig)
    USART_Init                               0x0800181d   Thumb Code   180  stm32f4xx_usart.o(i.USART_Init)
    USART_ReceiveData                        0x080018d9   Thumb Code     8  stm32f4xx_usart.o(i.USART_ReceiveData)
    USART_SendData                           0x080018e1   Thumb Code     8  stm32f4xx_usart.o(i.USART_SendData)
    UsageFault_Handler                       0x080018e9   Thumb Code     2  stm32f4xx_it.o(i.UsageFault_Handler)
    __ARM_fpclassifyf                        0x080018eb   Thumb Code    38  fpclassifyf.o(i.__ARM_fpclassifyf)
    __hardfp_atan2f                          0x08001911   Thumb Code   594  atan2f.o(i.__hardfp_atan2f)
    __hardfp_cosf                            0x08001bbd   Thumb Code   280  cosf.o(i.__hardfp_cosf)
    __hardfp_log10f                          0x08001d0d   Thumb Code   332  log10f.o(i.__hardfp_log10f)
    __hardfp_logf                            0x08001e8d   Thumb Code   320  logf.o(i.__hardfp_logf)
    __mathlib_logf                           0x08001e8d   Thumb Code     0  logf.o(i.__hardfp_logf)
    __hardfp_sqrtf                           0x08001ff9   Thumb Code    58  sqrtf.o(i.__hardfp_sqrtf)
    __mathlib_flt_divzero                    0x08002035   Thumb Code    14  funder.o(i.__mathlib_flt_divzero)
    __mathlib_flt_infnan                     0x08002049   Thumb Code     6  funder.o(i.__mathlib_flt_infnan)
    __mathlib_flt_infnan2                    0x0800204f   Thumb Code     6  funder.o(i.__mathlib_flt_infnan2)
    __mathlib_flt_invalid                    0x08002055   Thumb Code    10  funder.o(i.__mathlib_flt_invalid)
    __mathlib_flt_underflow                  0x08002065   Thumb Code    10  funder.o(i.__mathlib_flt_underflow)
    __mathlib_rredf2                         0x08002075   Thumb Code   316  rredf.o(i.__mathlib_rredf2)
    __scatterload_copy                       0x080021c9   Thumb Code    14  handlers.o(i.__scatterload_copy)
    __scatterload_null                       0x080021d7   Thumb Code     2  handlers.o(i.__scatterload_null)
    __scatterload_zeroinit                   0x080021d9   Thumb Code    14  handlers.o(i.__scatterload_zeroinit)
    __set_errno                              0x080021e9   Thumb Code     6  errno.o(i.__set_errno)
    main                                     0x08002505   Thumb Code    34  main.o(i.main)
    Region$$Table$$Base                      0x080029bc   Number         0  anon$$obj.o(Region$$Table)
    Region$$Table$$Limit                     0x080029dc   Number         0  anon$$obj.o(Region$$Table)
    SystemCoreClock                          0x20000000   Data           4  system_stm32f4xx.o(.data)
    AHBPrescTable                            0x20000004   Data          16  system_stm32f4xx.o(.data)
    g_ms_ticks                               0x20000024   Data           4  bsp_clock.o(.data)
    __initial_sp                             0x20001360   Data           0  startup_stm32f40xx.o(STACK)



==============================================================================

Memory Map of the image

  Image Entry point : 0x08000189

  Load Region LR_IROM1 (Base: 0x08000000, Size: 0x00002a50, Max: 0x00100000, ABSOLUTE)

    Execution Region ER_IROM1 (Exec base: 0x08000000, Load base: 0x08000000, Size: 0x000029dc, Max: 0x00100000, ABSOLUTE)

    Exec Addr    Load Addr    Size         Type   Attr      Idx    E Section Name        Object

    0x08000000   0x08000000   0x00000188   Data   RO            3    RESET               startup_stm32f40xx.o
    0x08000188   0x08000188   0x00000000   Code   RO         5431  * .ARM.Collect$$$$00000000  mc_w.l(entry.o)
    0x08000188   0x08000188   0x00000004   Code   RO         5485    .ARM.Collect$$$$00000001  mc_w.l(entry2.o)
    0x0800018c   0x0800018c   0x00000004   Code   RO         5488    .ARM.Collect$$$$00000004  mc_w.l(entry5.o)
    0x08000190   0x08000190   0x00000000   Code   RO         5490    .ARM.Collect$$$$00000008  mc_w.l(entry7b.o)
    0x08000190   0x08000190   0x00000000   Code   RO         5492    .ARM.Collect$$$$0000000A  mc_w.l(entry8b.o)
    0x08000190   0x08000190   0x00000008   Code   RO         5493    .ARM.Collect$$$$0000000B  mc_w.l(entry9a.o)
    0x08000198   0x08000198   0x00000004   Code   RO         5500    .ARM.Collect$$$$0000000E  mc_w.l(entry12b.o)
    0x0800019c   0x0800019c   0x00000000   Code   RO         5495    .ARM.Collect$$$$0000000F  mc_w.l(entry10a.o)
    0x0800019c   0x0800019c   0x00000000   Code   RO         5497    .ARM.Collect$$$$00000011  mc_w.l(entry11a.o)
    0x0800019c   0x0800019c   0x00000004   Code   RO         5486    .ARM.Collect$$$$00002712  mc_w.l(entry2.o)
    0x080001a0   0x080001a0   0x00000024   Code   RO            4    .text               startup_stm32f40xx.o
    0x080001c4   0x080001c4   0x00000024   Code   RO         5434    .text               mc_w.l(memcpya.o)
    0x080001e8   0x080001e8   0x00000000   Code   RO         5515    .text               mc_w.l(iusefp.o)
    0x080001e8   0x080001e8   0x00000024   Code   RO         5526    .text               mc_w.l(init.o)
    0x0800020c   0x0800020c   0x00000064   Code   RO         5294    i.APP_Init          app.o
    0x08000270   0x08000270   0x00000028   Code   RO         5295    i.APP_Step          app.o
    0x08000298   0x08000298   0x0000003c   Code   RO         4879    i.BEEP_GPIO_Config  bsp_beep.o
    0x080002d4   0x080002d4   0x00000084   Code   RO         4906    i.BSP_Clock_Init    bsp_clock.o
    0x08000358   0x08000358   0x00000016   Code   RO         4907    i.BSP_DelayMs       bsp_clock.o
    0x0800036e   0x0800036e   0x00000002   PAD
    0x08000370   0x08000370   0x00000048   Code   RO         4908    i.BSP_Micros        bsp_clock.o
    0x080003b8   0x080003b8   0x0000000c   Code   RO         4909    i.BSP_Millis        bsp_clock.o
    0x080003c4   0x080003c4   0x00000038   Code   RO         5058    i.BSP_SPI_Arm       bsp_spi.o
    0x080003fc   0x080003fc   0x0000000c   Code   RO         5059    i.BSP_SPI_GetXferCount  bsp_spi.o
    0x08000408   0x08000408   0x00000138   Code   RO         5060    i.BSP_SPI_Init      bsp_spi.o
    0x08000540   0x08000540   0x00000034   Code   RO         4910    i.BSP_SysTick_Init  bsp_clock.o
    0x08000574   0x08000574   0x00000020   Code   RO         5107    i.BSP_Timer_Init    bsp_timer.o
    0x08000594   0x08000594   0x00000064   Code   RO         5109    i.BSP_Timer_SetRate  bsp_timer.o
    0x080005f8   0x080005f8   0x00000028   Code   RO         5110    i.BSP_Timer_Start   bsp_timer.o
    0x08000620   0x08000620   0x0000001c   Code   RO         5111    i.BSP_Timer_Stop    bsp_timer.o
    0x0800063c   0x0800063c   0x00000014   Code   RO         5112    i.BSP_Timer_TakeRequests  bsp_timer.o
    0x08000650   0x08000650   0x00000034   Code   RO         4967    i.BSP_UART_GetByte  bsp_uart.o
    0x08000684   0x08000684   0x000000bc   Code   RO         4968    i.BSP_UART_Init     bsp_uart.o
    0x08000740   0x08000740   0x0000004c   Code   RO         4972    i.BSP_UART_Send     bsp_uart.o
    0x0800078c   0x0800078c   0x0000001c   Code   RO         4973    i.BSP_UART_TX_Avail  bsp_uart.o
    0x080007a8   0x080007a8   0x00000002   Code   RO         4810    i.BusFault_Handler  stm32f4xx_it.o
    0x080007aa   0x080007aa   0x00000002   PAD
    0x080007ac   0x080007ac   0x0000006c   Code   RO         5061    i.DMA1_Stream4_IRQHandler  bsp_spi.o
    0x08000818   0x08000818   0x0000002c   Code   RO         1212    i.DMA_ClearITPendingBit  stm32f4xx_dma.o
    0x08000844   0x08000844   0x00000018   Code   RO         1213    i.DMA_Cmd           stm32f4xx_dma.o
    0x0800085c   0x0800085c   0x0000012c   Code   RO         1214    i.DMA_DeInit        stm32f4xx_dma.o
    0x08000988   0x08000988   0x0000000e   Code   RO         1218    i.DMA_GetCmdStatus  stm32f4xx_dma.o
    0x08000996   0x08000996   0x00000002   PAD
    0x08000998   0x08000998   0x00000054   Code   RO         1223    i.DMA_GetITStatus   stm32f4xx_dma.o
    0x080009ec   0x080009ec   0x00000032   Code   RO         1224    i.DMA_ITConfig      stm32f4xx_dma.o
    0x08000a1e   0x08000a1e   0x00000002   PAD
    0x08000a20   0x08000a20   0x00000054   Code   RO         1225    i.DMA_Init          stm32f4xx_dma.o
    0x08000a74   0x08000a74   0x00000004   Code   RO         1228    i.DMA_SetCurrDataCounter  stm32f4xx_dma.o
    0x08000a78   0x08000a78   0x00000002   Code   RO         4811    i.DebugMon_Handler  stm32f4xx_it.o
    0x08000a7a   0x08000a7a   0x00000002   PAD
    0x08000a7c   0x08000a7c   0x00000020   Code   RO         1410    i.FLASH_DataCacheCmd  stm32f4xx_flash.o
    0x08000a9c   0x08000a9c   0x00000020   Code   RO         1419    i.FLASH_InstructionCacheCmd  stm32f4xx_flash.o
    0x08000abc   0x08000abc   0x00000020   Code   RO         1441    i.FLASH_PrefetchBufferCmd  stm32f4xx_flash.o
    0x08000adc   0x08000adc   0x0000000c   Code   RO         1446    i.FLASH_SetLatency  stm32f4xx_flash.o
    0x08000ae8   0x08000ae8   0x0000007c   Code   RO         1857    i.GPIO_Init         stm32f4xx_gpio.o
    0x08000b64   0x08000b64   0x00000020   Code   RO         1858    i.GPIO_PinAFConfig  stm32f4xx_gpio.o
    0x08000b84   0x08000b84   0x00000004   Code   RO         1864    i.GPIO_ResetBits    stm32f4xx_gpio.o
    0x08000b88   0x08000b88   0x00000002   Code   RO         4812    i.HardFault_Handler  stm32f4xx_it.o
    0x08000b8a   0x08000b8a   0x00000002   Code   RO         4813    i.MemManage_Handler  stm32f4xx_it.o
    0x08000b8c   0x08000b8c   0x00000002   Code   RO         4814    i.NMI_Handler       stm32f4xx_it.o
    0x08000b8e   0x08000b8e   0x00000002   PAD
    0x08000b90   0x08000b90   0x00000068   Code   RO          155    i.NVIC_Init         misc.o
    0x08000bf8   0x08000bf8   0x00000002   Code   RO         4815    i.PendSV_Handler    stm32f4xx_it.o
    0x08000bfa   0x08000bfa   0x00000078   Code   RO         5180    i.Proto_BuildFrame  proto.o
    0x08000c72   0x08000c72   0x0000003a   Code   RO         5181    i.Proto_CRC16       proto.o
    0x08000cac   0x08000cac   0x0000001c   Code   RO         2561    i.RCC_AHB1PeriphClockCmd  stm32f4xx_rcc.o
    0x08000cc8   0x08000cc8   0x0000001c   Code   RO         2570    i.RCC_APB1PeriphClockCmd  stm32f4xx_rcc.o
    0x08000ce4   0x08000ce4   0x0000001c   Code   RO         2572    i.RCC_APB1PeriphResetCmd  stm32f4xx_rcc.o
    0x08000d00   0x08000d00   0x0000001c   Code   RO         2573    i.RCC_APB2PeriphClockCmd  stm32f4xx_rcc.o
    0x08000d1c   0x08000d1c   0x0000001c   Code   RO         2575    i.RCC_APB2PeriphResetCmd  stm32f4xx_rcc.o
    0x08000d38   0x08000d38   0x00000054   Code   RO         2581    i.RCC_DeInit        stm32f4xx_rcc.o
    0x08000d8c   0x08000d8c   0x000000a4   Code   RO         2582    i.RCC_GetClocksFreq  stm32f4xx_rcc.o
    0x08000e30   0x08000e30   0x00000038   Code   RO         2583    i.RCC_GetFlagStatus  stm32f4xx_rcc.o
    0x08000e68   0x08000e68   0x00000010   Code   RO         2585    i.RCC_GetSYSCLKSource  stm32f4xx_rcc.o
    0x08000e78   0x08000e78   0x00000014   Code   RO         2586    i.RCC_HCLKConfig    stm32f4xx_rcc.o
    0x08000e8c   0x08000e8c   0x0000000c   Code   RO         2588    i.RCC_HSICmd        stm32f4xx_rcc.o
    0x08000e98   0x08000e98   0x00000014   Code   RO         2597    i.RCC_PCLK1Config   stm32f4xx_rcc.o
    0x08000eac   0x08000eac   0x00000014   Code   RO         2598    i.RCC_PCLK2Config   stm32f4xx_rcc.o
    0x08000ec0   0x08000ec0   0x0000000c   Code   RO         2599    i.RCC_PLLCmd        stm32f4xx_rcc.o
    0x08000ecc   0x08000ecc   0x00000024   Code   RO         2600    i.RCC_PLLConfig     stm32f4xx_rcc.o
    0x08000ef0   0x08000ef0   0x00000014   Code   RO         2611    i.RCC_SYSCLKConfig  stm32f4xx_rcc.o
    0x08000f04   0x08000f04   0x00000050   Code   RO         5207    i.SIM_ApplyConfig   sim.o
    0x08000f54   0x08000f54   0x0000001c   Code   RO         5208    i.SIM_GetLiveFrame  sim.o
    0x08000f70   0x08000f70   0x00000020   Code   RO         5209    i.SIM_GetTruth      sim.o
    0x08000f90   0x08000f90   0x00000040   Code   RO         5210    i.SIM_Init          sim.o
    0x08000fd0   0x08000fd0   0x00000024   Code   RO         5211    i.SIM_Reset         sim.o
    0x08000ff4   0x08000ff4   0x0000029c   Code   RO         5212    i.SIM_Step          sim.o
    0x08001290   0x08001290   0x00000018   Code   RO         3719    i.SPI_Cmd           stm32f4xx_spi.o
    0x080012a8   0x080012a8   0x00000014   Code   RO         3725    i.SPI_I2S_DMACmd    stm32f4xx_spi.o
    0x080012bc   0x080012bc   0x00000004   Code   RO         3730    i.SPI_I2S_ReceiveData  stm32f4xx_spi.o
    0x080012c0   0x080012c0   0x00000038   Code   RO         3732    i.SPI_Init          stm32f4xx_spi.o
    0x080012f8   0x080012f8   0x00000002   Code   RO         4816    i.SVC_Handler       stm32f4xx_it.o
    0x080012fa   0x080012fa   0x00000002   PAD
    0x080012fc   0x080012fc   0x000000b8   Code   RO           13    i.SetSysClock       system_stm32f4xx.o
    0x080013b4   0x080013b4   0x00000012   Code   RO         5182    i.SpiFrame_Finalize  proto.o
    0x080013c6   0x080013c6   0x00000002   PAD
    0x080013c8   0x080013c8   0x00000010   Code   RO         4911    i.SysTick_Handler   bsp_clock.o
    0x080013d8   0x080013d8   0x0000005c   Code   RO           15    i.SystemInit        system_stm32f4xx.o
    0x08001434   0x08001434   0x0000003c   Code   RO         5113    i.TIM2_IRQHandler   bsp_timer.o
    0x08001470   0x08001470   0x00000006   Code   RO         3951    i.TIM_ClearFlag     stm32f4xx_tim.o
    0x08001476   0x08001476   0x00000006   Code   RO         3952    i.TIM_ClearITPendingBit  stm32f4xx_tim.o
    0x0800147c   0x0800147c   0x00000018   Code   RO         3957    i.TIM_Cmd           stm32f4xx_tim.o
    0x08001494   0x08001494   0x000001ac   Code   RO         3962    i.TIM_DeInit        stm32f4xx_tim.o
    0x08001640   0x08001640   0x00000018   Code   RO         3978    i.TIM_GetITStatus   stm32f4xx_tim.o
    0x08001658   0x08001658   0x00000014   Code   RO         3982    i.TIM_ITConfig      stm32f4xx_tim.o
    0x0800166c   0x0800166c   0x00000004   Code   RO         4023    i.TIM_SetCounter    stm32f4xx_tim.o
    0x08001670   0x08001670   0x0000007c   Code   RO         4029    i.TIM_TimeBaseInit  stm32f4xx_tim.o
    0x080016ec   0x080016ec   0x00000094   Code   RO         4975    i.USART1_IRQHandler  bsp_uart.o
    0x08001780   0x08001780   0x00000018   Code   RO         4511    i.USART_Cmd         stm32f4xx_usart.o
    0x08001798   0x08001798   0x0000000e   Code   RO         4514    i.USART_GetFlagStatus  stm32f4xx_usart.o
    0x080017a6   0x080017a6   0x00000040   Code   RO         4515    i.USART_GetITStatus  stm32f4xx_usart.o
    0x080017e6   0x080017e6   0x00000036   Code   RO         4517    i.USART_ITConfig    stm32f4xx_usart.o
    0x0800181c   0x0800181c   0x000000bc   Code   RO         4518    i.USART_Init        stm32f4xx_usart.o
    0x080018d8   0x080018d8   0x00000008   Code   RO         4525    i.USART_ReceiveData  stm32f4xx_usart.o
    0x080018e0   0x080018e0   0x00000008   Code   RO         4528    i.USART_SendData    stm32f4xx_usart.o
    0x080018e8   0x080018e8   0x00000002   Code   RO         4817    i.UsageFault_Handler  stm32f4xx_it.o
    0x080018ea   0x080018ea   0x00000026   Code   RO         5466    i.__ARM_fpclassifyf  m_wm.l(fpclassifyf.o)
    0x08001910   0x08001910   0x000002ac   Code   RO         5367    i.__hardfp_atan2f   m_wm.l(atan2f.o)
    0x08001bbc   0x08001bbc   0x00000150   Code   RO         5379    i.__hardfp_cosf     m_wm.l(cosf.o)
    0x08001d0c   0x08001d0c   0x00000180   Code   RO         5391    i.__hardfp_log10f   m_wm.l(log10f.o)
    0x08001e8c   0x08001e8c   0x0000016c   Code   RO         5405    i.__hardfp_logf     m_wm.l(logf.o)
    0x08001ff8   0x08001ff8   0x0000003a   Code   RO         5419    i.__hardfp_sqrtf    m_wm.l(sqrtf.o)
    0x08002032   0x08002032   0x00000002   PAD
    0x08002034   0x08002034   0x00000014   Code   RO         5468    i.__mathlib_flt_divzero  m_wm.l(funder.o)
    0x08002048   0x08002048   0x00000006   Code   RO         5469    i.__mathlib_flt_infnan  m_wm.l(funder.o)
    0x0800204e   0x0800204e   0x00000006   Code   RO         5470    i.__mathlib_flt_infnan2  m_wm.l(funder.o)
    0x08002054   0x08002054   0x00000010   Code   RO         5471    i.__mathlib_flt_invalid  m_wm.l(funder.o)
    0x08002064   0x08002064   0x00000010   Code   RO         5474    i.__mathlib_flt_underflow  m_wm.l(funder.o)
    0x08002074   0x08002074   0x00000154   Code   RO         5482    i.__mathlib_rredf2  m_wm.l(rredf.o)
    0x080021c8   0x080021c8   0x0000000e   Code   RO         5540    i.__scatterload_copy  mc_w.l(handlers.o)
    0x080021d6   0x080021d6   0x00000002   Code   RO         5541    i.__scatterload_null  mc_w.l(handlers.o)
    0x080021d8   0x080021d8   0x0000000e   Code   RO         5542    i.__scatterload_zeroinit  mc_w.l(handlers.o)
    0x080021e6   0x080021e6   0x00000002   PAD
    0x080021e8   0x080021e8   0x0000000c   Code   RO         5510    i.__set_errno       mc_w.l(errno.o)
    0x080021f4   0x080021f4   0x000000e4   Code   RO         5213    i.advance_target    sim.o
    0x080022d8   0x080022d8   0x00000040   Code   RO         5296    i.cfg_load_default  app.o
    0x08002318   0x08002318   0x0000016c   Code   RO         5297    i.dispatch_cmd      app.o
    0x08002484   0x08002484   0x00000020   Code   RO         5214    i.frand             sim.o
    0x080024a4   0x080024a4   0x00000060   Code   RO         5215    i.gauss             sim.o
    0x08002504   0x08002504   0x00000022   Code   RO         4765    i.main              main.o
    0x08002526   0x08002526   0x00000002   PAD
    0x08002528   0x08002528   0x00000064   Code   RO         5298    i.process_running   app.o
    0x0800258c   0x0800258c   0x00000010   Code   RO         4976    i.ring_next         bsp_uart.o
    0x0800259c   0x0800259c   0x0000016c   Code   RO         5299    i.rx_feed           app.o
    0x08002708   0x08002708   0x0000000c   Code   RO         5300    i.rx_reset          app.o
    0x08002714   0x08002714   0x000000b0   Code   RO         5216    i.scene_init        sim.o
    0x080027c4   0x080027c4   0x0000003c   Code   RO         5301    i.send_ack          app.o
    0x08002800   0x08002800   0x00000048   Code   RO         5302    i.send_frame        app.o
    0x08002848   0x08002848   0x00000070   Code   RO         5303    i.send_status       app.o
    0x080028b8   0x080028b8   0x00000010   Code   RO         4977    i.uart_kick_tx      bsp_uart.o
    0x080028c8   0x080028c8   0x00000018   Code   RO         5217    i.xorshift32        sim.o
    0x080028e0   0x080028e0   0x0000003c   Data   RO         5219    .constdata          sim.o
    0x0800291c   0x0800291c   0x00000040   Data   RO         5394    .constdata          m_wm.l(log10f.o)
    0x0800295c   0x0800295c   0x00000040   Data   RO         5408    .constdata          m_wm.l(logf.o)
    0x0800299c   0x0800299c   0x00000020   Data   RO         5483    .constdata          m_wm.l(rredf.o)
    0x080029bc   0x080029bc   0x00000020   Data   RO         5538    Region$$Table       anon$$obj.o


    Execution Region RW_IRAM1 (Exec base: 0x20000000, Load base: 0x080029dc, Size: 0x00001360, Max: 0x00020000, ABSOLUTE)

    Exec Addr    Load Addr    Size         Type   Attr      Idx    E Section Name        Object

    0x20000000   0x080029dc   0x00000014   Data   RW           16    .data               system_stm32f4xx.o
    0x20000014   0x080029f0   0x00000010   Data   RW         2614    .data               stm32f4xx_rcc.o
    0x20000024   0x08002a00   0x00000004   Data   RW         4912    .data               bsp_clock.o
    0x20000028   0x08002a04   0x00000004   Data   RW         5062    .data               bsp_spi.o
    0x2000002c   0x08002a08   0x0000000c   Data   RW         5114    .data               bsp_timer.o
    0x20000038   0x08002a14   0x00000014   Data   RW         5220    .data               sim.o
    0x2000004c   0x08002a28   0x00000024   Data   RW         5305    .data               app.o
    0x20000070   0x08002a4c   0x00000004   Data   RW         5511    .data               mc_w.l(errno.o)
    0x20000074        -       0x00000808   Zero   RW         4978    .bss                bsp_uart.o
    0x2000087c        -       0x00000184   Zero   RW         5218    .bss                sim.o
    0x20000a00        -       0x00000559   Zero   RW         5304    .bss                app.o
    0x20000f59   0x08002a50   0x00000007   PAD
    0x20000f60        -       0x00000400   Zero   RW            1    STACK               startup_stm32f40xx.o


==============================================================================

Image component sizes


      Code (inc. data)   RO Data    RW Data    ZI Data      Debug   Object Name

      1288        136          0         36       1369       9082   app.o
        60          4          0          0          0        591   bsp_beep.o
       306         44          0          4          0      30450   bsp_clock.o
       488         44          0          4          0       3738   bsp_spi.o
       280         36          0         12          0      30606   bsp_timer.o
       524         44          0          0       2056       5711   bsp_uart.o
        34          0          0          0          0       2703   main.o
       104          6          0          0          0       1280   misc.o
       196          0          0          0          0       2793   proto.o
      1464        164         60         20        388       8590   sim.o
        36          8        392          0       1024        988   startup_stm32f40xx.o
       604         54          0          0          0       7607   stm32f4xx_dma.o
       108         24          0          0          0       2626   stm32f4xx_flash.o
       160          0          0          0          0       2752   stm32f4xx_gpio.o
        16          0          0          0          0       4008   stm32f4xx_it.o
       600        112          0         16          0      13562   stm32f4xx_rcc.o
       104          0          0          0          0       3484   stm32f4xx_spi.o
       636         80          0          0          0       7204   stm32f4xx_tim.o
       360          8          0          0          0       6601   stm32f4xx_usart.o
       276         34          0         20          0     315241   system_stm32f4xx.o

    ----------------------------------------------------------------------
      7662        798        484        112       4844     459617   Object Totals
         0          0         32          0          0          0   (incl. Generated)
        18          0          0          0          7          0   (incl. Padding)

    ----------------------------------------------------------------------

      Code (inc. data)   RO Data    RW Data    ZI Data      Debug   Library Member Name

       684         90          0          0          0        208   atan2f.o
       336         56          0          0          0        136   cosf.o
        38          0          0          0          0        116   fpclassifyf.o
        64         18          0          0          0        580   funder.o
       384         52         64          0          0        140   log10f.o
       364         44         64          0          0        140   logf.o
       340         24         32          0          0        160   rredf.o
        58          0          0          0          0        136   sqrtf.o
         0          0          0          0          0          0   entry.o
         0          0          0          0          0          0   entry10a.o
         0          0          0          0          0          0   entry11a.o
         4          0          0          0          0          0   entry12b.o
         8          4          0          0          0          0   entry2.o
         4          0          0          0          0          0   entry5.o
         0          0          0          0          0          0   entry7b.o
         0          0          0          0          0          0   entry8b.o
         8          4          0          0          0          0   entry9a.o
        12          6          0          4          0         68   errno.o
        30          0          0          0          0          0   handlers.o
        36          8          0          0          0         68   init.o
         0          0          0          0          0          0   iusefp.o
        36          0          0          0          0         68   memcpya.o

    ----------------------------------------------------------------------
      2410        306        160          4          0       1820   Library Totals
         4          0          0          0          0          0   (incl. Padding)

    ----------------------------------------------------------------------

      Code (inc. data)   RO Data    RW Data    ZI Data      Debug   Library Name

      2268        284        160          0          0       1616   m_wm.l
       138         22          0          4          0        204   mc_w.l

    ----------------------------------------------------------------------
      2410        306        160          4          0       1820   Library Totals

    ----------------------------------------------------------------------

==============================================================================


      Code (inc. data)   RO Data    RW Data    ZI Data      Debug   

     10072       1104        644        116       4844     450041   Grand Totals
     10072       1104        644        116       4844     450041   ELF Image Totals
     10072       1104        644        116          0          0   ROM Totals

==============================================================================

    Total RO  Size (Code + RO Data)                10716 (  10.46kB)
    Total RW  Size (RW Data + ZI Data)              4960 (   4.84kB)
    Total ROM Size (Code + RO Data + RW Data)      10832 (  10.58kB)

==============================================================================

