Component: ARM Compiler 5.06 update 7 (build 960) Tool: armlink [4d3601]

==============================================================================

Section Cross References

    startup_stm32f40xx.o(RESET) refers to startup_stm32f40xx.o(STACK) for __initial_sp
    startup_stm32f40xx.o(RESET) refers to startup_stm32f40xx.o(.text) for Reset_Handler
    startup_stm32f40xx.o(RESET) refers to stm32f4xx_it.o(i.NMI_Handler) for NMI_Handler
    startup_stm32f40xx.o(RESET) refers to stm32f4xx_it.o(i.HardFault_Handler) for HardFault_Handler
    startup_stm32f40xx.o(RESET) refers to stm32f4xx_it.o(i.MemManage_Handler) for MemManage_Handler
    startup_stm32f40xx.o(RESET) refers to stm32f4xx_it.o(i.BusFault_Handler) for BusFault_Handler
    startup_stm32f40xx.o(RESET) refers to stm32f4xx_it.o(i.UsageFault_Handler) for UsageFault_Handler
    startup_stm32f40xx.o(RESET) refers to stm32f4xx_it.o(i.SVC_Handler) for SVC_Handler
    startup_stm32f40xx.o(RESET) refers to stm32f4xx_it.o(i.DebugMon_Handler) for DebugMon_Handler
    startup_stm32f40xx.o(RESET) refers to stm32f4xx_it.o(i.PendSV_Handler) for PendSV_Handler
    startup_stm32f40xx.o(RESET) refers to bsp_clock.o(i.SysTick_Handler) for SysTick_Handler
    startup_stm32f40xx.o(RESET) refers to bsp_timer.o(i.TIM2_IRQHandler) for TIM2_IRQHandler
    startup_stm32f40xx.o(RESET) refers to bsp_uart.o(i.USART1_IRQHandler) for USART1_IRQHandler
    startup_stm32f40xx.o(.text) refers to system_stm32f4xx.o(i.SystemInit) for SystemInit
    startup_stm32f40xx.o(.text) refers to entry.o(.ARM.Collect$$$$00000000) for __main
    system_stm32f4xx.o(i.SystemCoreClockUpdate) refers to system_stm32f4xx.o(.data) for .data
    system_stm32f4xx.o(i.SystemInit) refers to system_stm32f4xx.o(i.SetSysClock) for SetSysClock
    stm32f4xx_adc.o(i.ADC_DeInit) refers to stm32f4xx_rcc.o(i.RCC_APB2PeriphResetCmd) for RCC_APB2PeriphResetCmd
    stm32f4xx_can.o(i.CAN_DeInit) refers to stm32f4xx_rcc.o(i.RCC_APB1PeriphResetCmd) for RCC_APB1PeriphResetCmd
    stm32f4xx_can.o(i.CAN_GetITStatus) refers to stm32f4xx_can.o(i.CheckITStatus) for CheckITStatus
    stm32f4xx_cryp.o(i.CRYP_DeInit) refers to stm32f4xx_rcc.o(i.RCC_AHB2PeriphResetCmd) for RCC_AHB2PeriphResetCmd
    stm32f4xx_cryp_aes.o(i.CRYP_AES_CBC) refers to stm32f4xx_cryp.o(i.CRYP_KeyStructInit) for CRYP_KeyStructInit
    stm32f4xx_cryp_aes.o(i.CRYP_AES_CBC) refers to stm32f4xx_cryp.o(i.CRYP_KeyInit) for CRYP_KeyInit
    stm32f4xx_cryp_aes.o(i.CRYP_AES_CBC) refers to stm32f4xx_cryp.o(i.CRYP_Init) for CRYP_Init
    stm32f4xx_cryp_aes.o(i.CRYP_AES_CBC) refers to stm32f4xx_cryp.o(i.CRYP_IVInit) for CRYP_IVInit
    stm32f4xx_cryp_aes.o(i.CRYP_AES_CBC) refers to stm32f4xx_cryp.o(i.CRYP_FIFOFlush) for CRYP_FIFOFlush
    stm32f4xx_cryp_aes.o(i.CRYP_AES_CBC) refers to stm32f4xx_cryp.o(i.CRYP_Cmd) for CRYP_Cmd
    stm32f4xx_cryp_aes.o(i.CRYP_AES_CBC) refers to stm32f4xx_cryp.o(i.CRYP_GetCmdStatus) for CRYP_GetCmdStatus
    stm32f4xx_cryp_aes.o(i.CRYP_AES_CBC) refers to stm32f4xx_cryp.o(i.CRYP_GetFlagStatus) for CRYP_GetFlagStatus
    stm32f4xx_cryp_aes.o(i.CRYP_AES_CBC) refers to stm32f4xx_cryp.o(i.CRYP_DataIn) for CRYP_DataIn
    stm32f4xx_cryp_aes.o(i.CRYP_AES_CBC) refers to stm32f4xx_cryp.o(i.CRYP_DataOut) for CRYP_DataOut
    stm32f4xx_cryp_aes.o(i.CRYP_AES_CCM) refers to stm32f4xx_cryp.o(i.CRYP_KeyStructInit) for CRYP_KeyStructInit
    stm32f4xx_cryp_aes.o(i.CRYP_AES_CCM) refers to stm32f4xx_cryp.o(i.CRYP_FIFOFlush) for CRYP_FIFOFlush
    stm32f4xx_cryp_aes.o(i.CRYP_AES_CCM) refers to stm32f4xx_cryp.o(i.CRYP_KeyInit) for CRYP_KeyInit
    stm32f4xx_cryp_aes.o(i.CRYP_AES_CCM) refers to stm32f4xx_cryp.o(i.CRYP_IVInit) for CRYP_IVInit
    stm32f4xx_cryp_aes.o(i.CRYP_AES_CCM) refers to stm32f4xx_cryp.o(i.CRYP_Init) for CRYP_Init
    stm32f4xx_cryp_aes.o(i.CRYP_AES_CCM) refers to stm32f4xx_cryp.o(i.CRYP_PhaseConfig) for CRYP_PhaseConfig
    stm32f4xx_cryp_aes.o(i.CRYP_AES_CCM) refers to stm32f4xx_cryp.o(i.CRYP_DataIn) for CRYP_DataIn
    stm32f4xx_cryp_aes.o(i.CRYP_AES_CCM) refers to stm32f4xx_cryp.o(i.CRYP_Cmd) for CRYP_Cmd
    stm32f4xx_cryp_aes.o(i.CRYP_AES_CCM) refers to stm32f4xx_cryp.o(i.CRYP_GetCmdStatus) for CRYP_GetCmdStatus
    stm32f4xx_cryp_aes.o(i.CRYP_AES_CCM) refers to stm32f4xx_cryp.o(i.CRYP_GetFlagStatus) for CRYP_GetFlagStatus
    stm32f4xx_cryp_aes.o(i.CRYP_AES_CCM) refers to stm32f4xx_cryp.o(i.CRYP_DataOut) for CRYP_DataOut
    stm32f4xx_cryp_aes.o(i.CRYP_AES_CTR) refers to stm32f4xx_cryp.o(i.CRYP_KeyStructInit) for CRYP_KeyStructInit
    stm32f4xx_cryp_aes.o(i.CRYP_AES_CTR) refers to stm32f4xx_cryp.o(i.CRYP_KeyInit) for CRYP_KeyInit
    stm32f4xx_cryp_aes.o(i.CRYP_AES_CTR) refers to stm32f4xx_cryp.o(i.CRYP_Init) for CRYP_Init
    stm32f4xx_cryp_aes.o(i.CRYP_AES_CTR) refers to stm32f4xx_cryp.o(i.CRYP_IVInit) for CRYP_IVInit
    stm32f4xx_cryp_aes.o(i.CRYP_AES_CTR) refers to stm32f4xx_cryp.o(i.CRYP_FIFOFlush) for CRYP_FIFOFlush
    stm32f4xx_cryp_aes.o(i.CRYP_AES_CTR) refers to stm32f4xx_cryp.o(i.CRYP_Cmd) for CRYP_Cmd
[...]
    Removing stm32f4xx_sdio.o(i.SDIO_ClearITPendingBit), (12 bytes).
    Removing stm32f4xx_sdio.o(i.SDIO_ClockCmd), (12 bytes).
    Removing stm32f4xx_sdio.o(i.SDIO_CmdStructInit), (14 bytes).
    Removing stm32f4xx_sdio.o(i.SDIO_CommandCompletionCmd), (12 bytes).
    Removing stm32f4xx_sdio.o(i.SDIO_DMACmd), (12 bytes).
    Removing stm32f4xx_sdio.o(i.SDIO_DataConfig), (48 bytes).
    Removing stm32f4xx_sdio.o(i.SDIO_DataStructInit), (20 bytes).
    Removing stm32f4xx_sdio.o(i.SDIO_DeInit), (24 bytes).
    Removing stm32f4xx_sdio.o(i.SDIO_GetCommandResponse), (12 bytes).
    Removing stm32f4xx_sdio.o(i.SDIO_GetDataCounter), (12 bytes).
    Removing stm32f4xx_sdio.o(i.SDIO_GetFIFOCount), (12 bytes).
    Removing stm32f4xx_sdio.o(i.SDIO_GetFlagStatus), (20 bytes).
    Removing stm32f4xx_sdio.o(i.SDIO_GetITStatus), (20 bytes).
    Removing stm32f4xx_sdio.o(i.SDIO_GetPowerState), (16 bytes).
    Removing stm32f4xx_sdio.o(i.SDIO_GetResponse), (20 bytes).
    Removing stm32f4xx_sdio.o(i.SDIO_ITConfig), (28 bytes).
    Removing stm32f4xx_sdio.o(i.SDIO_Init), (44 bytes).
    Removing stm32f4xx_sdio.o(i.SDIO_ReadData), (12 bytes).
    Removing stm32f4xx_sdio.o(i.SDIO_SendCEATACmd), (12 bytes).
    Removing stm32f4xx_sdio.o(i.SDIO_SendCommand), (40 bytes).
    Removing stm32f4xx_sdio.o(i.SDIO_SendSDIOSuspendCmd), (12 bytes).
    Removing stm32f4xx_sdio.o(i.SDIO_SetPowerState), (12 bytes).
    Removing stm32f4xx_sdio.o(i.SDIO_SetSDIOOperation), (12 bytes).
    Removing stm32f4xx_sdio.o(i.SDIO_SetSDIOReadWaitMode), (12 bytes).
    Removing stm32f4xx_sdio.o(i.SDIO_StartSDIOReadWait), (12 bytes).
    Removing stm32f4xx_sdio.o(i.SDIO_StopSDIOReadWait), (12 bytes).
    Removing stm32f4xx_sdio.o(i.SDIO_StructInit), (16 bytes).
    Removing stm32f4xx_sdio.o(i.SDIO_WriteData), (12 bytes).
    Removing stm32f4xx_spdifrx.o(.rev16_text), (4 bytes).
    Removing stm32f4xx_spdifrx.o(.revsh_text), (4 bytes).
    Removing stm32f4xx_spdifrx.o(.rrx_text), (6 bytes).
    Removing stm32f4xx_spi.o(.rev16_text), (4 bytes).
    Removing stm32f4xx_spi.o(.revsh_text), (4 bytes).
    Removing stm32f4xx_spi.o(.rrx_text), (6 bytes).
    Removing stm32f4xx_spi.o(i.I2S_Cmd), (24 bytes).
    Removing stm32f4xx_spi.o(i.I2S_FullDuplexConfig), (58 bytes).
    Removing stm32f4xx_spi.o(i.I2S_Init), (240 bytes).
    Removing stm32f4xx_spi.o(i.I2S_StructInit), (18 bytes).
    Removing stm32f4xx_spi.o(i.SPI_BiDirectionalLineConfig), (26 bytes).
    Removing stm32f4xx_spi.o(i.SPI_CalculateCRC), (24 bytes).
    Removing stm32f4xx_spi.o(i.SPI_DataSizeConfig), (16 bytes).
    Removing stm32f4xx_spi.o(i.SPI_GetCRC), (12 bytes).
    Removing stm32f4xx_spi.o(i.SPI_GetCRCPolynomial), (4 bytes).
    Removing stm32f4xx_spi.o(i.SPI_I2S_ClearFlag), (6 bytes).
    Removing stm32f4xx_spi.o(i.SPI_I2S_ClearITPendingBit), (14 bytes).
    Removing stm32f4xx_spi.o(i.SPI_I2S_DMACmd), (20 bytes).
    Removing stm32f4xx_spi.o(i.SPI_I2S_DeInit), (196 bytes).
    Removing stm32f4xx_spi.o(i.SPI_I2S_GetITStatus), (44 bytes).
    Removing stm32f4xx_spi.o(i.SPI_I2S_ITConfig), (28 bytes).
    Removing stm32f4xx_spi.o(i.SPI_NSSInternalSoftwareConfig), (28 bytes).
    Removing stm32f4xx_spi.o(i.SPI_SSOutputCmd), (24 bytes).
    Removing stm32f4xx_spi.o(i.SPI_StructInit), (24 bytes).
    Removing stm32f4xx_spi.o(i.SPI_TIModeCmd), (24 bytes).
    Removing stm32f4xx_spi.o(i.SPI_TransmitCRC), (10 bytes).
    Removing stm32f4xx_syscfg.o(.rev16_text), (4 bytes).
    Removing stm32f4xx_syscfg.o(.revsh_text), (4 bytes).
    Removing stm32f4xx_syscfg.o(.rrx_text), (6 bytes).
    Removing stm32f4xx_syscfg.o(i.SYSCFG_CompensationCellCmd), (12 bytes).
    Removing stm32f4xx_syscfg.o(i.SYSCFG_DeInit), (24 bytes).
    Removing stm32f4xx_syscfg.o(i.SYSCFG_ETH_MediaInterfaceConfig), (12 bytes).
    Removing stm32f4xx_syscfg.o(i.SYSCFG_EXTILineConfig), (44 bytes).
    Removing stm32f4xx_syscfg.o(i.SYSCFG_GetCompensationCellStatus), (20 bytes).
    Removing stm32f4xx_syscfg.o(i.SYSCFG_MemoryRemapConfig), (12 bytes).
    Removing stm32f4xx_syscfg.o(i.SYSCFG_MemorySwappingBank), (12 bytes).
    Removing stm32f4xx_tim.o(.rev16_text), (4 bytes).
    Removing stm32f4xx_tim.o(.revsh_text), (4 bytes).
    Removing stm32f4xx_tim.o(.rrx_text), (6 bytes).
    Removing stm32f4xx_tim.o(i.TI1_Config), (46 bytes).
    Removing stm32f4xx_tim.o(i.TI2_Config), (54 bytes).
    Removing stm32f4xx_tim.o(i.TI3_Config), (50 bytes).
    Removing stm32f4xx_tim.o(i.TI4_Config), (54 bytes).
    Removing stm32f4xx_tim.o(i.TIM_ARRPreloadConfig), (24 bytes).
    Removing stm32f4xx_tim.o(i.TIM_BDTRConfig), (34 bytes).
    Removing stm32f4xx_tim.o(i.TIM_BDTRStructInit), (18 bytes).
    Removing stm32f4xx_tim.o(i.TIM_CCPreloadControl), (24 bytes).
    Removing stm32f4xx_tim.o(i.TIM_CCxCmd), (22 bytes).
    Removing stm32f4xx_tim.o(i.TIM_CCxNCmd), (22 bytes).
    Removing stm32f4xx_tim.o(i.TIM_ClearOC1Ref), (12 bytes).
    Removing stm32f4xx_tim.o(i.TIM_ClearOC2Ref), (20 bytes).
    Removing stm32f4xx_tim.o(i.TIM_ClearOC3Ref), (12 bytes).
    Removing stm32f4xx_tim.o(i.TIM_ClearOC4Ref), (20 bytes).
    Removing stm32f4xx_tim.o(i.TIM_CounterModeConfig), (12 bytes).
    Removing stm32f4xx_tim.o(i.TIM_CtrlPWMOutputs), (28 bytes).
    Removing stm32f4xx_tim.o(i.TIM_DMACmd), (20 bytes).
    Removing stm32f4xx_tim.o(i.TIM_DMAConfig), (8 bytes).
    Removing stm32f4xx_tim.o(i.TIM_ETRClockMode1Config), (32 bytes).
    Removing stm32f4xx_tim.o(i.TIM_ETRClockMode2Config), (20 bytes).
    Removing stm32f4xx_tim.o(i.TIM_ETRConfig), (24 bytes).
    Removing stm32f4xx_tim.o(i.TIM_EncoderInterfaceConfig), (50 bytes).
    Removing stm32f4xx_tim.o(i.TIM_ForcedOC1Config), (12 bytes).
    Removing stm32f4xx_tim.o(i.TIM_ForcedOC2Config), (20 bytes).
    Removing stm32f4xx_tim.o(i.TIM_ForcedOC3Config), (12 bytes).
    Removing stm32f4xx_tim.o(i.TIM_ForcedOC4Config), (20 bytes).
    Removing stm32f4xx_tim.o(i.TIM_GenerateEvent), (4 bytes).
    Removing stm32f4xx_tim.o(i.TIM_GetCapture1), (4 bytes).
    Removing stm32f4xx_tim.o(i.TIM_GetCapture2), (4 bytes).
    Removing stm32f4xx_tim.o(i.TIM_GetCapture3), (4 bytes).
    Removing stm32f4xx_tim.o(i.TIM_GetCapture4), (4 bytes).
    Removing stm32f4xx_tim.o(i.TIM_GetCounter), (4 bytes).
    Removing stm32f4xx_tim.o(i.TIM_GetFlagStatus), (14 bytes).
    Removing stm32f4xx_tim.o(i.TIM_GetPrescaler), (4 bytes).
    Removing stm32f4xx_tim.o(i.TIM_ICInit), (98 bytes).
    Removing stm32f4xx_tim.o(i.TIM_ICStructInit), (16 bytes).
    Removing stm32f4xx_tim.o(i.TIM_ITRxExternalClockConfig), (20 bytes).
    Removing stm32f4xx_tim.o(i.TIM_InternalClockConfig), (10 bytes).
    Removing stm32f4xx_tim.o(i.TIM_OC1FastConfig), (12 bytes).
    Removing stm32f4xx_tim.o(i.TIM_OC1Init), (104 bytes).
    Removing stm32f4xx_tim.o(i.TIM_OC1NPolarityConfig), (12 bytes).
    Removing stm32f4xx_tim.o(i.TIM_OC1PolarityConfig), (12 bytes).
    Removing stm32f4xx_tim.o(i.TIM_OC1PreloadConfig), (12 bytes).
    Removing stm32f4xx_tim.o(i.TIM_OC2FastConfig), (20 bytes).
    Removing stm32f4xx_tim.o(i.TIM_OC2Init), (136 bytes).
    Removing stm32f4xx_tim.o(i.TIM_OC2NPolarityConfig), (20 bytes).
    Removing stm32f4xx_tim.o(i.TIM_OC2PolarityConfig), (20 bytes).
    Removing stm32f4xx_tim.o(i.TIM_OC2PreloadConfig), (20 bytes).
    Removing stm32f4xx_tim.o(i.TIM_OC3FastConfig), (12 bytes).
    Removing stm32f4xx_tim.o(i.TIM_OC3Init), (132 bytes).
    Removing stm32f4xx_tim.o(i.TIM_OC3NPolarityConfig), (20 bytes).
    Removing stm32f4xx_tim.o(i.TIM_OC3PolarityConfig), (20 bytes).
    Removing stm32f4xx_tim.o(i.TIM_OC3PreloadConfig), (12 bytes).
    Removing stm32f4xx_tim.o(i.TIM_OC4FastConfig), (20 bytes).
    Removing stm32f4xx_tim.o(i.TIM_OC4Init), (100 bytes).
    Removing stm32f4xx_tim.o(i.TIM_OC4PolarityConfig), (20 bytes).
    Removing stm32f4xx_tim.o(i.TIM_OC4PreloadConfig), (20 bytes).
    Removing stm32f4xx_tim.o(i.TIM_OCStructInit), (20 bytes).
    Removing stm32f4xx_tim.o(i.TIM_PWMIConfig), (110 bytes).
    Removing stm32f4xx_tim.o(i.TIM_PrescalerConfig), (6 bytes).
    Removing stm32f4xx_tim.o(i.TIM_RemapConfig), (6 bytes).
    Removing stm32f4xx_tim.o(i.TIM_SelectCCDMA), (24 bytes).
    Removing stm32f4xx_tim.o(i.TIM_SelectCOM), (24 bytes).
    Removing stm32f4xx_tim.o(i.TIM_SelectHallSensor), (24 bytes).
    Removing stm32f4xx_tim.o(i.TIM_SelectInputTrigger), (12 bytes).
    Removing stm32f4xx_tim.o(i.TIM_SelectMasterSlaveMode), (16 bytes).
    Removing stm32f4xx_tim.o(i.TIM_SelectOCxM), (80 bytes).
    Removing stm32f4xx_tim.o(i.TIM_SelectOnePulseMode), (16 bytes).
    Removing stm32f4xx_tim.o(i.TIM_SelectOutputTrigger), (16 bytes).
    Removing stm32f4xx_tim.o(i.TIM_SelectSlaveMode), (16 bytes).
    Removing stm32f4xx_tim.o(i.TIM_SetAutoreload), (4 bytes).
    Removing stm32f4xx_tim.o(i.TIM_SetClockDivision), (16 bytes).
    Removing stm32f4xx_tim.o(i.TIM_SetCompare1), (4 bytes).
    Removing stm32f4xx_tim.o(i.TIM_SetCompare2), (4 bytes).
    Removing stm32f4xx_tim.o(i.TIM_SetCompare3), (4 bytes).
    Removing stm32f4xx_tim.o(i.TIM_SetCompare4), (4 bytes).
    Removing stm32f4xx_tim.o(i.TIM_SetIC1Prescaler), (16 bytes).
    Removing stm32f4xx_tim.o(i.TIM_SetIC2Prescaler), (24 bytes).
    Removing stm32f4xx_tim.o(i.TIM_SetIC3Prescaler), (16 bytes).
    Removing stm32f4xx_tim.o(i.TIM_SetIC4Prescaler), (24 bytes).
    Removing stm32f4xx_tim.o(i.TIM_TIxExternalClockConfig), (48 bytes).
    Removing stm32f4xx_tim.o(i.TIM_TimeBaseStructInit), (18 bytes).
    Removing stm32f4xx_tim.o(i.TIM_UpdateDisableConfig), (24 bytes).
    Removing stm32f4xx_tim.o(i.TIM_UpdateRequestConfig), (24 bytes).
    Removing stm32f4xx_usart.o(.rev16_text), (4 bytes).
    Removing stm32f4xx_usart.o(.revsh_text), (4 bytes).
    Removing stm32f4xx_usart.o(.rrx_text), (6 bytes).
    Removing stm32f4xx_usart.o(i.USART_ClearFlag), (8 bytes).
    Removing stm32f4xx_usart.o(i.USART_ClearITPendingBit), (16 bytes).
    Removing stm32f4xx_usart.o(i.USART_ClockInit), (28 bytes).
    Removing stm32f4xx_usart.o(i.USART_ClockStructInit), (12 bytes).
    Removing stm32f4xx_usart.o(i.USART_DMACmd), (20 bytes).
    Removing stm32f4xx_usart.o(i.USART_DeInit), (256 bytes).
    Removing stm32f4xx_usart.o(i.USART_HalfDuplexCmd), (24 bytes).
    Removing stm32f4xx_usart.o(i.USART_IrDACmd), (24 bytes).
    Removing stm32f4xx_usart.o(i.USART_IrDAConfig), (16 bytes).
    Removing stm32f4xx_usart.o(i.USART_LINBreakDetectLengthConfig), (16 bytes).
    Removing stm32f4xx_usart.o(i.USART_LINCmd), (24 bytes).
    Removing stm32f4xx_usart.o(i.USART_OneBitMethodCmd), (24 bytes).
    Removing stm32f4xx_usart.o(i.USART_OverSampling8Cmd), (24 bytes).
    Removing stm32f4xx_usart.o(i.USART_ReceiverWakeUpCmd), (24 bytes).
    Removing stm32f4xx_usart.o(i.USART_SendBreak), (10 bytes).
    Removing stm32f4xx_usart.o(i.USART_SetAddress), (16 bytes).
    Removing stm32f4xx_usart.o(i.USART_SetGuardTime), (16 bytes).
    Removing stm32f4xx_usart.o(i.USART_SetPrescaler), (16 bytes).
    Removing stm32f4xx_usart.o(i.USART_SmartCardCmd), (24 bytes).
    Removing stm32f4xx_usart.o(i.USART_SmartCardNACKCmd), (24 bytes).
    Removing stm32f4xx_usart.o(i.USART_StructInit), (22 bytes).
    Removing stm32f4xx_usart.o(i.USART_WakeUpConfig), (16 bytes).
    Removing stm32f4xx_wwdg.o(.rev16_text), (4 bytes).
    Removing stm32f4xx_wwdg.o(.revsh_text), (4 bytes).
    Removing stm32f4xx_wwdg.o(.rrx_text), (6 bytes).
    Removing stm32f4xx_wwdg.o(i.WWDG_ClearFlag), (12 bytes).
    Removing stm32f4xx_wwdg.o(i.WWDG_DeInit), (24 bytes).
    Removing stm32f4xx_wwdg.o(i.WWDG_Enable), (16 bytes).
    Removing stm32f4xx_wwdg.o(i.WWDG_EnableIT), (12 bytes).
    Removing stm32f4xx_wwdg.o(i.WWDG_GetFlagStatus), (20 bytes).
    Removing stm32f4xx_wwdg.o(i.WWDG_SetCounter), (16 bytes).
    Removing stm32f4xx_wwdg.o(i.WWDG_SetPrescaler), (20 bytes).
    Removing stm32f4xx_wwdg.o(i.WWDG_SetWindowValue), (32 bytes).
    Removing main.o(.rev16_text), (4 bytes).
    Removing main.o(.revsh_text), (4 bytes).
    Removing main.o(.rrx_text), (6 bytes).
    Removing stm32f4xx_it.o(.rev16_text), (4 bytes).
    Removing stm32f4xx_it.o(.revsh_text), (4 bytes).
    Removing stm32f4xx_it.o(.rrx_text), (6 bytes).
    Removing bsp_beep.o(.rev16_text), (4 bytes).
    Removing bsp_beep.o(.revsh_text), (4 bytes).
    Removing bsp_beep.o(.rrx_text), (6 bytes).
    Removing bsp_clock.o(.rev16_text), (4 bytes).
    Removing bsp_clock.o(.revsh_text), (4 bytes).
    Removing bsp_clock.o(.rrx_text), (6 bytes).
    Removing bsp_uart.o(.rev16_text), (4 bytes).
    Removing bsp_uart.o(.revsh_text), (4 bytes).
    Removing bsp_uart.o(.rrx_text), (6 bytes).
    Removing bsp_uart.o(i.BSP_UART_Printf), (46 bytes).
    Removing bsp_uart.o(i.BSP_UART_PutByte), (12 bytes).
    Removing bsp_uart.o(i.BSP_UART_RX_Avail), (28 bytes).
    Removing bsp_uart.o(i.BSP_UART_TX_Flush), (12 bytes).
    Removing bsp_spi.o(.rev16_text), (4 bytes).
    Removing bsp_spi.o(.revsh_text), (4 bytes).
    Removing bsp_spi.o(.rrx_text), (6 bytes).
    Removing bsp_spi.o(i.BSP_SPI_Busy), (24 bytes).
    Removing bsp_timer.o(.rev16_text), (4 bytes).
    Removing bsp_timer.o(.revsh_text), (4 bytes).
    Removing bsp_timer.o(.rrx_text), (6 bytes).
    Removing bsp_timer.o(i.BSP_Timer_AddRequest), (32 bytes).
    Removing bsp_timer.o(i.BSP_Timer_GetDropped), (12 bytes).
    Removing bsp_timer.o(i.BSP_Timer_IsRunning), (12 bytes).
    Removing sim.o(.rev16_text), (4 bytes).
    Removing sim.o(.revsh_text), (4 bytes).
    Removing sim.o(.rrx_text), (6 bytes).
    Removing app.o(.rev16_text), (4 bytes).
    Removing app.o(.revsh_text), (4 bytes).
    Removing app.o(.rrx_text), (6 bytes).
    Removing app.o(i.APP_GetConfig), (8 bytes).
    Removing app.o(i.APP_IsRunning), (12 bytes).
    Removing dadd.o(.text), (334 bytes).
    Removing dmul.o(.text), (228 bytes).
    Removing ddiv.o(.text), (222 bytes).
    Removing dfixul.o(.text), (48 bytes).
    Removing cdrcmple.o(.text), (48 bytes).
    Removing depilogue.o(.text), (186 bytes).

769 unused section(s) (total 28606 bytes) removed from the image.

==============================================================================

Image Symbol Table

    Local Symbols

    Symbol Name                              Value     Ov Type        Size  Object(Section)

    ../clib/microlib/division.c              0x00000000   Number         0  uldiv.o ABSOLUTE
    ../clib/microlib/division.c              0x00000000   Number         0  uidiv.o ABSOLUTE
    ../clib/microlib/errno.c                 0x00000000   Number         0  errno.o ABSOLUTE
    ../clib/microlib/init/entry.s            0x00000000   Number         0  entry7b.o ABSOLUTE
    ../clib/microlib/init/entry.s            0x00000000   Number         0  entry8b.o ABSOLUTE
    ../clib/microlib/init/entry.s            0x00000000   Number         0  entry8a.o ABSOLUTE
    ../clib/microlib/init/entry.s            0x00000000   Number         0  entry9a.o ABSOLUTE
    ../clib/microlib/init/entry.s            0x00000000   Number         0  entry9b.o ABSOLUTE
    ../clib/microlib/init/entry.s            0x00000000   Number         0  entry10a.o ABSOLUTE
    ../clib/microlib/init/entry.s            0x00000000   Number         0  entry2.o ABSOLUTE
    ../clib/microlib/init/entry.s            0x00000000   Number         0  entry12b.o ABSOLUTE
    ../clib/microlib/init/entry.s            0x00000000   Number         0  entry12a.o ABSOLUTE
    ../clib/microlib/init/entry.s            0x00000000   Number         0  entry10b.o ABSOLUTE
    ../clib/microlib/init/entry.s            0x00000000   Number         0  entry11b.o ABSOLUTE
    ../clib/microlib/init/entry.s            0x00000000   Number         0  entry5.o ABSOLUTE
    ../clib/microlib/init/entry.s            0x00000000   Number         0  entry.o ABSOLUTE
    ../clib/microlib/init/entry.s            0x00000000   Number         0  entry11a.o ABSOLUTE
    ../clib/microlib/init/entry.s            0x00000000   Number         0  entry7a.o ABSOLUTE
    ../clib/microlib/longlong.c              0x00000000   Number         0  llshl.o ABSOLUTE
    ../clib/microlib/longlong.c              0x00000000   Number         0  llushr.o ABSOLUTE
    ../clib/microlib/longlong.c              0x00000000   Number         0  llsshr.o ABSOLUTE
    ../clib/microlib/printf/printf.c         0x00000000   Number         0  printfa.o ABSOLUTE
    ../clib/microlib/stdio/fputc.c           0x00000000   Number         0  fputc.o ABSOLUTE
    ../clib/microlib/stdio/semi.s            0x00000000   Number         0  semi.o ABSOLUTE
    ../clib/microlib/stdio/streams.c         0x00000000   Number         0  stdout.o ABSOLUTE
    ../clib/microlib/string/memcpy.c         0x00000000   Number         0  memcpya.o ABSOLUTE
    ../clib/microlib/string/memcpy.c         0x00000000   Number         0  memcpyb.o ABSOLUTE
    ../clib/microlib/stubs.s                 0x00000000   Number         0  iusefp.o ABSOLUTE
    ../clib/microlib/stubs.s                 0x00000000   Number         0  iusesemip.o ABSOLUTE
    ../fplib/microlib/fpadd.c                0x00000000   Number         0  dadd.o ABSOLUTE
    ../fplib/microlib/fpdiv.c                0x00000000   Number         0  ddiv.o ABSOLUTE
    ../fplib/microlib/fpepilogue.c           0x00000000   Number         0  depilogue.o ABSOLUTE
    ../fplib/microlib/fpfix.c                0x00000000   Number         0  dfixul.o ABSOLUTE
    ../fplib/microlib/fpmul.c                0x00000000   Number         0  dmul.o ABSOLUTE
    ../mathlib/cosf.c                        0x00000000   Number         0  cosf.o ABSOLUTE
    ../mathlib/cosf.c                        0x00000000   Number         0  cosf_x.o ABSOLUTE
    ../mathlib/floorf.c                      0x00000000   Number         0  floorf.o ABSOLUTE
    ../mathlib/fpclassifyf.c                 0x00000000   Number         0  fpclassifyf.o ABSOLUTE
    ../mathlib/funder.c                      0x00000000   Number         0  funder.o ABSOLUTE
    ../mathlib/logf.c                        0x00000000   Number         0  logf.o ABSOLUTE
    ../mathlib/logf.c                        0x00000000   Number         0  logf_x.o ABSOLUTE
    ../mathlib/rredf.c                       0x00000000   Number         0  rredf.o ABSOLUTE
    ../mathlib/sinf.c                        0x00000000   Number         0  sinf.o ABSOLUTE
    ../mathlib/sinf.c                        0x00000000   Number         0  sinf_x.o ABSOLUTE
    ../mathlib/sqrtf.c                       0x00000000   Number         0  sqrtf.o ABSOLUTE
    ../mathlib/sqrtf.c                       0x00000000   Number         0  sqrtf_x.o ABSOLUTE
    ..\..\Libraries\CMSIS\Device\ST\STM32F4xx\Source\Templates\arm\startup_stm32f40xx.s 0x00000000   Number         0  startup_stm32f40xx.o ABSOLUTE
    ..\..\Libraries\CMSIS\Device\ST\STM32F4xx\Source\Templates\system_stm32f4xx.c 0x00000000   Number         0  system_stm32f4xx.o ABSOLUTE
    ..\..\Libraries\STM32F4xx_StdPeriph_Driver\src\misc.c 0x00000000   Number         0  misc.o ABSOLUTE
    ..\..\Libraries\STM32F4xx_StdPeriph_Driver\src\stm32f4xx_adc.c 0x00000000   Number         0  stm32f4xx_adc.o ABSOLUTE
    ..\..\Libraries\STM32F4xx_StdPeriph_Driver\src\stm32f4xx_can.c 0x00000000   Number         0  stm32f4xx_can.o ABSOLUTE
    ..\..\Libraries\STM32F4xx_StdPeriph_Driver\src\stm32f4xx_cec.c 0x00000000   Number         0  stm32f4xx_cec.o ABSOLUTE
    ..\..\Libraries\STM32F4xx_StdPeriph_Driver\src\stm32f4xx_crc.c 0x00000000   Number         0  stm32f4xx_crc.o ABSOLUTE
    ..\..\Libraries\STM32F4xx_StdPeriph_Driver\src\stm32f4xx_cryp.c 0x00000000   Number         0  stm32f4xx_cryp.o ABSOLUTE
    ..\..\Libraries\STM32F4xx_StdPeriph_Driver\src\stm32f4xx_cryp_aes.c 0x00000000   Number         0  stm32f4xx_cryp_aes.o ABSOLUTE
    ..\..\Libraries\STM32F4xx_StdPeriph_Driver\src\stm32f4xx_cryp_des.c 0x00000000   Number         0  stm32f4xx_cryp_des.o ABSOLUTE
    ..\..\Libraries\STM32F4xx_StdPeriph_Driver\src\stm32f4xx_cryp_tdes.c 0x00000000   Number         0  stm32f4xx_cryp_tdes.o ABSOLUTE
    ..\..\Libraries\STM32F4xx_StdPeriph_Driver\src\stm32f4xx_dac.c 0x00000000   Number         0  stm32f4xx_dac.o ABSOLUTE
    ..\..\Libraries\STM32F4xx_StdPeriph_Driver\src\stm32f4xx_dbgmcu.c 0x00000000   Number         0  stm32f4xx_dbgmcu.o ABSOLUTE
    ..\..\Libraries\STM32F4xx_StdPeriph_Driver\src\stm32f4xx_dcmi.c 0x00000000   Number         0  stm32f4xx_dcmi.o ABSOLUTE
    ..\..\Libraries\STM32F4xx_StdPeriph_Driver\src\stm32f4xx_dma.c 0x00000000   Number         0  stm32f4xx_dma.o ABSOLUTE
    ..\..\Libraries\STM32F4xx_StdPeriph_Driver\src\stm32f4xx_exti.c 0x00000000   Number         0  stm32f4xx_exti.o ABSOLUTE
    ..\..\Libraries\STM32F4xx_StdPeriph_Driver\src\stm32f4xx_flash.c 0x00000000   Number         0  stm32f4xx_flash.o ABSOLUTE
    ..\..\Libraries\STM32F4xx_StdPeriph_Driver\src\stm32f4xx_flash_ramfunc.c 0x00000000   Number         0  stm32f4xx_flash_ramfunc.o ABSOLUTE
    ..\..\Libraries\STM32F4xx_StdPeriph_Driver\src\stm32f4xx_fmpi2c.c 0x00000000   Number         0  stm32f4xx_fmpi2c.o ABSOLUTE
    ..\..\Libraries\STM32F4xx_StdPeriph_Driver\src\stm32f4xx_fsmc.c 0x00000000   Number         0  stm32f4xx_fsmc.o ABSOLUTE
    ..\..\Libraries\STM32F4xx_StdPeriph_Driver\src\stm32f4xx_gpio.c 0x00000000   Number         0  stm32f4xx_gpio.o ABSOLUTE
    ..\..\Libraries\STM32F4xx_StdPeriph_Driver\src\stm32f4xx_hash.c 0x00000000   Number         0  stm32f4xx_hash.o ABSOLUTE
    ..\..\Libraries\STM32F4xx_StdPeriph_Driver\src\stm32f4xx_hash_md5.c 0x00000000   Number         0  stm32f4xx_hash_md5.o ABSOLUTE
    ..\..\Libraries\STM32F4xx_StdPeriph_Driver\src\stm32f4xx_hash_sha1.c 0x00000000   Number         0  stm32f4xx_hash_sha1.o ABSOLUTE
    ..\..\Libraries\STM32F4xx_StdPeriph_Driver\src\stm32f4xx_i2c.c 0x00000000   Number         0  stm32f4xx_i2c.o ABSOLUTE
    ..\..\Libraries\STM32F4xx_StdPeriph_Driver\src\stm32f4xx_iwdg.c 0x00000000   Number         0  stm32f4xx_iwdg.o ABSOLUTE
    ..\..\Libraries\STM32F4xx_StdPeriph_Driver\src\stm32f4xx_pwr.c 0x00000000   Number         0  stm32f4xx_pwr.o ABSOLUTE
    ..\..\Libraries\STM32F4xx_StdPeriph_Driver\src\stm32f4xx_qspi.c 0x00000000   Number         0  stm32f4xx_qspi.o ABSOLUTE
    ..\..\Libraries\STM32F4xx_StdPeriph_Driver\src\stm32f4xx_rcc.c 0x00000000   Number         0  stm32f4xx_rcc.o ABSOLUTE
    ..\..\Libraries\STM32F4xx_StdPeriph_Driver\src\stm32f4xx_rng.c 0x00000000   Number         0  stm32f4xx_rng.o ABSOLUTE
    ..\..\Libraries\STM32F4xx_StdPeriph_Driver\src\stm32f4xx_rtc.c 0x00000000   Number         0  stm32f4xx_rtc.o ABSOLUTE
    ..\..\Libraries\STM32F4xx_StdPeriph_Driver\src\stm32f4xx_sai.c 0x00000000   Number         0  stm32f4xx_sai.o ABSOLUTE
    ..\..\Libraries\STM32F4xx_StdPeriph_Driver\src\stm32f4xx_sdio.c 0x00000000   Number         0  stm32f4xx_sdio.o ABSOLUTE
    ..\..\Libraries\STM32F4xx_StdPeriph_Driver\src\stm32f4xx_spdifrx.c 0x00000000   Number         0  stm32f4xx_spdifrx.o ABSOLUTE
    ..\..\Libraries\STM32F4xx_StdPeriph_Driver\src\stm32f4xx_spi.c 0x00000000   Number         0  stm32f4xx_spi.o ABSOLUTE
    ..\..\Libraries\STM32F4xx_StdPeriph_Driver\src\stm32f4xx_syscfg.c 0x00000000   Number         0  stm32f4xx_syscfg.o ABSOLUTE
    ..\..\Libraries\STM32F4xx_StdPeriph_Driver\src\stm32f4xx_tim.c 0x00000000   Number         0  stm32f4xx_tim.o ABSOLUTE
    ..\..\Libraries\STM32F4xx_StdPeriph_Driver\src\stm32f4xx_usart.c 0x00000000   Number         0  stm32f4xx_usart.o ABSOLUTE
    ..\..\Libraries\STM32F4xx_StdPeriph_Driver\src\stm32f4xx_wwdg.c 0x00000000   Number         0  stm32f4xx_wwdg.o ABSOLUTE
    ..\..\User\app\app.c                     0x00000000   Number         0  app.o ABSOLUTE
    ..\..\User\beep\bsp_beep.c               0x00000000   Number         0  bsp_beep.o ABSOLUTE
    ..\..\User\bsp\bsp_clock.c               0x00000000   Number         0  bsp_clock.o ABSOLUTE
    ..\..\User\bsp\bsp_spi.c                 0x00000000   Number         0  bsp_spi.o ABSOLUTE
    ..\..\User\bsp\bsp_timer.c               0x00000000   Number         0  bsp_timer.o ABSOLUTE
    ..\..\User\bsp\bsp_uart.c                0x00000000   Number         0  bsp_uart.o ABSOLUTE
    ..\..\User\main.c                        0x00000000   Number         0  main.o ABSOLUTE
    ..\..\User\proto\proto.c                 0x00000000   Number         0  proto.o ABSOLUTE
    ..\..\User\sim\sim.c                     0x00000000   Number         0  sim.o ABSOLUTE
    ..\..\User\stm32f4xx_it.c                0x00000000   Number         0  stm32f4xx_it.o ABSOLUTE
    ..\\..\\Libraries\\CMSIS\\Device\\ST\\STM32F4xx\\Source\\Templates\\system_stm32f4xx.c 0x00000000   Number         0  system_stm32f4xx.o ABSOLUTE
    ..\\..\\Libraries\\STM32F4xx_StdPeriph_Driver\\src\\misc.c 0x00000000   Number         0  misc.o ABSOLUTE
    ..\\..\\Libraries\\STM32F4xx_StdPeriph_Driver\\src\\stm32f4xx_adc.c 0x00000000   Number         0  stm32f4xx_adc.o ABSOLUTE
    ..\\..\\Libraries\\STM32F4xx_StdPeriph_Driver\\src\\stm32f4xx_can.c 0x00000000   Number         0  stm32f4xx_can.o ABSOLUTE
    ..\\..\\Libraries\\STM32F4xx_StdPeriph_Driver\\src\\stm32f4xx_cec.c 0x00000000   Number         0  stm32f4xx_cec.o ABSOLUTE
    ..\\..\\Libraries\\STM32F4xx_StdPeriph_Driver\\src\\stm32f4xx_crc.c 0x00000000   Number         0  stm32f4xx_crc.o ABSOLUTE
    ..\\..\\Libraries\\STM32F4xx_StdPeriph_Driver\\src\\stm32f4xx_cryp.c 0x00000000   Number         0  stm32f4xx_cryp.o ABSOLUTE
    ..\\..\\Libraries\\STM32F4xx_StdPeriph_Driver\\src\\stm32f4xx_cryp_aes.c 0x00000000   Number         0  stm32f4xx_cryp_aes.o ABSOLUTE
    ..\\..\\Libraries\\STM32F4xx_StdPeriph_Driver\\src\\stm32f4xx_cryp_des.c 0x00000000   Number         0  stm32f4xx_cryp_des.o ABSOLUTE
    ..\\..\\Libraries\\STM32F4xx_StdPeriph_Driver\\src\\stm32f4xx_cryp_tdes.c 0x00000000   Number         0  stm32f4xx_cryp_tdes.o ABSOLUTE
    ..\\..\\Libraries\\STM32F4xx_StdPeriph_Driver\\src\\stm32f4xx_dac.c 0x00000000   Number         0  stm32f4xx_dac.o ABSOLUTE
    ..\\..\\Libraries\\STM32F4xx_StdPeriph_Driver\\src\\stm32f4xx_dbgmcu.c 0x00000000   Number         0  stm32f4xx_dbgmcu.o ABSOLUTE
    ..\\..\\Libraries\\STM32F4xx_StdPeriph_Driver\\src\\stm32f4xx_dcmi.c 0x00000000   Number         0  stm32f4xx_dcmi.o ABSOLUTE
    ..\\..\\Libraries\\STM32F4xx_StdPeriph_Driver\\src\\stm32f4xx_dma.c 0x00000000   Number         0  stm32f4xx_dma.o ABSOLUTE
    ..\\..\\Libraries\\STM32F4xx_StdPeriph_Driver\\src\\stm32f4xx_exti.c 0x00000000   Number         0  stm32f4xx_exti.o ABSOLUTE
    ..\\..\\Libraries\\STM32F4xx_StdPeriph_Driver\\src\\stm32f4xx_flash.c 0x00000000   Number         0  stm32f4xx_flash.o ABSOLUTE
    ..\\..\\Libraries\\STM32F4xx_StdPeriph_Driver\\src\\stm32f4xx_flash_ramfunc.c 0x00000000   Number         0  stm32f4xx_flash_ramfunc.o ABSOLUTE
    ..\\..\\Libraries\\STM32F4xx_StdPeriph_Driver\\src\\stm32f4xx_fmpi2c.c 0x00000000   Number         0  stm32f4xx_fmpi2c.o ABSOLUTE
    ..\\..\\Libraries\\STM32F4xx_StdPeriph_Driver\\src\\stm32f4xx_fsmc.c 0x00000000   Number         0  stm32f4xx_fsmc.o ABSOLUTE
    ..\\..\\Libraries\\STM32F4xx_StdPeriph_Driver\\src\\stm32f4xx_gpio.c 0x00000000   Number         0  stm32f4xx_gpio.o ABSOLUTE
    ..\\..\\Libraries\\STM32F4xx_StdPeriph_Driver\\src\\stm32f4xx_hash.c 0x00000000   Number         0  stm32f4xx_hash.o ABSOLUTE
    ..\\..\\Libraries\\STM32F4xx_StdPeriph_Driver\\src\\stm32f4xx_hash_md5.c 0x00000000   Number         0  stm32f4xx_hash_md5.o ABSOLUTE
    ..\\..\\Libraries\\STM32F4xx_StdPeriph_Driver\\src\\stm32f4xx_hash_sha1.c 0x00000000   Number         0  stm32f4xx_hash_sha1.o ABSOLUTE
    ..\\..\\Libraries\\STM32F4xx_StdPeriph_Driver\\src\\stm32f4xx_i2c.c 0x00000000   Number         0  stm32f4xx_i2c.o ABSOLUTE
    ..\\..\\Libraries\\STM32F4xx_StdPeriph_Driver\\src\\stm32f4xx_iwdg.c 0x00000000   Number         0  stm32f4xx_iwdg.o ABSOLUTE
    ..\\..\\Libraries\\STM32F4xx_StdPeriph_Driver\\src\\stm32f4xx_pwr.c 0x00000000   Number         0  stm32f4xx_pwr.o ABSOLUTE
    ..\\..\\Libraries\\STM32F4xx_StdPeriph_Driver\\src\\stm32f4xx_qspi.c 0x00000000   Number         0  stm32f4xx_qspi.o ABSOLUTE
    ..\\..\\Libraries\\STM32F4xx_StdPeriph_Driver\\src\\stm32f4xx_rcc.c 0x00000000   Number         0  stm32f4xx_rcc.o ABSOLUTE
    ..\\..\\Libraries\\STM32F4xx_StdPeriph_Driver\\src\\stm32f4xx_rng.c 0x00000000   Number         0  stm32f4xx_rng.o ABSOLUTE
    ..\\..\\Libraries\\STM32F4xx_StdPeriph_Driver\\src\\stm32f4xx_rtc.c 0x00000000   Number         0  stm32f4xx_rtc.o ABSOLUTE
    ..\\..\\Libraries\\STM32F4xx_StdPeriph_Driver\\src\\stm32f4xx_sai.c 0x00000000   Number         0  stm32f4xx_sai.o ABSOLUTE
    ..\\..\\Libraries\\STM32F4xx_StdPeriph_Driver\\src\\stm32f4xx_sdio.c 0x00000000   Number         0  stm32f4xx_sdio.o ABSOLUTE
    ..\\..\\Libraries\\STM32F4xx_StdPeriph_Driver\\src\\stm32f4xx_spdifrx.c 0x00000000   Number         0  stm32f4xx_spdifrx.o ABSOLUTE
    ..\\..\\Libraries\\STM32F4xx_StdPeriph_Driver\\src\\stm32f4xx_spi.c 0x00000000   Number         0  stm32f4xx_spi.o ABSOLUTE
    ..\\..\\Libraries\\STM32F4xx_StdPeriph_Driver\\src\\stm32f4xx_syscfg.c 0x00000000   Number         0  stm32f4xx_syscfg.o ABSOLUTE
    ..\\..\\Libraries\\STM32F4xx_StdPeriph_Driver\\src\\stm32f4xx_tim.c 0x00000000   Number         0  stm32f4xx_tim.o ABSOLUTE
    ..\\..\\Libraries\\STM32F4xx_StdPeriph_Driver\\src\\stm32f4xx_usart.c 0x00000000   Number         0  stm32f4xx_usart.o ABSOLUTE
    ..\\..\\Libraries\\STM32F4xx_StdPeriph_Driver\\src\\stm32f4xx_wwdg.c 0x00000000   Number         0  stm32f4xx_wwdg.o ABSOLUTE
    ..\\..\\User\\app\\app.c                 0x00000000   Number         0  app.o ABSOLUTE
    ..\\..\\User\\beep\\bsp_beep.c           0x00000000   Number         0  bsp_beep.o ABSOLUTE
    ..\\..\\User\\bsp\\bsp_clock.c           0x00000000   Number         0  bsp_clock.o ABSOLUTE
    ..\\..\\User\\bsp\\bsp_spi.c             0x00000000   Number         0  bsp_spi.o ABSOLUTE
    ..\\..\\User\\bsp\\bsp_timer.c           0x00000000   Number         0  bsp_timer.o ABSOLUTE
    ..\\..\\User\\bsp\\bsp_uart.c            0x00000000   Number         0  bsp_uart.o ABSOLUTE
    ..\\..\\User\\main.c                     0x00000000   Number         0  main.o ABSOLUTE
    ..\\..\\User\\sim\\sim.c                 0x00000000   Number         0  sim.o ABSOLUTE
    ..\\..\\User\\stm32f4xx_it.c             0x00000000   Number         0  stm32f4xx_it.o ABSOLUTE
    cdrcmple.s                               0x00000000   Number         0  cdrcmple.o ABSOLUTE
    dc.s                                     0x00000000   Number         0  dc.o ABSOLUTE
    handlers.s                               0x00000000   Number         0  handlers.o ABSOLUTE
    init.s                                   0x00000000   Number         0  init.o ABSOLUTE
    RESET                                    0x08000000   Section      392  startup_stm32f40xx.o(RESET)
    .ARM.Collect$$$$00000000                 0x08000188   Section        0  entry.o(.ARM.Collect$$$$00000000)
    .ARM.Collect$$$$00000001                 0x08000188   Section        4  entry2.o(.ARM.Collect$$$$00000001)
    .ARM.Collect$$$$00000004                 0x0800018c   Section        4  entry5.o(.ARM.Collect$$$$00000004)
    .ARM.Collect$$$$00000008                 0x08000190   Section        0  entry7b.o(.ARM.Collect$$$$00000008)
    .ARM.Collect$$$$0000000A                 0x08000190   Section        0  entry8b.o(.ARM.Collect$$$$0000000A)
    .ARM.Collect$$$$0000000B                 0x08000190   Section        8  entry9a.o(.ARM.Collect$$$$0000000B)
    .ARM.Collect$$$$0000000E                 0x08000198   Section        4  entry12b.o(.ARM.Collect$$$$0000000E)
    .ARM.Collect$$$$0000000F                 0x0800019c   Section        0  entry10a.o(.ARM.Collect$$$$0000000F)
    .ARM.Collect$$$$00000011                 0x0800019c   Section        0  entry11a.o(.ARM.Collect$$$$00000011)
    .ARM.Collect$$$$00002712                 0x0800019c   Section        4  entry2.o(.ARM.Collect$$$$00002712)
    __lit__00000000                          0x0800019c   Data           4  entry2.o(.ARM.Collect$$$$00002712)
    .text                                    0x080001a0   Section       36  startup_stm32f40xx.o(.text)
    $v0                                      0x080001a0   Number         0  startup_stm32f40xx.o(.text)
    .text                                    0x080001c4   Section        0  memcpya.o(.text)
    .text                                    0x080001e8   Section       36  init.o(.text)
    .text                                    0x080001e8   Section        0  iusefp.o(.text)
    i.APP_Init                               0x0800020c   Section        0  app.o(i.APP_Init)
    i.APP_Step                               0x0800024c   Section        0  app.o(i.APP_Step)
    i.BEEP_GPIO_Config                       0x08000274   Section        0  bsp_beep.o(i.BEEP_GPIO_Config)
    i.BSP_Clock_Init                         0x080002b0   Section        0  bsp_clock.o(i.BSP_Clock_Init)
    i.BSP_DelayMs                            0x08000334   Section        0  bsp_clock.o(i.BSP_DelayMs)
    i.BSP_Micros                             0x0800034c   Section        0  bsp_clock.o(i.BSP_Micros)
    i.BSP_Millis                             0x08000394   Section        0  bsp_clock.o(i.BSP_Millis)
    i.BSP_SPI_Init                           0x080003a0   Section        0  bsp_spi.o(i.BSP_SPI_Init)
    i.BSP_SPI_SendFrame                      0x08000474   Section        0  bsp_spi.o(i.BSP_SPI_SendFrame)
    i.BSP_SysTick_Init                       0x0800058c   Section        0  bsp_clock.o(i.BSP_SysTick_Init)
    i.BSP_Timer_Init                         0x080005c0   Section        0  bsp_timer.o(i.BSP_Timer_Init)
    i.BSP_Timer_SetRate                      0x080005e0   Section        0  bsp_timer.o(i.BSP_Timer_SetRate)
    i.BSP_Timer_Start                        0x08000644   Section        0  bsp_timer.o(i.BSP_Timer_Start)
    i.BSP_Timer_Stop                         0x0800066c   Section        0  bsp_timer.o(i.BSP_Timer_Stop)
    i.BSP_Timer_TakeRequests                 0x08000688   Section        0  bsp_timer.o(i.BSP_Timer_TakeRequests)
    i.BSP_UART_GetByte                       0x0800069c   Section        0  bsp_uart.o(i.BSP_UART_GetByte)
    i.BSP_UART_Init                          0x080006d0   Section        0  bsp_uart.o(i.BSP_UART_Init)
    i.BSP_UART_Send                          0x0800078c   Section        0  bsp_uart.o(i.BSP_UART_Send)
    i.BSP_UART_TX_Avail                      0x080007d8   Section        0  bsp_uart.o(i.BSP_UART_TX_Avail)
    i.BusFault_Handler                       0x080007f4   Section        0  stm32f4xx_it.o(i.BusFault_Handler)
    i.DebugMon_Handler                       0x080007f6   Section        0  stm32f4xx_it.o(i.DebugMon_Handler)
    i.FLASH_DataCacheCmd                     0x080007f8   Section        0  stm32f4xx_flash.o(i.FLASH_DataCacheCmd)
    i.FLASH_InstructionCacheCmd              0x08000818   Section        0  stm32f4xx_flash.o(i.FLASH_InstructionCacheCmd)
    i.FLASH_PrefetchBufferCmd                0x08000838   Section        0  stm32f4xx_flash.o(i.FLASH_PrefetchBufferCmd)
    i.FLASH_SetLatency                       0x08000858   Section        0  stm32f4xx_flash.o(i.FLASH_SetLatency)
    i.GPIO_Init                              0x08000864   Section        0  stm32f4xx_gpio.o(i.GPIO_Init)
    i.GPIO_PinAFConfig                       0x080008e0   Section        0  stm32f4xx_gpio.o(i.GPIO_PinAFConfig)
    i.GPIO_ResetBits                         0x08000900   Section        0  stm32f4xx_gpio.o(i.GPIO_ResetBits)
    i.GPIO_SetBits                           0x08000904   Section        0  stm32f4xx_gpio.o(i.GPIO_SetBits)
    i.HardFault_Handler                      0x08000908   Section        0  stm32f4xx_it.o(i.HardFault_Handler)
    i.MemManage_Handler                      0x0800090a   Section        0  stm32f4xx_it.o(i.MemManage_Handler)
    i.NMI_Handler                            0x0800090c   Section        0  stm32f4xx_it.o(i.NMI_Handler)
    i.NVIC_Init                              0x08000910   Section        0  misc.o(i.NVIC_Init)
    i.PendSV_Handler                         0x08000978   Section        0  stm32f4xx_it.o(i.PendSV_Handler)
    i.Proto_BuildFrame                       0x0800097a   Section        0  proto.o(i.Proto_BuildFrame)
    i.Proto_CRC16                            0x080009f2   Section        0  proto.o(i.Proto_CRC16)
    i.RCC_AHB1PeriphClockCmd                 0x08000a2c   Section        0  stm32f4xx_rcc.o(i.RCC_AHB1PeriphClockCmd)
    i.RCC_APB1PeriphClockCmd                 0x08000a48   Section        0  stm32f4xx_rcc.o(i.RCC_APB1PeriphClockCmd)
    i.RCC_APB1PeriphResetCmd                 0x08000a64   Section        0  stm32f4xx_rcc.o(i.RCC_APB1PeriphResetCmd)
    i.RCC_APB2PeriphClockCmd                 0x08000a80   Section        0  stm32f4xx_rcc.o(i.RCC_APB2PeriphClockCmd)
    i.RCC_APB2PeriphResetCmd                 0x08000a9c   Section        0  stm32f4xx_rcc.o(i.RCC_APB2PeriphResetCmd)
    i.RCC_DeInit                             0x08000ab8   Section        0  stm32f4xx_rcc.o(i.RCC_DeInit)
    i.RCC_GetClocksFreq                      0x08000b0c   Section        0  stm32f4xx_rcc.o(i.RCC_GetClocksFreq)
    i.RCC_GetFlagStatus                      0x08000bb0   Section        0  stm32f4xx_rcc.o(i.RCC_GetFlagStatus)
    i.RCC_GetSYSCLKSource                    0x08000be8   Section        0  stm32f4xx_rcc.o(i.RCC_GetSYSCLKSource)
    i.RCC_HCLKConfig                         0x08000bf8   Section        0  stm32f4xx_rcc.o(i.RCC_HCLKConfig)
    i.RCC_HSICmd                             0x08000c0c   Section        0  stm32f4xx_rcc.o(i.RCC_HSICmd)
    i.RCC_PCLK1Config                        0x08000c18   Section        0  stm32f4xx_rcc.o(i.RCC_PCLK1Config)
    i.RCC_PCLK2Config                        0x08000c2c   Section        0  stm32f4xx_rcc.o(i.RCC_PCLK2Config)
    i.RCC_PLLCmd                             0x08000c40   Section        0  stm32f4xx_rcc.o(i.RCC_PLLCmd)
    i.RCC_PLLConfig                          0x08000c4c   Section        0  stm32f4xx_rcc.o(i.RCC_PLLConfig)
    i.RCC_SYSCLKConfig                       0x08000c70   Section        0  stm32f4xx_rcc.o(i.RCC_SYSCLKConfig)
    i.SIM_Generate                           0x08000c84   Section        0  sim.o(i.SIM_Generate)
    i.SIM_Init                               0x08000e80   Section        0  sim.o(i.SIM_Init)
    i.SIM_Reset                              0x08000f10   Section        0  sim.o(i.SIM_Reset)
    i.SPI_Cmd                                0x08000f74   Section        0  stm32f4xx_spi.o(i.SPI_Cmd)
    i.SPI_I2S_GetFlagStatus                  0x08000f8c   Section        0  stm32f4xx_spi.o(i.SPI_I2S_GetFlagStatus)
    i.SPI_I2S_ReceiveData                    0x08000f9a   Section        0  stm32f4xx_spi.o(i.SPI_I2S_ReceiveData)
    i.SPI_I2S_SendData                       0x08000f9e   Section        0  stm32f4xx_spi.o(i.SPI_I2S_SendData)
    i.SPI_Init                               0x08000fa2   Section        0  stm32f4xx_spi.o(i.SPI_Init)
    i.SVC_Handler                            0x08000fda   Section        0  stm32f4xx_it.o(i.SVC_Handler)
    i.SetSysClock                            0x08000fdc   Section        0  system_stm32f4xx.o(i.SetSysClock)
    SetSysClock                              0x08000fdd   Thumb Code   168  system_stm32f4xx.o(i.SetSysClock)
    i.SysTick_Handler                        0x08001094   Section        0  bsp_clock.o(i.SysTick_Handler)
    i.SystemInit                             0x080010a4   Section        0  system_stm32f4xx.o(i.SystemInit)
    i.TIM2_IRQHandler                        0x08001100   Section        0  bsp_timer.o(i.TIM2_IRQHandler)
    i.TIM_ClearFlag                          0x0800113c   Section        0  stm32f4xx_tim.o(i.TIM_ClearFlag)
    i.TIM_ClearITPendingBit                  0x08001142   Section        0  stm32f4xx_tim.o(i.TIM_ClearITPendingBit)
    i.TIM_Cmd                                0x08001148   Section        0  stm32f4xx_tim.o(i.TIM_Cmd)
    i.TIM_DeInit                             0x08001160   Section        0  stm32f4xx_tim.o(i.TIM_DeInit)
    i.TIM_GetITStatus                        0x0800130c   Section        0  stm32f4xx_tim.o(i.TIM_GetITStatus)
    i.TIM_ITConfig                           0x08001324   Section        0  stm32f4xx_tim.o(i.TIM_ITConfig)
    i.TIM_SetCounter                         0x08001338   Section        0  stm32f4xx_tim.o(i.TIM_SetCounter)
    i.TIM_TimeBaseInit                       0x0800133c   Section        0  stm32f4xx_tim.o(i.TIM_TimeBaseInit)
    i.USART1_IRQHandler                      0x080013b8   Section        0  bsp_uart.o(i.USART1_IRQHandler)
    i.USART_Cmd                              0x0800144c   Section        0  stm32f4xx_usart.o(i.USART_Cmd)
    i.USART_GetFlagStatus                    0x08001464   Section        0  stm32f4xx_usart.o(i.USART_GetFlagStatus)
    i.USART_GetITStatus                      0x08001472   Section        0  stm32f4xx_usart.o(i.USART_GetITStatus)
    i.USART_ITConfig                         0x080014b2   Section        0  stm32f4xx_usart.o(i.USART_ITConfig)
    i.USART_Init                             0x080014e8   Section        0  stm32f4xx_usart.o(i.USART_Init)
    i.USART_ReceiveData                      0x080015a4   Section        0  stm32f4xx_usart.o(i.USART_ReceiveData)
    i.USART_SendData                         0x080015ac   Section        0  stm32f4xx_usart.o(i.USART_SendData)
    i.UsageFault_Handler                     0x080015b4   Section        0  stm32f4xx_it.o(i.UsageFault_Handler)
    i.__ARM_fpclassifyf                      0x080015b6   Section        0  fpclassifyf.o(i.__ARM_fpclassifyf)
    i.__hardfp_cosf                          0x080015dc   Section        0  cosf.o(i.__hardfp_cosf)
    i.__hardfp_floorf                        0x0800172c   Section        0  floorf.o(i.__hardfp_floorf)
    i.__hardfp_logf                          0x0800179c   Section        0  logf.o(i.__hardfp_logf)
    i.__hardfp_sinf                          0x08001908   Section        0  sinf.o(i.__hardfp_sinf)
    i.__hardfp_sqrtf                         0x08001a98   Section        0  sqrtf.o(i.__hardfp_sqrtf)
    i.__mathlib_flt_divzero                  0x08001ad4   Section        0  funder.o(i.__mathlib_flt_divzero)
    i.__mathlib_flt_infnan                   0x08001ae8   Section        0  funder.o(i.__mathlib_flt_infnan)
    i.__mathlib_flt_invalid                  0x08001af0   Section        0  funder.o(i.__mathlib_flt_invalid)
    i.__mathlib_flt_underflow                0x08001b00   Section        0  funder.o(i.__mathlib_flt_underflow)
    i.__mathlib_rredf2                       0x08001b10   Section        0  rredf.o(i.__mathlib_rredf2)
    i.__scatterload_copy                     0x08001c64   Section       14  handlers.o(i.__scatterload_copy)
    i.__scatterload_null                     0x08001c72   Section        2  handlers.o(i.__scatterload_null)
    i.__scatterload_zeroinit                 0x08001c74   Section       14  handlers.o(i.__scatterload_zeroinit)
    i.__set_errno                            0x08001c84   Section        0  errno.o(i.__set_errno)
    i.cfg_load_default                       0x08001c90   Section        0  app.o(i.cfg_load_default)
    cfg_load_default                         0x08001c91   Thumb Code    68  app.o(i.cfg_load_default)
    i.clamp_i32                              0x08001cd4   Section        0  sim.o(i.clamp_i32)
    clamp_i32                                0x08001cd5   Thumb Code    16  sim.o(i.clamp_i32)
    i.clamp_u32                              0x08001ce4   Section        0  sim.o(i.clamp_u32)
    clamp_u32                                0x08001ce5   Thumb Code    16  sim.o(i.clamp_u32)
    i.dispatch_cmd                           0x08001cf4   Section        0  app.o(i.dispatch_cmd)
    dispatch_cmd                             0x08001cf5   Thumb Code   358  app.o(i.dispatch_cmd)
    i.frand                                  0x08001e70   Section        0  sim.o(i.frand)
    frand                                    0x08001e71   Thumb Code    26  sim.o(i.frand)
    i.gauss                                  0x08001e90   Section        0  sim.o(i.gauss)
    gauss                                    0x08001e91   Thumb Code    82  sim.o(i.gauss)
    i.main                                   0x08001ef0   Section        0  main.o(i.main)
    i.motion_pos                             0x08001f14   Section        0  sim.o(i.motion_pos)
    motion_pos                               0x08001f15   Thumb Code   482  sim.o(i.motion_pos)
    i.motion_value                           0x08002140   Section        0  sim.o(i.motion_value)
    motion_value                             0x08002141   Thumb Code   210  sim.o(i.motion_value)
    i.process_running                        0x08002230   Section        0  app.o(i.process_running)
    process_running                          0x08002231   Thumb Code   142  app.o(i.process_running)
    i.ring_next                              0x080022cc   Section        0  bsp_uart.o(i.ring_next)
    ring_next                                0x080022cd   Thumb Code    16  bsp_uart.o(i.ring_next)
    i.rx_feed                                0x080022dc   Section        0  app.o(i.rx_feed)
    rx_feed                                  0x080022dd   Thumb Code   344  app.o(i.rx_feed)
    i.rx_reset                               0x08002448   Section        0  app.o(i.rx_reset)
    rx_reset                                 0x08002449   Thumb Code     8  app.o(i.rx_reset)
    i.send_ack                               0x08002454   Section        0  app.o(i.send_ack)
    send_ack                                 0x08002455   Thumb Code    56  app.o(i.send_ack)
    i.send_frame                             0x08002490   Section        0  app.o(i.send_frame)
    send_frame                               0x08002491   Thumb Code    64  app.o(i.send_frame)
    i.send_status                            0x080024d8   Section        0  app.o(i.send_status)
    send_status                              0x080024d9   Thumb Code    90  app.o(i.send_status)
    i.uart_kick_tx                           0x08002540   Section        0  bsp_uart.o(i.uart_kick_tx)
    uart_kick_tx                             0x08002541   Thumb Code    12  bsp_uart.o(i.uart_kick_tx)
    i.xorshift32                             0x08002550   Section        0  sim.o(i.xorshift32)
    xorshift32                               0x08002551   Thumb Code    20  sim.o(i.xorshift32)
    .constdata                               0x08002568   Section       64  logf.o(.constdata)
    logahi                                   0x08002568   Data          32  logf.o(.constdata)
    logalo                                   0x08002588   Data          32  logf.o(.constdata)
    .constdata                               0x080025a8   Section       32  rredf.o(.constdata)
    twooverpi                                0x080025a8   Data          32  rredf.o(.constdata)
    .data                                    0x20000000   Section       20  system_stm32f4xx.o(.data)
    .data                                    0x20000014   Section       16  stm32f4xx_rcc.o(.data)
    APBAHBPrescTable                         0x20000014   Data          16  stm32f4xx_rcc.o(.data)
    .data                                    0x20000024   Section        4  bsp_clock.o(.data)
    .data                                    0x20000028   Section       12  bsp_timer.o(.data)
    g_running                                0x20000028   Data           1  bsp_timer.o(.data)
    g_pending                                0x2000002a   Data           2  bsp_timer.o(.data)
    g_dropped                                0x2000002c   Data           4  bsp_timer.o(.data)
    g_cur_rate_hz                            0x20000030   Data           4  bsp_timer.o(.data)
    .data                                    0x20000034   Section        4  sim.o(.data)
    prng_state                               0x20000034   Data           4  sim.o(.data)
    .data                                    0x20000038   Section       44  app.o(.data)
    s_running                                0x20000038   Data           1  app.o(.data)
    ps                                       0x20000039   Data           1  app.o(.data)
    rx_type                                  0x2000003a   Data           1  app.o(.data)
    s_data_seq                               0x2000003c   Data           2  app.o(.data)
    s_telemetry_skip                         0x2000003e   Data           2  app.o(.data)
    rx_len                                   0x20000040   Data           2  app.o(.data)
    rx_seq                                   0x20000042   Data           2  app.o(.data)
    rx_pl_idx                                0x20000044   Data           2  app.o(.data)
    rx_crc                                   0x20000046   Data           2  app.o(.data)
    s_frame_index                            0x20000048   Data           4  app.o(.data)
    s_frame_count                            0x2000004c   Data           4  app.o(.data)
    s_spi_overrun                            0x20000050   Data           4  app.o(.data)
    s_uart_overrun                           0x20000054   Data           4  app.o(.data)
    s_crc_errors                             0x20000058   Data           4  app.o(.data)
    s_cmd_count                              0x2000005c   Data           4  app.o(.data)
    rx_ts                                    0x20000060   Data           4  app.o(.data)
    .data                                    0x20000064   Section        4  errno.o(.data)
    _errno                                   0x20000064   Data           4  errno.o(.data)
    .bss                                     0x20000068   Section     2056  bsp_uart.o(.bss)
    tx_ring                                  0x20000068   Data        1028  bsp_uart.o(.bss)
    rx_ring                                  0x2000046c   Data        1028  bsp_uart.o(.bss)
    .bss                                     0x20000870   Section      128  sim.o(.bss)
    tg                                       0x20000870   Data         128  sim.o(.bss)
    .bss                                     0x200008f0   Section     1644  app.o(.bss)
    outbuf                                   0x200008f0   Data         269  app.o(.bss)
    outbuf                                   0x200009fd   Data         269  app.o(.bss)
    outbuf                                   0x20000b0a   Data         269  app.o(.bss)
    tmp                                      0x20000c17   Data         265  app.o(.bss)
    frame_buf                                0x20000d20   Data         269  app.o(.bss)
    s_cfg                                    0x20000e2d   Data          38  app.o(.bss)
    rx_payload                               0x20000e53   Data         256  app.o(.bss)
    rx_hdrbuf                                0x20000f53   Data           9  app.o(.bss)
    STACK                                    0x20000f60   Section     1024  startup_stm32f40xx.o(STACK)

    Global Symbols

    Symbol Name                              Value     Ov Type        Size  Object(Section)

    BuildAttributes$$THM_ISAv4$E$P$D$K$B$S$7EM$VFPi3$EXTD16$VFPS$VFMA$PE$A:L22UL41UL21$X:L11$S22US41US21$IEEE1$IW$USESV6$~STKCKD$USESV7$~SHL$OTIME$ROPI$IEEEX$EBA8$MICROLIB$REQ8$PRES8$EABIv2 0x00000000   Number         0  anon$$obj.o ABSOLUTE
    __ARM_use_no_argv                        0x00000000   Number         0  main.o ABSOLUTE
    __arm_fini_                               - Undefined Weak Reference
    __cpp_initialize__aeabi_                  - Undefined Weak Reference
    __cxa_finalize                            - Undefined Weak Reference
    __decompress                              - Undefined Weak Reference
    _clock_init                               - Undefined Weak Reference
    _microlib_exit                            - Undefined Weak Reference
    __Vectors_Size                           0x00000188   Number         0  startup_stm32f40xx.o ABSOLUTE
    __Vectors                                0x08000000   Data           4  startup_stm32f40xx.o(RESET)
    __Vectors_End                            0x08000188   Data           0  startup_stm32f40xx.o(RESET)
    __main                                   0x08000189   Thumb Code     0  entry.o(.ARM.Collect$$$$00000000)
    _main_stk                                0x08000189   Thumb Code     0  entry2.o(.ARM.Collect$$$$00000001)
    _main_scatterload                        0x0800018d   Thumb Code     0  entry5.o(.ARM.Collect$$$$00000004)
    __main_after_scatterload                 0x08000191   Thumb Code     0  entry5.o(.ARM.Collect$$$$00000004)
    _main_clock                              0x08000191   Thumb Code     0  entry7b.o(.ARM.Collect$$$$00000008)
    _main_cpp_init                           0x08000191   Thumb Code     0  entry8b.o(.ARM.Collect$$$$0000000A)
    _main_init                               0x08000191   Thumb Code     0  entry9a.o(.ARM.Collect$$$$0000000B)
    __rt_lib_shutdown_fini                   0x08000199   Thumb Code     0  entry12b.o(.ARM.Collect$$$$0000000E)
    __rt_final_cpp                           0x0800019d   Thumb Code     0  entry10a.o(.ARM.Collect$$$$0000000F)
    __rt_final_exit                          0x0800019d   Thumb Code     0  entry11a.o(.ARM.Collect$$$$00000011)
    Reset_Handler                            0x080001a1   Thumb Code     8  startup_stm32f40xx.o(.text)
    ADC_IRQHandler                           0x080001bb   Thumb Code     0  startup_stm32f40xx.o(.text)
    CAN1_RX0_IRQHandler                      0x080001bb   Thumb Code     0  startup_stm32f40xx.o(.text)
    CAN1_RX1_IRQHandler                      0x080001bb   Thumb Code     0  startup_stm32f40xx.o(.text)
    CAN1_SCE_IRQHandler                      0x080001bb   Thumb Code     0  startup_stm32f40xx.o(.text)
    CAN1_TX_IRQHandler                       0x080001bb   Thumb Code     0  startup_stm32f40xx.o(.text)
    CAN2_RX0_IRQHandler                      0x080001bb   Thumb Code     0  startup_stm32f40xx.o(.text)
    CAN2_RX1_IRQHandler                      0x080001bb   Thumb Code     0  startup_stm32f40xx.o(.text)
    CAN2_SCE_IRQHandler                      0x080001bb   Thumb Code     0  startup_stm32f40xx.o(.text)
    CAN2_TX_IRQHandler                       0x080001bb   Thumb Code     0  startup_stm32f40xx.o(.text)
    CRYP_IRQHandler                          0x080001bb   Thumb Code     0  startup_stm32f40xx.o(.text)
    DCMI_IRQHandler                          0x080001bb   Thumb Code     0  startup_stm32f40xx.o(.text)
    DMA1_Stream0_IRQHandler                  0x080001bb   Thumb Code     0  startup_stm32f40xx.o(.text)
    DMA1_Stream1_IRQHandler                  0x080001bb   Thumb Code     0  startup_stm32f40xx.o(.text)
    DMA1_Stream2_IRQHandler                  0x080001bb   Thumb Code     0  startup_stm32f40xx.o(.text)
    DMA1_Stream3_IRQHandler                  0x080001bb   Thumb Code     0  startup_stm32f40xx.o(.text)
    DMA1_Stream4_IRQHandler                  0x080001bb   Thumb Code     0  startup_stm32f40xx.o(.text)
    DMA1_Stream5_IRQHandler                  0x080001bb   Thumb Code     0  startup_stm32f40xx.o(.text)
    DMA1_Stream6_IRQHandler                  0x080001bb   Thumb Code     0  startup_stm32f40xx.o(.text)
    DMA1_Stream7_IRQHandler                  0x080001bb   Thumb Code     0  startup_stm32f40xx.o(.text)
    DMA2_Stream0_IRQHandler                  0x080001bb   Thumb Code     0  startup_stm32f40xx.o(.text)
    DMA2_Stream1_IRQHandler                  0x080001bb   Thumb Code     0  startup_stm32f40xx.o(.text)
    DMA2_Stream2_IRQHandler                  0x080001bb   Thumb Code     0  startup_stm32f40xx.o(.text)
    DMA2_Stream3_IRQHandler                  0x080001bb   Thumb Code     0  startup_stm32f40xx.o(.text)
    DMA2_Stream4_IRQHandler                  0x080001bb   Thumb Code     0  startup_stm32f40xx.o(.text)
    DMA2_Stream5_IRQHandler                  0x080001bb   Thumb Code     0  startup_stm32f40xx.o(.text)
    DMA2_Stream6_IRQHandler                  0x080001bb   Thumb Code     0  startup_stm32f40xx.o(.text)
    DMA2_Stream7_IRQHandler                  0x080001bb   Thumb Code     0  startup_stm32f40xx.o(.text)
    ETH_IRQHandler                           0x080001bb   Thumb Code     0  startup_stm32f40xx.o(.text)
    ETH_WKUP_IRQHandler                      0x080001bb   Thumb Code     0  startup_stm32f40xx.o(.text)
    EXTI0_IRQHandler                         0x080001bb   Thumb Code     0  startup_stm32f40xx.o(.text)
    EXTI15_10_IRQHandler                     0x080001bb   Thumb Code     0  startup_stm32f40xx.o(.text)
    EXTI1_IRQHandler                         0x080001bb   Thumb Code     0  startup_stm32f40xx.o(.text)
    EXTI2_IRQHandler                         0x080001bb   Thumb Code     0  startup_stm32f40xx.o(.text)
    EXTI3_IRQHandler                         0x080001bb   Thumb Code     0  startup_stm32f40xx.o(.text)
    EXTI4_IRQHandler                         0x080001bb   Thumb Code     0  startup_stm32f40xx.o(.text)
    EXTI9_5_IRQHandler                       0x080001bb   Thumb Code     0  startup_stm32f40xx.o(.text)
    FLASH_IRQHandler                         0x080001bb   Thumb Code     0  startup_stm32f40xx.o(.text)
    FPU_IRQHandler                           0x080001bb   Thumb Code     0  startup_stm32f40xx.o(.text)
    FSMC_IRQHandler                          0x080001bb   Thumb Code     0  startup_stm32f40xx.o(.text)
    HASH_RNG_IRQHandler                      0x080001bb   Thumb Code     0  startup_stm32f40xx.o(.text)
    I2C1_ER_IRQHandler                       0x080001bb   Thumb Code     0  startup_stm32f40xx.o(.text)
    I2C1_EV_IRQHandler                       0x080001bb   Thumb Code     0  startup_stm32f40xx.o(.text)
    I2C2_ER_IRQHandler                       0x080001bb   Thumb Code     0  startup_stm32f40xx.o(.text)
    I2C2_EV_IRQHandler                       0x080001bb   Thumb Code     0  startup_stm32f40xx.o(.text)
    I2C3_ER_IRQHandler                       0x080001bb   Thumb Code     0  startup_stm32f40xx.o(.text)
    I2C3_EV_IRQHandler                       0x080001bb   Thumb Code     0  startup_stm32f40xx.o(.text)
    OTG_FS_IRQHandler                        0x080001bb   Thumb Code     0  startup_stm32f40xx.o(.text)
    OTG_FS_WKUP_IRQHandler                   0x080001bb   Thumb Code     0  startup_stm32f40xx.o(.text)
    OTG_HS_EP1_IN_IRQHandler                 0x080001bb   Thumb Code     0  startup_stm32f40xx.o(.text)
    OTG_HS_EP1_OUT_IRQHandler                0x080001bb   Thumb Code     0  startup_stm32f40xx.o(.text)
    OTG_HS_IRQHandler                        0x080001bb   Thumb Code     0  startup_stm32f40xx.o(.text)
    OTG_HS_WKUP_IRQHandler                   0x080001bb   Thumb Code     0  startup_stm32f40xx.o(.text)
    PVD_IRQHandler                           0x080001bb   Thumb Code     0  startup_stm32f40xx.o(.text)
    RCC_IRQHandler                           0x080001bb   Thumb Code     0  startup_stm32f40xx.o(.text)
    RTC_Alarm_IRQHandler                     0x080001bb   Thumb Code     0  startup_stm32f40xx.o(.text)
    RTC_WKUP_IRQHandler                      0x080001bb   Thumb Code     0  startup_stm32f40xx.o(.text)
    SDIO_IRQHandler                          0x080001bb   Thumb Code     0  startup_stm32f40xx.o(.text)
    SPI1_IRQHandler                          0x080001bb   Thumb Code     0  startup_stm32f40xx.o(.text)
    SPI2_IRQHandler                          0x080001bb   Thumb Code     0  startup_stm32f40xx.o(.text)
    SPI3_IRQHandler                          0x080001bb   Thumb Code     0  startup_stm32f40xx.o(.text)
    TAMP_STAMP_IRQHandler                    0x080001bb   Thumb Code     0  startup_stm32f40xx.o(.text)
    TIM1_BRK_TIM9_IRQHandler                 0x080001bb   Thumb Code     0  startup_stm32f40xx.o(.text)
    TIM1_CC_IRQHandler                       0x080001bb   Thumb Code     0  startup_stm32f40xx.o(.text)
    TIM1_TRG_COM_TIM11_IRQHandler            0x080001bb   Thumb Code     0  startup_stm32f40xx.o(.text)
    TIM1_UP_TIM10_IRQHandler                 0x080001bb   Thumb Code     0  startup_stm32f40xx.o(.text)
    TIM3_IRQHandler                          0x080001bb   Thumb Code     0  startup_stm32f40xx.o(.text)
    TIM4_IRQHandler                          0x080001bb   Thumb Code     0  startup_stm32f40xx.o(.text)
    TIM5_IRQHandler                          0x080001bb   Thumb Code     0  startup_stm32f40xx.o(.text)
    TIM6_DAC_IRQHandler                      0x080001bb   Thumb Code     0  startup_stm32f40xx.o(.text)
    TIM7_IRQHandler                          0x080001bb   Thumb Code     0  startup_stm32f40xx.o(.text)
    TIM8_BRK_TIM12_IRQHandler                0x080001bb   Thumb Code     0  startup_stm32f40xx.o(.text)
    TIM8_CC_IRQHandler                       0x080001bb   Thumb Code     0  startup_stm32f40xx.o(.text)
    TIM8_TRG_COM_TIM14_IRQHandler            0x080001bb   Thumb Code     0  startup_stm32f40xx.o(.text)
    TIM8_UP_TIM13_IRQHandler                 0x080001bb   Thumb Code     0  startup_stm32f40xx.o(.text)
    UART4_IRQHandler                         0x080001bb   Thumb Code     0  startup_stm32f40xx.o(.text)
    UART5_IRQHandler                         0x080001bb   Thumb Code     0  startup_stm32f40xx.o(.text)
    USART2_IRQHandler                        0x080001bb   Thumb Code     0  startup_stm32f40xx.o(.text)
    USART3_IRQHandler                        0x080001bb   Thumb Code     0  startup_stm32f40xx.o(.text)
    USART6_IRQHandler                        0x080001bb   Thumb Code     0  startup_stm32f40xx.o(.text)
    WWDG_IRQHandler                          0x080001bb   Thumb Code     0  startup_stm32f40xx.o(.text)
    __aeabi_memcpy                           0x080001c5   Thumb Code    36  memcpya.o(.text)
    __aeabi_memcpy4                          0x080001c5   Thumb Code     0  memcpya.o(.text)
    __aeabi_memcpy8                          0x080001c5   Thumb Code     0  memcpya.o(.text)
    __I$use$fp                               0x080001e9   Thumb Code     0  iusefp.o(.text)
    __scatterload                            0x080001e9   Thumb Code    28  init.o(.text)
    __scatterload_rt2                        0x080001e9   Thumb Code     0  init.o(.text)
    APP_Init                                 0x0800020d   Thumb Code    54  app.o(i.APP_Init)
    APP_Step                                 0x0800024d   Thumb Code    36  app.o(i.APP_Step)
    BEEP_GPIO_Config                         0x08000275   Thumb Code    56  bsp_beep.o(i.BEEP_GPIO_Config)
    BSP_Clock_Init                           0x080002b1   Thumb Code   124  bsp_clock.o(i.BSP_Clock_Init)
    BSP_DelayMs                              0x08000335   Thumb Code    22  bsp_clock.o(i.BSP_DelayMs)
    BSP_Micros                               0x0800034d   Thumb Code    58  bsp_clock.o(i.BSP_Micros)
    BSP_Millis                               0x08000395   Thumb Code     6  bsp_clock.o(i.BSP_Millis)
    BSP_SPI_Init                             0x080003a1   Thumb Code   204  bsp_spi.o(i.BSP_SPI_Init)
    BSP_SPI_SendFrame                        0x08000475   Thumb Code   272  bsp_spi.o(i.BSP_SPI_SendFrame)
    BSP_SysTick_Init                         0x0800058d   Thumb Code    42  bsp_clock.o(i.BSP_SysTick_Init)
    BSP_Timer_Init                           0x080005c1   Thumb Code    28  bsp_timer.o(i.BSP_Timer_Init)
    BSP_Timer_SetRate                        0x080005e1   Thumb Code    90  bsp_timer.o(i.BSP_Timer_SetRate)
    BSP_Timer_Start                          0x08000645   Thumb Code    36  bsp_timer.o(i.BSP_Timer_Start)
    BSP_Timer_Stop                           0x0800066d   Thumb Code    22  bsp_timer.o(i.BSP_Timer_Stop)
    BSP_Timer_TakeRequests                   0x08000689   Thumb Code    14  bsp_timer.o(i.BSP_Timer_TakeRequests)
    BSP_UART_GetByte                         0x0800069d   Thumb Code    46  bsp_uart.o(i.BSP_UART_GetByte)
    BSP_UART_Init                            0x080006d1   Thumb Code   176  bsp_uart.o(i.BSP_UART_Init)
    BSP_UART_Send                            0x0800078d   Thumb Code    72  bsp_uart.o(i.BSP_UART_Send)
    BSP_UART_TX_Avail                        0x080007d9   Thumb Code    22  bsp_uart.o(i.BSP_UART_TX_Avail)
    BusFault_Handler                         0x080007f5   Thumb Code     2  stm32f4xx_it.o(i.BusFault_Handler)
    DebugMon_Handler                         0x080007f7   Thumb Code     2  stm32f4xx_it.o(i.DebugMon_Handler)
    FLASH_DataCacheCmd                       0x080007f9   Thumb Code    26  stm32f4xx_flash.o(i.FLASH_DataCacheCmd)
    FLASH_InstructionCacheCmd                0x08000819   Thumb Code    26  stm32f4xx_flash.o(i.FLASH_InstructionCacheCmd)
    FLASH_PrefetchBufferCmd                  0x08000839   Thumb Code    26  stm32f4xx_flash.o(i.FLASH_PrefetchBufferCmd)
    FLASH_SetLatency                         0x08000859   Thumb Code     6  stm32f4xx_flash.o(i.FLASH_SetLatency)
    GPIO_Init                                0x08000865   Thumb Code   124  stm32f4xx_gpio.o(i.GPIO_Init)
    GPIO_PinAFConfig                         0x080008e1   Thumb Code    32  stm32f4xx_gpio.o(i.GPIO_PinAFConfig)
    GPIO_ResetBits                           0x08000901   Thumb Code     4  stm32f4xx_gpio.o(i.GPIO_ResetBits)
    GPIO_SetBits                             0x08000905   Thumb Code     4  stm32f4xx_gpio.o(i.GPIO_SetBits)
    HardFault_Handler                        0x08000909   Thumb Code     2  stm32f4xx_it.o(i.HardFault_Handler)
    MemManage_Handler                        0x0800090b   Thumb Code     2  stm32f4xx_it.o(i.MemManage_Handler)
    NMI_Handler                              0x0800090d   Thumb Code     2  stm32f4xx_it.o(i.NMI_Handler)
    NVIC_Init                                0x08000911   Thumb Code    98  misc.o(i.NVIC_Init)
    PendSV_Handler                           0x08000979   Thumb Code     2  stm32f4xx_it.o(i.PendSV_Handler)
    Proto_BuildFrame                         0x0800097b   Thumb Code   120  proto.o(i.Proto_BuildFrame)
    Proto_CRC16                              0x080009f3   Thumb Code    58  proto.o(i.Proto_CRC16)
    RCC_AHB1PeriphClockCmd                   0x08000a2d   Thumb Code    22  stm32f4xx_rcc.o(i.RCC_AHB1PeriphClockCmd)
    RCC_APB1PeriphClockCmd                   0x08000a49   Thumb Code    22  stm32f4xx_rcc.o(i.RCC_APB1PeriphClockCmd)
    RCC_APB1PeriphResetCmd                   0x08000a65   Thumb Code    22  stm32f4xx_rcc.o(i.RCC_APB1PeriphResetCmd)
    RCC_APB2PeriphClockCmd                   0x08000a81   Thumb Code    22  stm32f4xx_rcc.o(i.RCC_APB2PeriphClockCmd)
    RCC_APB2PeriphResetCmd                   0x08000a9d   Thumb Code    22  stm32f4xx_rcc.o(i.RCC_APB2PeriphResetCmd)
    RCC_DeInit                               0x08000ab9   Thumb Code    68  stm32f4xx_rcc.o(i.RCC_DeInit)
    RCC_GetClocksFreq                        0x08000b0d   Thumb Code   148  stm32f4xx_rcc.o(i.RCC_GetClocksFreq)
    RCC_GetFlagStatus                        0x08000bb1   Thumb Code    50  stm32f4xx_rcc.o(i.RCC_GetFlagStatus)
    RCC_GetSYSCLKSource                      0x08000be9   Thumb Code    10  stm32f4xx_rcc.o(i.RCC_GetSYSCLKSource)
    RCC_HCLKConfig                           0x08000bf9   Thumb Code    14  stm32f4xx_rcc.o(i.RCC_HCLKConfig)
    RCC_HSICmd                               0x08000c0d   Thumb Code     6  stm32f4xx_rcc.o(i.RCC_HSICmd)
    RCC_PCLK1Config                          0x08000c19   Thumb Code    14  stm32f4xx_rcc.o(i.RCC_PCLK1Config)
    RCC_PCLK2Config                          0x08000c2d   Thumb Code    16  stm32f4xx_rcc.o(i.RCC_PCLK2Config)
    RCC_PLLCmd                               0x08000c41   Thumb Code     6  stm32f4xx_rcc.o(i.RCC_PLLCmd)
    RCC_PLLConfig                            0x08000c4d   Thumb Code    32  stm32f4xx_rcc.o(i.RCC_PLLConfig)
    RCC_SYSCLKConfig                         0x08000c71   Thumb Code    14  stm32f4xx_rcc.o(i.RCC_SYSCLKConfig)
    SIM_Generate                             0x08000c85   Thumb Code   490  sim.o(i.SIM_Generate)
    SIM_Init                                 0x08000e81   Thumb Code   114  sim.o(i.SIM_Init)
    SIM_Reset                                0x08000f11   Thumb Code    80  sim.o(i.SIM_Reset)
    SPI_Cmd                                  0x08000f75   Thumb Code    24  stm32f4xx_spi.o(i.SPI_Cmd)
    SPI_I2S_GetFlagStatus                    0x08000f8d   Thumb Code    14  stm32f4xx_spi.o(i.SPI_I2S_GetFlagStatus)
    SPI_I2S_ReceiveData                      0x08000f9b   Thumb Code     4  stm32f4xx_spi.o(i.SPI_I2S_ReceiveData)
    SPI_I2S_SendData                         0x08000f9f   Thumb Code     4  stm32f4xx_spi.o(i.SPI_I2S_SendData)
    SPI_Init                                 0x08000fa3   Thumb Code    56  stm32f4xx_spi.o(i.SPI_Init)
    SVC_Handler                              0x08000fdb   Thumb Code     2  stm32f4xx_it.o(i.SVC_Handler)
    SysTick_Handler                          0x08001095   Thumb Code    10  bsp_clock.o(i.SysTick_Handler)
    SystemInit                               0x080010a5   Thumb Code    74  system_stm32f4xx.o(i.SystemInit)
    TIM2_IRQHandler                          0x08001101   Thumb Code    54  bsp_timer.o(i.TIM2_IRQHandler)
    TIM_ClearFlag                            0x0800113d   Thumb Code     6  stm32f4xx_tim.o(i.TIM_ClearFlag)
    TIM_ClearITPendingBit                    0x08001143   Thumb Code     6  stm32f4xx_tim.o(i.TIM_ClearITPendingBit)
    TIM_Cmd                                  0x08001149   Thumb Code    24  stm32f4xx_tim.o(i.TIM_Cmd)
    TIM_DeInit                               0x08001161   Thumb Code   376  stm32f4xx_tim.o(i.TIM_DeInit)
    TIM_GetITStatus                          0x0800130d   Thumb Code    24  stm32f4xx_tim.o(i.TIM_GetITStatus)
    TIM_ITConfig                             0x08001325   Thumb Code    20  stm32f4xx_tim.o(i.TIM_ITConfig)
    TIM_SetCounter                           0x08001339   Thumb Code     4  stm32f4xx_tim.o(i.TIM_SetCounter)
    TIM_TimeBaseInit                         0x0800133d   Thumb Code    96  stm32f4xx_tim.o(i.TIM_TimeBaseInit)
    USART1_IRQHandler                        0x080013b9   Thumb Code   136  bsp_uart.o(i.USART1_IRQHandler)
    USART_Cmd                                0x0800144d   Thumb Code    24  stm32f4xx_usart.o(i.USART_Cmd)
    USART_GetFlagStatus                      0x08001465   Thumb Code    14  stm32f4xx_usart.o(i.USART_GetFlagStatus)
    USART_GetITStatus                        0x08001473   Thumb Code    64  stm32f4xx_usart.o(i.USART_GetITStatus)
    USART_ITConfig                           0x080014b3   Thumb Code    54  stm32f4xx_usart.o(i.USART_ITConfig)
    USART_Init                               0x080014e9   Thumb Code   180  stm32f4xx_usart.o(i.USART_Init)
    USART_ReceiveData                        0x080015a5   Thumb Code     8  stm32f4xx_usart.o(i.USART_ReceiveData)
    USART_SendData                           0x080015ad   Thumb Code     8  stm32f4xx_usart.o(i.USART_SendData)
    UsageFault_Handler                       0x080015b5   Thumb Code     2  stm32f4xx_it.o(i.UsageFault_Handler)
    __ARM_fpclassifyf                        0x080015b7   Thumb Code    38  fpclassifyf.o(i.__ARM_fpclassifyf)
    __hardfp_cosf                            0x080015dd   Thumb Code   280  cosf.o(i.__hardfp_cosf)
    __hardfp_floorf                          0x0800172d   Thumb Code    98  floorf.o(i.__hardfp_floorf)
    __hardfp_logf                            0x0800179d   Thumb Code   320  logf.o(i.__hardfp_logf)
    __mathlib_logf                           0x0800179d   Thumb Code     0  logf.o(i.__hardfp_logf)
    __hardfp_sinf                            0x08001909   Thumb Code   344  sinf.o(i.__hardfp_sinf)
    __hardfp_sqrtf                           0x08001a99   Thumb Code    58  sqrtf.o(i.__hardfp_sqrtf)
    __mathlib_flt_divzero                    0x08001ad5   Thumb Code    14  funder.o(i.__mathlib_flt_divzero)
    __mathlib_flt_infnan                     0x08001ae9   Thumb Code     6  funder.o(i.__mathlib_flt_infnan)
    __mathlib_flt_invalid                    0x08001af1   Thumb Code    10  funder.o(i.__mathlib_flt_invalid)
    __mathlib_flt_underflow                  0x08001b01   Thumb Code    10  funder.o(i.__mathlib_flt_underflow)
    __mathlib_rredf2                         0x08001b11   Thumb Code   316  rredf.o(i.__mathlib_rredf2)
    __scatterload_copy                       0x08001c65   Thumb Code    14  handlers.o(i.__scatterload_copy)
    __scatterload_null                       0x08001c73   Thumb Code     2  handlers.o(i.__scatterload_null)
    __scatterload_zeroinit                   0x08001c75   Thumb Code    14  handlers.o(i.__scatterload_zeroinit)
    __set_errno                              0x08001c85   Thumb Code     6  errno.o(i.__set_errno)
    main                                     0x08001ef1   Thumb Code    34  main.o(i.main)
    Region$$Table$$Base                      0x080025c8   Number         0  anon$$obj.o(Region$$Table)
    Region$$Table$$Limit                     0x080025e8   Number         0  anon$$obj.o(Region$$Table)
    SystemCoreClock                          0x20000000   Data           4  system_stm32f4xx.o(.data)
    AHBPrescTable                            0x20000004   Data          16  system_stm32f4xx.o(.data)
    g_ms_ticks                               0x20000024   Data           4  bsp_clock.o(.data)
    __initial_sp                             0x20001360   Data           0  startup_stm32f40xx.o(STACK)



==============================================================================

Memory Map of the image

  Image Entry point : 0x08000189

  Load Region LR_IROM1 (Base: 0x08000000, Size: 0x00002650, Max: 0x00100000, ABSOLUTE)

    Execution Region ER_IROM1 (Exec base: 0x08000000, Load base: 0x08000000, Size: 0x000025e8, Max: 0x00100000, ABSOLUTE)

    Exec Addr    Load Addr    Size         Type   Attr      Idx    E Section Name        Object

    0x08000000   0x08000000   0x00000188   Data   RO            3    RESET               startup_stm32f40xx.o
    0x08000188   0x08000188   0x00000000   Code   RO         5412  * .ARM.Collect$$$$00000000  mc_w.l(entry.o)
    0x08000188   0x08000188   0x00000004   Code   RO         5466    .ARM.Collect$$$$00000001  mc_w.l(entry2.o)
    0x0800018c   0x0800018c   0x00000004   Code   RO         5469    .ARM.Collect$$$$00000004  mc_w.l(entry5.o)
    0x08000190   0x08000190   0x00000000   Code   RO         5471    .ARM.Collect$$$$00000008  mc_w.l(entry7b.o)
    0x08000190   0x08000190   0x00000000   Code   RO         5473    .ARM.Collect$$$$0000000A  mc_w.l(entry8b.o)
    0x08000190   0x08000190   0x00000008   Code   RO         5474    .ARM.Collect$$$$0000000B  mc_w.l(entry9a.o)
    0x08000198   0x08000198   0x00000004   Code   RO         5481    .ARM.Collect$$$$0000000E  mc_w.l(entry12b.o)
    0x0800019c   0x0800019c   0x00000000   Code   RO         5476    .ARM.Collect$$$$0000000F  mc_w.l(entry10a.o)
    0x0800019c   0x0800019c   0x00000000   Code   RO         5478    .ARM.Collect$$$$00000011  mc_w.l(entry11a.o)
    0x0800019c   0x0800019c   0x00000004   Code   RO         5467    .ARM.Collect$$$$00002712  mc_w.l(entry2.o)
    0x080001a0   0x080001a0   0x00000024   Code   RO            4    .text               startup_stm32f40xx.o
    0x080001c4   0x080001c4   0x00000024   Code   RO         5415    .text               mc_w.l(memcpya.o)
    0x080001e8   0x080001e8   0x00000000   Code   RO         5496    .text               mc_w.l(iusefp.o)
    0x080001e8   0x080001e8   0x00000024   Code   RO         5507    .text               mc_w.l(init.o)
    0x0800020c   0x0800020c   0x00000040   Code   RO         5272    i.APP_Init          app.o
    0x0800024c   0x0800024c   0x00000028   Code   RO         5274    i.APP_Step          app.o
    0x08000274   0x08000274   0x0000003c   Code   RO         4879    i.BEEP_GPIO_Config  bsp_beep.o
    0x080002b0   0x080002b0   0x00000084   Code   RO         4906    i.BSP_Clock_Init    bsp_clock.o
    0x08000334   0x08000334   0x00000016   Code   RO         4907    i.BSP_DelayMs       bsp_clock.o
    0x0800034a   0x0800034a   0x00000002   PAD
    0x0800034c   0x0800034c   0x00000048   Code   RO         4908    i.BSP_Micros        bsp_clock.o
    0x08000394   0x08000394   0x0000000c   Code   RO         4909    i.BSP_Millis        bsp_clock.o
    0x080003a0   0x080003a0   0x000000d4   Code   RO         5059    i.BSP_SPI_Init      bsp_spi.o
    0x08000474   0x08000474   0x00000118   Code   RO         5060    i.BSP_SPI_SendFrame  bsp_spi.o
    0x0800058c   0x0800058c   0x00000034   Code   RO         4910    i.BSP_SysTick_Init  bsp_clock.o
    0x080005c0   0x080005c0   0x00000020   Code   RO         5096    i.BSP_Timer_Init    bsp_timer.o
    0x080005e0   0x080005e0   0x00000064   Code   RO         5098    i.BSP_Timer_SetRate  bsp_timer.o
    0x08000644   0x08000644   0x00000028   Code   RO         5099    i.BSP_Timer_Start   bsp_timer.o
    0x0800066c   0x0800066c   0x0000001c   Code   RO         5100    i.BSP_Timer_Stop    bsp_timer.o
    0x08000688   0x08000688   0x00000014   Code   RO         5101    i.BSP_Timer_TakeRequests  bsp_timer.o
    0x0800069c   0x0800069c   0x00000034   Code   RO         4967    i.BSP_UART_GetByte  bsp_uart.o
    0x080006d0   0x080006d0   0x000000bc   Code   RO         4968    i.BSP_UART_Init     bsp_uart.o
    0x0800078c   0x0800078c   0x0000004c   Code   RO         4972    i.BSP_UART_Send     bsp_uart.o
    0x080007d8   0x080007d8   0x0000001c   Code   RO         4973    i.BSP_UART_TX_Avail  bsp_uart.o
    0x080007f4   0x080007f4   0x00000002   Code   RO         4810    i.BusFault_Handler  stm32f4xx_it.o
    0x080007f6   0x080007f6   0x00000002   Code   RO         4811    i.DebugMon_Handler  stm32f4xx_it.o
    0x080007f8   0x080007f8   0x00000020   Code   RO         1410    i.FLASH_DataCacheCmd  stm32f4xx_flash.o
    0x08000818   0x08000818   0x00000020   Code   RO         1419    i.FLASH_InstructionCacheCmd  stm32f4xx_flash.o
    0x08000838   0x08000838   0x00000020   Code   RO         1441    i.FLASH_PrefetchBufferCmd  stm32f4xx_flash.o
    0x08000858   0x08000858   0x0000000c   Code   RO         1446    i.FLASH_SetLatency  stm32f4xx_flash.o
    0x08000864   0x08000864   0x0000007c   Code   RO         1857    i.GPIO_Init         stm32f4xx_gpio.o
    0x080008e0   0x080008e0   0x00000020   Code   RO         1858    i.GPIO_PinAFConfig  stm32f4xx_gpio.o
    0x08000900   0x08000900   0x00000004   Code   RO         1864    i.GPIO_ResetBits    stm32f4xx_gpio.o
    0x08000904   0x08000904   0x00000004   Code   RO         1865    i.GPIO_SetBits      stm32f4xx_gpio.o
    0x08000908   0x08000908   0x00000002   Code   RO         4812    i.HardFault_Handler  stm32f4xx_it.o
    0x0800090a   0x0800090a   0x00000002   Code   RO         4813    i.MemManage_Handler  stm32f4xx_it.o
    0x0800090c   0x0800090c   0x00000002   Code   RO         4814    i.NMI_Handler       stm32f4xx_it.o
    0x0800090e   0x0800090e   0x00000002   PAD
    0x08000910   0x08000910   0x00000068   Code   RO          155    i.NVIC_Init         misc.o
    0x08000978   0x08000978   0x00000002   Code   RO         4815    i.PendSV_Handler    stm32f4xx_it.o
    0x0800097a   0x0800097a   0x00000078   Code   RO         5169    i.Proto_BuildFrame  proto.o
    0x080009f2   0x080009f2   0x0000003a   Code   RO         5170    i.Proto_CRC16       proto.o
    0x08000a2c   0x08000a2c   0x0000001c   Code   RO         2561    i.RCC_AHB1PeriphClockCmd  stm32f4xx_rcc.o
    0x08000a48   0x08000a48   0x0000001c   Code   RO         2570    i.RCC_APB1PeriphClockCmd  stm32f4xx_rcc.o
    0x08000a64   0x08000a64   0x0000001c   Code   RO         2572    i.RCC_APB1PeriphResetCmd  stm32f4xx_rcc.o
    0x08000a80   0x08000a80   0x0000001c   Code   RO         2573    i.RCC_APB2PeriphClockCmd  stm32f4xx_rcc.o
    0x08000a9c   0x08000a9c   0x0000001c   Code   RO         2575    i.RCC_APB2PeriphResetCmd  stm32f4xx_rcc.o
    0x08000ab8   0x08000ab8   0x00000054   Code   RO         2581    i.RCC_DeInit        stm32f4xx_rcc.o
    0x08000b0c   0x08000b0c   0x000000a4   Code   RO         2582    i.RCC_GetClocksFreq  stm32f4xx_rcc.o
    0x08000bb0   0x08000bb0   0x00000038   Code   RO         2583    i.RCC_GetFlagStatus  stm32f4xx_rcc.o
    0x08000be8   0x08000be8   0x00000010   Code   RO         2585    i.RCC_GetSYSCLKSource  stm32f4xx_rcc.o
    0x08000bf8   0x08000bf8   0x00000014   Code   RO         2586    i.RCC_HCLKConfig    stm32f4xx_rcc.o
    0x08000c0c   0x08000c0c   0x0000000c   Code   RO         2588    i.RCC_HSICmd        stm32f4xx_rcc.o
    0x08000c18   0x08000c18   0x00000014   Code   RO         2597    i.RCC_PCLK1Config   stm32f4xx_rcc.o
    0x08000c2c   0x08000c2c   0x00000014   Code   RO         2598    i.RCC_PCLK2Config   stm32f4xx_rcc.o
    0x08000c40   0x08000c40   0x0000000c   Code   RO         2599    i.RCC_PLLCmd        stm32f4xx_rcc.o
    0x08000c4c   0x08000c4c   0x00000024   Code   RO         2600    i.RCC_PLLConfig     stm32f4xx_rcc.o
    0x08000c70   0x08000c70   0x00000014   Code   RO         2611    i.RCC_SYSCLKConfig  stm32f4xx_rcc.o
    0x08000c84   0x08000c84   0x000001fc   Code   RO         5190    i.SIM_Generate      sim.o
    0x08000e80   0x08000e80   0x00000090   Code   RO         5191    i.SIM_Init          sim.o
    0x08000f10   0x08000f10   0x00000064   Code   RO         5192    i.SIM_Reset         sim.o
    0x08000f74   0x08000f74   0x00000018   Code   RO         3719    i.SPI_Cmd           stm32f4xx_spi.o
    0x08000f8c   0x08000f8c   0x0000000e   Code   RO         3727    i.SPI_I2S_GetFlagStatus  stm32f4xx_spi.o
    0x08000f9a   0x08000f9a   0x00000004   Code   RO         3730    i.SPI_I2S_ReceiveData  stm32f4xx_spi.o
    0x08000f9e   0x08000f9e   0x00000004   Code   RO         3731    i.SPI_I2S_SendData  stm32f4xx_spi.o
    0x08000fa2   0x08000fa2   0x00000038   Code   RO         3732    i.SPI_Init          stm32f4xx_spi.o
    0x08000fda   0x08000fda   0x00000002   Code   RO         4816    i.SVC_Handler       stm32f4xx_it.o
    0x08000fdc   0x08000fdc   0x000000b8   Code   RO           13    i.SetSysClock       system_stm32f4xx.o
    0x08001094   0x08001094   0x00000010   Code   RO         4911    i.SysTick_Handler   bsp_clock.o
    0x080010a4   0x080010a4   0x0000005c   Code   RO           15    i.SystemInit        system_stm32f4xx.o
    0x08001100   0x08001100   0x0000003c   Code   RO         5102    i.TIM2_IRQHandler   bsp_timer.o
    0x0800113c   0x0800113c   0x00000006   Code   RO         3951    i.TIM_ClearFlag     stm32f4xx_tim.o
    0x08001142   0x08001142   0x00000006   Code   RO         3952    i.TIM_ClearITPendingBit  stm32f4xx_tim.o
    0x08001148   0x08001148   0x00000018   Code   RO         3957    i.TIM_Cmd           stm32f4xx_tim.o
    0x08001160   0x08001160   0x000001ac   Code   RO         3962    i.TIM_DeInit        stm32f4xx_tim.o
    0x0800130c   0x0800130c   0x00000018   Code   RO         3978    i.TIM_GetITStatus   stm32f4xx_tim.o
    0x08001324   0x08001324   0x00000014   Code   RO         3982    i.TIM_ITConfig      stm32f4xx_tim.o
    0x08001338   0x08001338   0x00000004   Code   RO         4023    i.TIM_SetCounter    stm32f4xx_tim.o
    0x0800133c   0x0800133c   0x0000007c   Code   RO         4029    i.TIM_TimeBaseInit  stm32f4xx_tim.o
    0x080013b8   0x080013b8   0x00000094   Code   RO         4975    i.USART1_IRQHandler  bsp_uart.o
    0x0800144c   0x0800144c   0x00000018   Code   RO         4511    i.USART_Cmd         stm32f4xx_usart.o
    0x08001464   0x08001464   0x0000000e   Code   RO         4514    i.USART_GetFlagStatus  stm32f4xx_usart.o
    0x08001472   0x08001472   0x00000040   Code   RO         4515    i.USART_GetITStatus  stm32f4xx_usart.o
    0x080014b2   0x080014b2   0x00000036   Code   RO         4517    i.USART_ITConfig    stm32f4xx_usart.o
    0x080014e8   0x080014e8   0x000000bc   Code   RO         4518    i.USART_Init        stm32f4xx_usart.o
    0x080015a4   0x080015a4   0x00000008   Code   RO         4525    i.USART_ReceiveData  stm32f4xx_usart.o
    0x080015ac   0x080015ac   0x00000008   Code   RO         4528    i.USART_SendData    stm32f4xx_usart.o
    0x080015b4   0x080015b4   0x00000002   Code   RO         4817    i.UsageFault_Handler  stm32f4xx_it.o
    0x080015b6   0x080015b6   0x00000026   Code   RO         5447    i.__ARM_fpclassifyf  m_wm.l(fpclassifyf.o)
    0x080015dc   0x080015dc   0x00000150   Code   RO         5356    i.__hardfp_cosf     m_wm.l(cosf.o)
    0x0800172c   0x0800172c   0x00000070   Code   RO         5368    i.__hardfp_floorf   m_wm.l(floorf.o)
    0x0800179c   0x0800179c   0x0000016c   Code   RO         5374    i.__hardfp_logf     m_wm.l(logf.o)
    0x08001908   0x08001908   0x00000190   Code   RO         5388    i.__hardfp_sinf     m_wm.l(sinf.o)
    0x08001a98   0x08001a98   0x0000003a   Code   RO         5400    i.__hardfp_sqrtf    m_wm.l(sqrtf.o)
    0x08001ad2   0x08001ad2   0x00000002   PAD
    0x08001ad4   0x08001ad4   0x00000014   Code   RO         5449    i.__mathlib_flt_divzero  m_wm.l(funder.o)
    0x08001ae8   0x08001ae8   0x00000006   Code   RO         5450    i.__mathlib_flt_infnan  m_wm.l(funder.o)
    0x08001aee   0x08001aee   0x00000002   PAD
    0x08001af0   0x08001af0   0x00000010   Code   RO         5452    i.__mathlib_flt_invalid  m_wm.l(funder.o)
    0x08001b00   0x08001b00   0x00000010   Code   RO         5455    i.__mathlib_flt_underflow  m_wm.l(funder.o)
    0x08001b10   0x08001b10   0x00000154   Code   RO         5463    i.__mathlib_rredf2  m_wm.l(rredf.o)
    0x08001c64   0x08001c64   0x0000000e   Code   RO         5521    i.__scatterload_copy  mc_w.l(handlers.o)
    0x08001c72   0x08001c72   0x00000002   Code   RO         5522    i.__scatterload_null  mc_w.l(handlers.o)
    0x08001c74   0x08001c74   0x0000000e   Code   RO         5523    i.__scatterload_zeroinit  mc_w.l(handlers.o)
    0x08001c82   0x08001c82   0x00000002   PAD
    0x08001c84   0x08001c84   0x0000000c   Code   RO         5491    i.__set_errno       mc_w.l(errno.o)
    0x08001c90   0x08001c90   0x00000044   Code   RO         5275    i.cfg_load_default  app.o
    0x08001cd4   0x08001cd4   0x00000010   Code   RO         5193    i.clamp_i32         sim.o
    0x08001ce4   0x08001ce4   0x00000010   Code   RO         5194    i.clamp_u32         sim.o
    0x08001cf4   0x08001cf4   0x0000017c   Code   RO         5276    i.dispatch_cmd      app.o
    0x08001e70   0x08001e70   0x00000020   Code   RO         5195    i.frand             sim.o
    0x08001e90   0x08001e90   0x00000060   Code   RO         5196    i.gauss             sim.o
    0x08001ef0   0x08001ef0   0x00000022   Code   RO         4765    i.main              main.o
    0x08001f12   0x08001f12   0x00000002   PAD
    0x08001f14   0x08001f14   0x0000022c   Code   RO         5197    i.motion_pos        sim.o
    0x08002140   0x08002140   0x000000f0   Code   RO         5198    i.motion_value      sim.o
    0x08002230   0x08002230   0x0000009c   Code   RO         5277    i.process_running   app.o
    0x080022cc   0x080022cc   0x00000010   Code   RO         4976    i.ring_next         bsp_uart.o
    0x080022dc   0x080022dc   0x0000016c   Code   RO         5278    i.rx_feed           app.o
    0x08002448   0x08002448   0x0000000c   Code   RO         5279    i.rx_reset          app.o
    0x08002454   0x08002454   0x0000003c   Code   RO         5280    i.send_ack          app.o
    0x08002490   0x08002490   0x00000048   Code   RO         5281    i.send_frame        app.o
    0x080024d8   0x080024d8   0x00000068   Code   RO         5282    i.send_status       app.o
    0x08002540   0x08002540   0x00000010   Code   RO         4977    i.uart_kick_tx      bsp_uart.o
    0x08002550   0x08002550   0x00000018   Code   RO         5199    i.xorshift32        sim.o
    0x08002568   0x08002568   0x00000040   Data   RO         5377    .constdata          m_wm.l(logf.o)
    0x080025a8   0x080025a8   0x00000020   Data   RO         5464    .constdata          m_wm.l(rredf.o)
    0x080025c8   0x080025c8   0x00000020   Data   RO         5519    Region$$Table       anon$$obj.o


    Execution Region RW_IRAM1 (Exec base: 0x20000000, Load base: 0x080025e8, Size: 0x00001360, Max: 0x00020000, ABSOLUTE)

    Exec Addr    Load Addr    Size         Type   Attr      Idx    E Section Name        Object

    0x20000000   0x080025e8   0x00000014   Data   RW           16    .data               system_stm32f4xx.o
    0x20000014   0x080025fc   0x00000010   Data   RW         2614    .data               stm32f4xx_rcc.o
    0x20000024   0x0800260c   0x00000004   Data   RW         4912    .data               bsp_clock.o
    0x20000028   0x08002610   0x0000000c   Data   RW         5103    .data               bsp_timer.o
    0x20000034   0x0800261c   0x00000004   Data   RW         5201    .data               sim.o
    0x20000038   0x08002620   0x0000002c   Data   RW         5284    .data               app.o
    0x20000064   0x0800264c   0x00000004   Data   RW         5492    .data               mc_w.l(errno.o)
    0x20000068        -       0x00000808   Zero   RW         4978    .bss                bsp_uart.o
    0x20000870        -       0x00000080   Zero   RW         5200    .bss                sim.o
    0x200008f0        -       0x0000066c   Zero   RW         5283    .bss                app.o
    0x20000f5c   0x08002650   0x00000004   PAD
    0x20000f60        -       0x00000400   Zero   RW            1    STACK               startup_stm32f40xx.o


==============================================================================

Image component sizes


      Code (inc. data)   RO Data    RW Data    ZI Data      Debug   Object Name

      1320        122          0         44       1644       9242   app.o
        60          4          0          0          0        591   bsp_beep.o
       306         44          0          4          0      30450   bsp_clock.o
       492         16          0          0          0       2703   bsp_spi.o
       280         36          0         12          0      30606   bsp_timer.o
       524         44          0          0       2056       5711   bsp_uart.o
        34          0          0          0          0       2435   main.o
       104          6          0          0          0       1280   misc.o
       178          0          0          0          0       2165   proto.o
      1732        196          0          4        128       9006   sim.o
        36          8        392          0       1024        988   startup_stm32f40xx.o
       108         24          0          0          0       2626   stm32f4xx_flash.o
       164          0          0          0          0       3399   stm32f4xx_gpio.o
        16          0          0          0          0       4008   stm32f4xx_it.o
       600        112          0         16          0      13562   stm32f4xx_rcc.o
       102          0          0          0          0       4170   stm32f4xx_spi.o
       636         80          0          0          0       7204   stm32f4xx_tim.o
       360          8          0          0          0       6601   stm32f4xx_usart.o
       276         34          0         20          0     302549   system_stm32f4xx.o

    ----------------------------------------------------------------------
      7334        734        424        100       4856     439296   Object Totals
         0          0         32          0          0          0   (incl. Generated)
         6          0          0          0          4          0   (incl. Padding)

    ----------------------------------------------------------------------

      Code (inc. data)   RO Data    RW Data    ZI Data      Debug   Library Member Name

       336         56          0          0          0        136   cosf.o
       112         14          0          0          0        116   floorf.o
        38          0          0          0          0        116   fpclassifyf.o
        58         18          0          0          0        464   funder.o
       364         44         64          0          0        140   logf.o
       340         24         32          0          0        160   rredf.o
       400         56          0          0          0        212   sinf.o
        58          0          0          0          0        136   sqrtf.o
         0          0          0          0          0          0   entry.o
         0          0          0          0          0          0   entry10a.o
         0          0          0          0          0          0   entry11a.o
         4          0          0          0          0          0   entry12b.o
         8          4          0          0          0          0   entry2.o
         4          0          0          0          0          0   entry5.o
         0          0          0          0          0          0   entry7b.o
         0          0          0          0          0          0   entry8b.o
         8          4          0          0          0          0   entry9a.o
        12          6          0          4          0         68   errno.o
        30          0          0          0          0          0   handlers.o
        36          8          0          0          0         68   init.o
         0          0          0          0          0          0   iusefp.o
        36          0          0          0          0         68   memcpya.o

    ----------------------------------------------------------------------
      1850        234         96          4          0       1684   Library Totals
         6          0          0          0          0          0   (incl. Padding)

    ----------------------------------------------------------------------

      Code (inc. data)   RO Data    RW Data    ZI Data      Debug   Library Name

      1706        212         96          0          0       1480   m_wm.l
       138         22          0          4          0        204   mc_w.l

    ----------------------------------------------------------------------
      1850        234         96          4          0       1684   Library Totals

    ----------------------------------------------------------------------

==============================================================================


      Code (inc. data)   RO Data    RW Data    ZI Data      Debug   

      9184        968        520        104       4856     430784   Grand Totals
      9184        968        520        104       4856     430784   ELF Image Totals
      9184        968        520        104          0          0   ROM Totals

==============================================================================

    Total RO  Size (Code + RO Data)                 9704 (   9.48kB)
    Total RW  Size (RW Data + ZI Data)              4960 (   4.84kB)
    Total ROM Size (Code + RO Data + RW Data)       9808 (   9.58kB)

==============================================================================

